Component: ARM Compiler 5.05 update 2 (build 169) Tool: armlink [4d0f33]

==============================================================================

Section Cross References

    startup_stm32f103xe.o(RESET) refers to startup_stm32f103xe.o(STACK) for __initial_sp
    startup_stm32f103xe.o(RESET) refers to startup_stm32f103xe.o(.text) for Reset_Handler
    startup_stm32f103xe.o(RESET) refers to stm32f1xx_it.o(i.NMI_Handler) for NMI_Handler
    startup_stm32f103xe.o(RESET) refers to stm32f1xx_it.o(i.HardFault_Handler) for HardFault_Handler
    startup_stm32f103xe.o(RESET) refers to stm32f1xx_it.o(i.MemManage_Handler) for MemManage_Handler
    startup_stm32f103xe.o(RESET) refers to stm32f1xx_it.o(i.BusFault_Handler) for BusFault_Handler
    startup_stm32f103xe.o(RESET) refers to stm32f1xx_it.o(i.UsageFault_Handler) for UsageFault_Handler
    startup_stm32f103xe.o(RESET) refers to stm32f1xx_it.o(i.SVC_Handler) for SVC_Handler
    startup_stm32f103xe.o(RESET) refers to stm32f1xx_it.o(i.DebugMon_Handler) for DebugMon_Handler
    startup_stm32f103xe.o(RESET) refers to stm32f1xx_it.o(i.PendSV_Handler) for PendSV_Handler
    startup_stm32f103xe.o(RESET) refers to stm32f1xx_it.o(i.SysTick_Handler) for SysTick_Handler
    startup_stm32f103xe.o(RESET) refers to stm32f1xx_it.o(i.USART1_IRQHandler) for USART1_IRQHandler
    startup_stm32f103xe.o(RESET) refers to stm32f1xx_it.o(i.USART2_IRQHandler) for USART2_IRQHandler
    startup_stm32f103xe.o(RESET) refers to stm32f1xx_it.o(i.USART3_IRQHandler) for USART3_IRQHandler
    startup_stm32f103xe.o(RESET) refers to stm32f1xx_it.o(i.TIM5_IRQHandler) for TIM5_IRQHandler
    startup_stm32f103xe.o(RESET) refers to stm32f1xx_it.o(i.TIM6_IRQHandler) for TIM6_IRQHandler
    startup_stm32f103xe.o(.text) refers to system_stm32f1xx.o(i.SystemInit) for SystemInit
    startup_stm32f103xe.o(.text) refers to entry.o(.ARM.Collect$$$$00000000) for __main
    control.o(i.barrierScan) refers to stm32f1xx_hal_gpio.o(i.HAL_GPIO_ReadPin) for HAL_GPIO_ReadPin
    control.o(i.barrierScan) refers to stm32f1xx_hal.o(i.HAL_Delay) for HAL_Delay
    control.o(i.barrierScan) refers to stm32f1xx_hal_gpio.o(i.HAL_GPIO_WritePin) for HAL_GPIO_WritePin
    control.o(i.barrierScan) refers to control.o(i.sendEnd) for sendEnd
    control.o(i.barrierScan) refers to printfa.o(i.__0printf) for __2printf
    control.o(i.barrierScan) refers to ffixui.o(.text) for __aeabi_f2uiz
    control.o(i.barrierScan) refers to main.o(.data) for probeStatus
    control.o(i.barrierScan) refers to control.o(.data) for .data
    control.o(i.barrierScan) refers to main.o(.data) for carDistance
    control.o(i.barrierScan) refers to main.o(.bss) for List
    control.o(i.filter) refers to control.o(.data) for .data
    control.o(i.ifInsideOrOutside) refers to control.o(i.filter) for filter
    control.o(i.ifInsideOrOutside) refers to stm32f1xx_hal_gpio.o(i.HAL_GPIO_WritePin) for HAL_GPIO_WritePin
    control.o(i.ifInsideOrOutside) refers to printfa.o(i.__0printf) for __2printf
    control.o(i.ifInsideOrOutside) refers to control.o(i.sendEnd) for sendEnd
    control.o(i.ifInsideOrOutside) refers to control.o(.bss) for .bss
    control.o(i.ifInsideOrOutside) refers to control.o(.data) for .data
    control.o(i.sendEnd) refers to printfa.o(i.__0printf) for __2printf
    control.o(i.updateData) refers to control.o(i.sendEnd) for sendEnd
    control.o(i.updateData) refers to printfa.o(i.__0printf) for __2printf
    control.o(i.updateData) refers to f2d.o(.text) for __aeabi_f2d
    control.o(i.updateData) refers to stm32f1xx_hal_gpio.o(i.HAL_GPIO_WritePin) for HAL_GPIO_WritePin
    control.o(i.updateData) refers to main.o(.data) for Time_Sec
    control.o(i.updateData) refers to main.o(.data) for Height
    control.o(i.updateData) refers to main.o(.data) for carStatus
    control.o(i.updateData) refers to main.o(.data) for sendListFlag
    control.o(i.updateData) refers to main.o(.data) for sendListPage
    control.o(i.updateData) refers to main.o(.bss) for List
    main.o(i.Buffercmp) refers to printfa.o(i.__0printf) for __2printf
    main.o(i.HAL_TIM_IC_CaptureCallback) refers to stm32f1xx_hal_tim.o(i.HAL_TIM_ReadCapturedValue) for HAL_TIM_ReadCapturedValue
    main.o(i.HAL_TIM_IC_CaptureCallback) refers to stm32f1xx_hal_tim.o(i.HAL_TIM_IC_ConfigChannel) for HAL_TIM_IC_ConfigChannel
    main.o(i.HAL_TIM_IC_CaptureCallback) refers to stm32f1xx_hal_tim.o(i.HAL_TIM_IC_Start_IT) for HAL_TIM_IC_Start_IT
    main.o(i.HAL_TIM_IC_CaptureCallback) refers to main.o(.data) for .data
    main.o(i.HAL_TIM_IC_CaptureCallback) refers to tim.o(.bss) for htim5
    main.o(i.HAL_TIM_PeriodElapsedCallback) refers to fadd.o(.text) for __aeabi_fadd
    main.o(i.HAL_TIM_PeriodElapsedCallback) refers to printfa.o(i.__0printf) for __2printf
    main.o(i.HAL_TIM_PeriodElapsedCallback) refers to main.o(.data) for .data
    main.o(i.SD_EraseTest) refers to stm32f1xx_hal_sd.o(i.HAL_SD_Erase) for HAL_SD_Erase
[...]
    ../clib/microlib/init/entry.s            0x00000000   Number         0  entry7b.o ABSOLUTE
    ../clib/microlib/init/entry.s            0x00000000   Number         0  entry.o ABSOLUTE
    ../clib/microlib/init/entry.s            0x00000000   Number         0  entry10b.o ABSOLUTE
    ../clib/microlib/init/entry.s            0x00000000   Number         0  entry10a.o ABSOLUTE
    ../clib/microlib/init/entry.s            0x00000000   Number         0  entry11b.o ABSOLUTE
    ../clib/microlib/init/entry.s            0x00000000   Number         0  entry9b.o ABSOLUTE
    ../clib/microlib/init/entry.s            0x00000000   Number         0  entry9a.o ABSOLUTE
    ../clib/microlib/init/entry.s            0x00000000   Number         0  entry11a.o ABSOLUTE
    ../clib/microlib/longlong.c              0x00000000   Number         0  llsshr.o ABSOLUTE
    ../clib/microlib/longlong.c              0x00000000   Number         0  llshl.o ABSOLUTE
    ../clib/microlib/longlong.c              0x00000000   Number         0  llushr.o ABSOLUTE
    ../clib/microlib/printf/printf.c         0x00000000   Number         0  printf6.o ABSOLUTE
    ../clib/microlib/printf/printf.c         0x00000000   Number         0  printf7.o ABSOLUTE
    ../clib/microlib/printf/printf.c         0x00000000   Number         0  printf8.o ABSOLUTE
    ../clib/microlib/printf/printf.c         0x00000000   Number         0  printfa.o ABSOLUTE
    ../clib/microlib/printf/printf.c         0x00000000   Number         0  printf2.o ABSOLUTE
    ../clib/microlib/printf/printf.c         0x00000000   Number         0  printfb.o ABSOLUTE
    ../clib/microlib/printf/printf.c         0x00000000   Number         0  printf0.o ABSOLUTE
    ../clib/microlib/printf/printf.c         0x00000000   Number         0  printf1.o ABSOLUTE
    ../clib/microlib/printf/printf.c         0x00000000   Number         0  printf3.o ABSOLUTE
    ../clib/microlib/printf/printf.c         0x00000000   Number         0  printf4.o ABSOLUTE
    ../clib/microlib/printf/printf.c         0x00000000   Number         0  printf5.o ABSOLUTE
    ../clib/microlib/printf/stubs.s          0x00000000   Number         0  stubs.o ABSOLUTE
    ../clib/microlib/stdio/streams.c         0x00000000   Number         0  stdout.o ABSOLUTE
    ../clib/microlib/string/memset.c         0x00000000   Number         0  memseta.o ABSOLUTE
    ../clib/microlib/stubs.s                 0x00000000   Number         0  iusefp.o ABSOLUTE
    ../fplib/microlib/d2f.c                  0x00000000   Number         0  d2f.o ABSOLUTE
    ../fplib/microlib/f2d.c                  0x00000000   Number         0  f2d.o ABSOLUTE
    ../fplib/microlib/fpadd.c                0x00000000   Number         0  dadd.o ABSOLUTE
    ../fplib/microlib/fpadd.c                0x00000000   Number         0  fadd.o ABSOLUTE
    ../fplib/microlib/fpdiv.c                0x00000000   Number         0  fdiv.o ABSOLUTE
    ../fplib/microlib/fpdiv.c                0x00000000   Number         0  ddiv.o ABSOLUTE
    ../fplib/microlib/fpepilogue.c           0x00000000   Number         0  fepilogue.o ABSOLUTE
    ../fplib/microlib/fpepilogue.c           0x00000000   Number         0  depilogue.o ABSOLUTE
    ../fplib/microlib/fpfix.c                0x00000000   Number         0  ffixui.o ABSOLUTE
    ../fplib/microlib/fpfix.c                0x00000000   Number         0  dfixul.o ABSOLUTE
    ../fplib/microlib/fpflt.c                0x00000000   Number         0  dfltui.o ABSOLUTE
    ../fplib/microlib/fpmul.c                0x00000000   Number         0  dmul.o ABSOLUTE
    ..\Drivers\STM32F1xx_HAL_Driver\Src\stm32f1xx_hal.c 0x00000000   Number         0  stm32f1xx_hal.o ABSOLUTE
    ..\Drivers\STM32F1xx_HAL_Driver\Src\stm32f1xx_hal_cortex.c 0x00000000   Number         0  stm32f1xx_hal_cortex.o ABSOLUTE
    ..\Drivers\STM32F1xx_HAL_Driver\Src\stm32f1xx_hal_dma.c 0x00000000   Number         0  stm32f1xx_hal_dma.o ABSOLUTE
    ..\Drivers\STM32F1xx_HAL_Driver\Src\stm32f1xx_hal_flash.c 0x00000000   Number         0  stm32f1xx_hal_flash.o ABSOLUTE
    ..\Drivers\STM32F1xx_HAL_Driver\Src\stm32f1xx_hal_flash_ex.c 0x00000000   Number         0  stm32f1xx_hal_flash_ex.o ABSOLUTE
    ..\Drivers\STM32F1xx_HAL_Driver\Src\stm32f1xx_hal_gpio.c 0x00000000   Number         0  stm32f1xx_hal_gpio.o ABSOLUTE
    ..\Drivers\STM32F1xx_HAL_Driver\Src\stm32f1xx_hal_gpio_ex.c 0x00000000   Number         0  stm32f1xx_hal_gpio_ex.o ABSOLUTE
    ..\Drivers\STM32F1xx_HAL_Driver\Src\stm32f1xx_hal_pwr.c 0x00000000   Number         0  stm32f1xx_hal_pwr.o ABSOLUTE
    ..\Drivers\STM32F1xx_HAL_Driver\Src\stm32f1xx_hal_rcc.c 0x00000000   Number         0  stm32f1xx_hal_rcc.o ABSOLUTE
    ..\Drivers\STM32F1xx_HAL_Driver\Src\stm32f1xx_hal_rcc_ex.c 0x00000000   Number         0  stm32f1xx_hal_rcc_ex.o ABSOLUTE
    ..\Drivers\STM32F1xx_HAL_Driver\Src\stm32f1xx_hal_sd.c 0x00000000   Number         0  stm32f1xx_hal_sd.o ABSOLUTE
    ..\Drivers\STM32F1xx_HAL_Driver\Src\stm32f1xx_hal_tim.c 0x00000000   Number         0  stm32f1xx_hal_tim.o ABSOLUTE
    ..\Drivers\STM32F1xx_HAL_Driver\Src\stm32f1xx_hal_tim_ex.c 0x00000000   Number         0  stm32f1xx_hal_tim_ex.o ABSOLUTE
    ..\Drivers\STM32F1xx_HAL_Driver\Src\stm32f1xx_hal_uart.c 0x00000000   Number         0  stm32f1xx_hal_uart.o ABSOLUTE
    ..\Drivers\STM32F1xx_HAL_Driver\Src\stm32f1xx_ll_sdmmc.c 0x00000000   Number         0  stm32f1xx_ll_sdmmc.o ABSOLUTE
    ..\Src\control.c                         0x00000000   Number         0  control.o ABSOLUTE
    ..\Src\gpio.c                            0x00000000   Number         0  gpio.o ABSOLUTE
    ..\Src\main.c                            0x00000000   Number         0  main.o ABSOLUTE
    ..\Src\sdio.c                            0x00000000   Number         0  sdio.o ABSOLUTE
    ..\Src\stm32f1xx_hal_msp.c               0x00000000   Number         0  stm32f1xx_hal_msp.o ABSOLUTE
    ..\Src\stm32f1xx_it.c                    0x00000000   Number         0  stm32f1xx_it.o ABSOLUTE
    ..\Src\tim.c                             0x00000000   Number         0  tim.o ABSOLUTE
    ..\Src\usart.c                           0x00000000   Number         0  usart.o ABSOLUTE
    ..\\Src\\control.c                       0x00000000   Number         0  control.o ABSOLUTE
    ..\\Src\system_stm32f1xx.c               0x00000000   Number         0  system_stm32f1xx.o ABSOLUTE
    cdrcmple.s                               0x00000000   Number         0  cdrcmple.o ABSOLUTE
    dc.s                                     0x00000000   Number         0  dc.o ABSOLUTE
    handlers.s                               0x00000000   Number         0  handlers.o ABSOLUTE
    init.s                                   0x00000000   Number         0  init.o ABSOLUTE
    startup_stm32f103xe.s                    0x00000000   Number         0  startup_stm32f103xe.o ABSOLUTE
    RESET                                    0x08000000   Section      304  startup_stm32f103xe.o(RESET)
    .ARM.Collect$$$$00000000                 0x08000130   Section        0  entry.o(.ARM.Collect$$$$00000000)
    .ARM.Collect$$$$00000001                 0x08000130   Section        4  entry2.o(.ARM.Collect$$$$00000001)
    .ARM.Collect$$$$00000004                 0x08000134   Section        4  entry5.o(.ARM.Collect$$$$00000004)
    .ARM.Collect$$$$00000008                 0x08000138   Section        0  entry7b.o(.ARM.Collect$$$$00000008)
    .ARM.Collect$$$$0000000A                 0x08000138   Section        0  entry8b.o(.ARM.Collect$$$$0000000A)
    .ARM.Collect$$$$0000000B                 0x08000138   Section        8  entry9a.o(.ARM.Collect$$$$0000000B)
    .ARM.Collect$$$$0000000D                 0x08000140   Section        0  entry10a.o(.ARM.Collect$$$$0000000D)
    .ARM.Collect$$$$0000000F                 0x08000140   Section        0  entry11a.o(.ARM.Collect$$$$0000000F)
    .ARM.Collect$$$$00002712                 0x08000140   Section        4  entry2.o(.ARM.Collect$$$$00002712)
    __lit__00000000                          0x08000140   Data           4  entry2.o(.ARM.Collect$$$$00002712)
    .text                                    0x08000144   Section       36  startup_stm32f103xe.o(.text)
    .text                                    0x08000168   Section        0  llushr.o(.text)
    .text                                    0x08000188   Section        0  memseta.o(.text)
    .text                                    0x080001ac   Section        0  fadd.o(.text)
    .text                                    0x0800025c   Section        0  fdiv.o(.text)
    .text                                    0x080002d8   Section        0  dadd.o(.text)
    .text                                    0x08000426   Section        0  ddiv.o(.text)
    .text                                    0x08000504   Section        0  dfltui.o(.text)
    .text                                    0x0800051e   Section        0  ffixui.o(.text)
    .text                                    0x08000546   Section        0  f2d.o(.text)
    .text                                    0x0800056c   Section        0  d2f.o(.text)
    .text                                    0x080005a4   Section        0  uidiv.o(.text)
    .text                                    0x080005d0   Section        0  uldiv.o(.text)
    .text                                    0x08000632   Section        0  llshl.o(.text)
    .text                                    0x08000650   Section        0  llsshr.o(.text)
    .text                                    0x08000674   Section        0  iusefp.o(.text)
    .text                                    0x08000674   Section        0  fepilogue.o(.text)
    .text                                    0x080006e2   Section        0  depilogue.o(.text)
    .text                                    0x0800079c   Section        0  dmul.o(.text)
    .text                                    0x08000880   Section        0  dfixul.o(.text)
    .text                                    0x080008b0   Section       48  cdrcmple.o(.text)
    .text                                    0x080008e0   Section       36  init.o(.text)
    i.Buffercmp                              0x08000904   Section        0  main.o(i.Buffercmp)
    i.BusFault_Handler                       0x0800095c   Section        0  stm32f1xx_it.o(i.BusFault_Handler)
    i.DebugMon_Handler                       0x0800095e   Section        0  stm32f1xx_it.o(i.DebugMon_Handler)
    i.Fill_Buffer                            0x08000960   Section        0  main.o(i.Fill_Buffer)
    i.HAL_DMA_Abort_IT                       0x08000974   Section        0  stm32f1xx_hal_dma.o(i.HAL_DMA_Abort_IT)
    i.HAL_Delay                              0x08000aa4   Section        0  stm32f1xx_hal.o(i.HAL_Delay)
    i.HAL_GPIO_Init                          0x08000ac8   Section        0  stm32f1xx_hal_gpio.o(i.HAL_GPIO_Init)
    i.HAL_GPIO_ReadPin                       0x08000cb0   Section        0  stm32f1xx_hal_gpio.o(i.HAL_GPIO_ReadPin)
    i.HAL_GPIO_TogglePin                     0x08000cba   Section        0  stm32f1xx_hal_gpio.o(i.HAL_GPIO_TogglePin)
    i.HAL_GPIO_WritePin                      0x08000cc2   Section        0  stm32f1xx_hal_gpio.o(i.HAL_GPIO_WritePin)
    i.HAL_GetTick                            0x08000ccc   Section        0  stm32f1xx_hal.o(i.HAL_GetTick)
    i.HAL_IncTick                            0x08000cd8   Section        0  stm32f1xx_hal.o(i.HAL_IncTick)
    i.HAL_Init                               0x08000ce8   Section        0  stm32f1xx_hal.o(i.HAL_Init)
    i.HAL_InitTick                           0x08000d0c   Section        0  stm32f1xx_hal.o(i.HAL_InitTick)
    i.HAL_MspInit                            0x08000d4c   Section        0  stm32f1xx_hal_msp.o(i.HAL_MspInit)
    i.HAL_NVIC_EnableIRQ                     0x08000ddc   Section        0  stm32f1xx_hal_cortex.o(i.HAL_NVIC_EnableIRQ)
    i.HAL_NVIC_SetPriority                   0x08000df4   Section        0  stm32f1xx_hal_cortex.o(i.HAL_NVIC_SetPriority)
    i.HAL_NVIC_SetPriorityGrouping           0x08000e34   Section        0  stm32f1xx_hal_cortex.o(i.HAL_NVIC_SetPriorityGrouping)
    i.HAL_RCC_ClockConfig                    0x08000e58   Section        0  stm32f1xx_hal_rcc.o(i.HAL_RCC_ClockConfig)
    i.HAL_RCC_GetHCLKFreq                    0x08000fac   Section        0  stm32f1xx_hal_rcc.o(i.HAL_RCC_GetHCLKFreq)
    i.HAL_RCC_GetPCLK1Freq                   0x08000fb8   Section        0  stm32f1xx_hal_rcc.o(i.HAL_RCC_GetPCLK1Freq)
    i.HAL_RCC_GetPCLK2Freq                   0x08000fd8   Section        0  stm32f1xx_hal_rcc.o(i.HAL_RCC_GetPCLK2Freq)
    i.HAL_RCC_GetSysClockFreq                0x08000ff8   Section        0  stm32f1xx_hal_rcc.o(i.HAL_RCC_GetSysClockFreq)
    i.HAL_RCC_OscConfig                      0x08001064   Section        0  stm32f1xx_hal_rcc.o(i.HAL_RCC_OscConfig)
    i.HAL_SD_ConfigWideBusOperation          0x08001368   Section        0  stm32f1xx_hal_sd.o(i.HAL_SD_ConfigWideBusOperation)
    i.HAL_SD_Erase                           0x080013e0   Section        0  stm32f1xx_hal_sd.o(i.HAL_SD_Erase)
    i.HAL_SD_GetCardCSD                      0x08001498   Section        0  stm32f1xx_hal_sd.o(i.HAL_SD_GetCardCSD)
    i.HAL_SD_Init                            0x08001672   Section        0  stm32f1xx_hal_sd.o(i.HAL_SD_Init)
    i.HAL_SD_InitCard                        0x080016a8   Section        0  stm32f1xx_hal_sd.o(i.HAL_SD_InitCard)
    i.HAL_SD_MspInit                         0x080016fc   Section        0  sdio.o(i.HAL_SD_MspInit)
    i.HAL_SD_ReadBlocks                      0x08001754   Section        0  stm32f1xx_hal_sd.o(i.HAL_SD_ReadBlocks)
    i.HAL_SD_WriteBlocks                     0x08001908   Section        0  stm32f1xx_hal_sd.o(i.HAL_SD_WriteBlocks)
    i.HAL_SYSTICK_CLKSourceConfig            0x08001aa2   Section        0  stm32f1xx_hal_cortex.o(i.HAL_SYSTICK_CLKSourceConfig)
    i.HAL_SYSTICK_Callback                   0x08001aba   Section        0  stm32f1xx_hal_cortex.o(i.HAL_SYSTICK_Callback)
    i.HAL_SYSTICK_Config                     0x08001abc   Section        0  stm32f1xx_hal_cortex.o(i.HAL_SYSTICK_Config)
    i.HAL_SYSTICK_IRQHandler                 0x08001ae4   Section        0  stm32f1xx_hal_cortex.o(i.HAL_SYSTICK_IRQHandler)
    i.HAL_TIMEx_BreakCallback                0x08001aec   Section        0  stm32f1xx_hal_tim_ex.o(i.HAL_TIMEx_BreakCallback)
    i.HAL_TIMEx_CommutationCallback          0x08001aee   Section        0  stm32f1xx_hal_tim_ex.o(i.HAL_TIMEx_CommutationCallback)
    i.HAL_TIMEx_MasterConfigSynchronization  0x08001af0   Section        0  stm32f1xx_hal_tim_ex.o(i.HAL_TIMEx_MasterConfigSynchronization)
    i.HAL_TIM_Base_Init                      0x08001b40   Section        0  stm32f1xx_hal_tim.o(i.HAL_TIM_Base_Init)
    i.HAL_TIM_Base_MspInit                   0x08001b78   Section        0  tim.o(i.HAL_TIM_Base_MspInit)
    i.HAL_TIM_Base_Start_IT                  0x08001bf4   Section        0  stm32f1xx_hal_tim.o(i.HAL_TIM_Base_Start_IT)
    i.HAL_TIM_ConfigClockSource              0x08001c0c   Section        0  stm32f1xx_hal_tim.o(i.HAL_TIM_ConfigClockSource)
    i.HAL_TIM_IC_CaptureCallback             0x08001d00   Section        0  main.o(i.HAL_TIM_IC_CaptureCallback)
    i.HAL_TIM_IC_ConfigChannel               0x08001d7c   Section        0  stm32f1xx_hal_tim.o(i.HAL_TIM_IC_ConfigChannel)
    i.HAL_TIM_IC_Init                        0x08001e96   Section        0  stm32f1xx_hal_tim.o(i.HAL_TIM_IC_Init)
    i.HAL_TIM_IC_MspInit                     0x08001ecc   Section        0  stm32f1xx_hal_tim.o(i.HAL_TIM_IC_MspInit)
    i.HAL_TIM_IC_Start_IT                    0x08001ece   Section        0  stm32f1xx_hal_tim.o(i.HAL_TIM_IC_Start_IT)
    i.HAL_TIM_IRQHandler                     0x08001f1a   Section        0  stm32f1xx_hal_tim.o(i.HAL_TIM_IRQHandler)
    i.HAL_TIM_OC_DelayElapsedCallback        0x08002080   Section        0  stm32f1xx_hal_tim.o(i.HAL_TIM_OC_DelayElapsedCallback)
    i.HAL_TIM_PWM_PulseFinishedCallback      0x08002082   Section        0  stm32f1xx_hal_tim.o(i.HAL_TIM_PWM_PulseFinishedCallback)
    i.HAL_TIM_PeriodElapsedCallback          0x08002084   Section        0  main.o(i.HAL_TIM_PeriodElapsedCallback)
    i.HAL_TIM_ReadCapturedValue              0x080020f8   Section        0  stm32f1xx_hal_tim.o(i.HAL_TIM_ReadCapturedValue)
    i.HAL_TIM_TriggerCallback                0x0800213c   Section        0  stm32f1xx_hal_tim.o(i.HAL_TIM_TriggerCallback)
    i.HAL_UART_ErrorCallback                 0x0800213e   Section        0  stm32f1xx_hal_uart.o(i.HAL_UART_ErrorCallback)
    i.HAL_UART_IRQHandler                    0x08002140   Section        0  stm32f1xx_hal_uart.o(i.HAL_UART_IRQHandler)
    i.HAL_UART_Init                          0x08002250   Section        0  stm32f1xx_hal_uart.o(i.HAL_UART_Init)
    i.HAL_UART_MspInit                       0x080022b4   Section        0  usart.o(i.HAL_UART_MspInit)
    i.HAL_UART_Receive_IT                    0x080023b0   Section        0  stm32f1xx_hal_uart.o(i.HAL_UART_Receive_IT)
    i.HAL_UART_RxCpltCallback                0x08002404   Section        0  usart.o(i.HAL_UART_RxCpltCallback)
    i.HAL_UART_Transmit                      0x08002630   Section        0  stm32f1xx_hal_uart.o(i.HAL_UART_Transmit)
    i.HAL_UART_TxCpltCallback                0x080026ea   Section        0  stm32f1xx_hal_uart.o(i.HAL_UART_TxCpltCallback)
    i.HardFault_Handler                      0x080026ec   Section        0  stm32f1xx_it.o(i.HardFault_Handler)
    i.MX_GPIO_Init                           0x080026f0   Section        0  gpio.o(i.MX_GPIO_Init)
    i.MX_SDIO_SD_Init                        0x080027e8   Section        0  sdio.o(i.MX_SDIO_SD_Init)
    i.MX_TIM5_Init                           0x08002844   Section        0  tim.o(i.MX_TIM5_Init)
    i.MX_TIM6_Init                           0x080028e8   Section        0  tim.o(i.MX_TIM6_Init)
    i.MX_USART1_UART_Init                    0x08002940   Section        0  usart.o(i.MX_USART1_UART_Init)
    i.MX_USART2_UART_Init                    0x0800298c   Section        0  usart.o(i.MX_USART2_UART_Init)
    i.MX_USART3_UART_Init                    0x080029d8   Section        0  usart.o(i.MX_USART3_UART_Init)
    i.MemManage_Handler                      0x08002a24   Section        0  stm32f1xx_it.o(i.MemManage_Handler)
    i.NMI_Handler                            0x08002a26   Section        0  stm32f1xx_it.o(i.NMI_Handler)
    i.NVIC_SetPriority                       0x08002a28   Section        0  stm32f1xx_hal_cortex.o(i.NVIC_SetPriority)
    NVIC_SetPriority                         0x08002a29   Thumb Code    32  stm32f1xx_hal_cortex.o(i.NVIC_SetPriority)
    i.PendSV_Handler                         0x08002a48   Section        0  stm32f1xx_it.o(i.PendSV_Handler)
    i.SDIO_ConfigData                        0x08002a4a   Section        0  stm32f1xx_ll_sdmmc.o(i.SDIO_ConfigData)
    i.SDIO_GetPowerState                     0x08002a6e   Section        0  stm32f1xx_ll_sdmmc.o(i.SDIO_GetPowerState)
    i.SDIO_GetResponse                       0x08002a76   Section        0  stm32f1xx_ll_sdmmc.o(i.SDIO_GetResponse)
    i.SDIO_Init                              0x08002a82   Section        0  stm32f1xx_ll_sdmmc.o(i.SDIO_Init)
    i.SDIO_PowerState_ON                     0x08002aa6   Section        0  stm32f1xx_ll_sdmmc.o(i.SDIO_PowerState_ON)
    i.SDIO_ReadFIFO                          0x08002aae   Section        0  stm32f1xx_ll_sdmmc.o(i.SDIO_ReadFIFO)
    i.SDIO_SendCommand                       0x08002ab4   Section        0  stm32f1xx_ll_sdmmc.o(i.SDIO_SendCommand)
    i.SDIO_WriteFIFO                         0x08002ad4   Section        0  stm32f1xx_ll_sdmmc.o(i.SDIO_WriteFIFO)
    i.SDMMC_CmdAppCommand                    0x08002ade   Section        0  stm32f1xx_ll_sdmmc.o(i.SDMMC_CmdAppCommand)
    i.SDMMC_CmdAppOperCommand                0x08002b10   Section        0  stm32f1xx_ll_sdmmc.o(i.SDMMC_CmdAppOperCommand)
    i.SDMMC_CmdBlockLength                   0x08002b44   Section        0  stm32f1xx_ll_sdmmc.o(i.SDMMC_CmdBlockLength)
    i.SDMMC_CmdBusWidth                      0x08002b76   Section        0  stm32f1xx_ll_sdmmc.o(i.SDMMC_CmdBusWidth)
    i.SDMMC_CmdErase                         0x08002ba8   Section        0  stm32f1xx_ll_sdmmc.o(i.SDMMC_CmdErase)
    i.SDMMC_CmdGoIdleState                   0x08002bd8   Section        0  stm32f1xx_ll_sdmmc.o(i.SDMMC_CmdGoIdleState)
    i.SDMMC_CmdOperCond                      0x08002c28   Section        0  stm32f1xx_ll_sdmmc.o(i.SDMMC_CmdOperCond)
    i.SDMMC_CmdReadMultiBlock                0x08002c90   Section        0  stm32f1xx_ll_sdmmc.o(i.SDMMC_CmdReadMultiBlock)
    i.SDMMC_CmdReadSingleBlock               0x08002cc2   Section        0  stm32f1xx_ll_sdmmc.o(i.SDMMC_CmdReadSingleBlock)
    i.SDMMC_CmdSDEraseEndAdd                 0x08002cf4   Section        0  stm32f1xx_ll_sdmmc.o(i.SDMMC_CmdSDEraseEndAdd)
    i.SDMMC_CmdSDEraseStartAdd               0x08002d26   Section        0  stm32f1xx_ll_sdmmc.o(i.SDMMC_CmdSDEraseStartAdd)
    i.SDMMC_CmdSelDesel                      0x08002d58   Section        0  stm32f1xx_ll_sdmmc.o(i.SDMMC_CmdSelDesel)
    i.SDMMC_CmdSendCID                       0x08002d8a   Section        0  stm32f1xx_ll_sdmmc.o(i.SDMMC_CmdSendCID)
    i.SDMMC_CmdSendCSD                       0x08002db6   Section        0  stm32f1xx_ll_sdmmc.o(i.SDMMC_CmdSendCSD)
    i.SDMMC_CmdSendSCR                       0x08002de2   Section        0  stm32f1xx_ll_sdmmc.o(i.SDMMC_CmdSendSCR)
    i.SDMMC_CmdSetRelAdd                     0x08002e12   Section        0  stm32f1xx_ll_sdmmc.o(i.SDMMC_CmdSetRelAdd)
    i.SDMMC_CmdStopTransfer                  0x08002e44   Section        0  stm32f1xx_ll_sdmmc.o(i.SDMMC_CmdStopTransfer)
    i.SDMMC_CmdWriteMultiBlock               0x08002e78   Section        0  stm32f1xx_ll_sdmmc.o(i.SDMMC_CmdWriteMultiBlock)
    i.SDMMC_CmdWriteSingleBlock              0x08002eaa   Section        0  stm32f1xx_ll_sdmmc.o(i.SDMMC_CmdWriteSingleBlock)
    i.SDMMC_GetCmdResp1                      0x08002edc   Section        0  stm32f1xx_ll_sdmmc.o(i.SDMMC_GetCmdResp1)
    SDMMC_GetCmdResp1                        0x08002edd   Thumb Code   276  stm32f1xx_ll_sdmmc.o(i.SDMMC_GetCmdResp1)
    i.SDMMC_GetCmdResp2                      0x08002ff8   Section        0  stm32f1xx_ll_sdmmc.o(i.SDMMC_GetCmdResp2)
    SDMMC_GetCmdResp2                        0x08002ff9   Thumb Code    74  stm32f1xx_ll_sdmmc.o(i.SDMMC_GetCmdResp2)
    i.SDMMC_GetCmdResp3                      0x08003048   Section        0  stm32f1xx_ll_sdmmc.o(i.SDMMC_GetCmdResp3)
    SDMMC_GetCmdResp3                        0x08003049   Thumb Code    60  stm32f1xx_ll_sdmmc.o(i.SDMMC_GetCmdResp3)
    i.SDMMC_GetCmdResp6                      0x08003088   Section        0  stm32f1xx_ll_sdmmc.o(i.SDMMC_GetCmdResp6)
    SDMMC_GetCmdResp6                        0x08003089   Thumb Code   128  stm32f1xx_ll_sdmmc.o(i.SDMMC_GetCmdResp6)
    i.SD_EraseTest                           0x0800310c   Section        0  main.o(i.SD_EraseTest)
    i.SD_FindSCR                             0x08003218   Section        0  stm32f1xx_hal_sd.o(i.SD_FindSCR)
    SD_FindSCR                               0x08003219   Thumb Code   212  stm32f1xx_hal_sd.o(i.SD_FindSCR)
    i.SD_InitCard                            0x080032ec   Section        0  stm32f1xx_hal_sd.o(i.SD_InitCard)
    SD_InitCard                              0x080032ed   Thumb Code   230  stm32f1xx_hal_sd.o(i.SD_InitCard)
    i.SD_PowerON                             0x080033d2   Section        0  stm32f1xx_hal_sd.o(i.SD_PowerON)
    SD_PowerON                               0x080033d3   Thumb Code   162  stm32f1xx_hal_sd.o(i.SD_PowerON)
    i.SD_WideBus_Disable                     0x08003474   Section        0  stm32f1xx_hal_sd.o(i.SD_WideBus_Disable)
    SD_WideBus_Disable                       0x08003475   Thumb Code    78  stm32f1xx_hal_sd.o(i.SD_WideBus_Disable)
    i.SD_WideBus_Enable                      0x080034c2   Section        0  stm32f1xx_hal_sd.o(i.SD_WideBus_Enable)
    SD_WideBus_Enable                        0x080034c3   Thumb Code    78  stm32f1xx_hal_sd.o(i.SD_WideBus_Enable)
    i.SD_Write_Read_Test                     0x08003510   Section        0  main.o(i.SD_Write_Read_Test)
    i.SVC_Handler                            0x08003614   Section        0  stm32f1xx_it.o(i.SVC_Handler)
    i.SysTick_Handler                        0x08003616   Section        0  stm32f1xx_it.o(i.SysTick_Handler)
    i.SystemClock_Config                     0x08003624   Section        0  main.o(i.SystemClock_Config)
    i.SystemInit                             0x0800368c   Section        0  system_stm32f1xx.o(i.SystemInit)
    i.TIM5_IRQHandler                        0x080036d4   Section        0  stm32f1xx_it.o(i.TIM5_IRQHandler)
    i.TIM6_IRQHandler                        0x080036e0   Section        0  stm32f1xx_it.o(i.TIM6_IRQHandler)
    i.TIM_Base_SetConfig                     0x080036ec   Section        0  stm32f1xx_hal_tim.o(i.TIM_Base_SetConfig)
    i.TIM_CCxChannelCmd                      0x08003778   Section        0  stm32f1xx_hal_tim.o(i.TIM_CCxChannelCmd)
    i.TIM_ETR_SetConfig                      0x0800378e   Section        0  stm32f1xx_hal_tim.o(i.TIM_ETR_SetConfig)
    TIM_ETR_SetConfig                        0x0800378f   Thumb Code    20  stm32f1xx_hal_tim.o(i.TIM_ETR_SetConfig)
    i.TIM_ITRx_SetConfig                     0x080037a2   Section        0  stm32f1xx_hal_tim.o(i.TIM_ITRx_SetConfig)
    TIM_ITRx_SetConfig                       0x080037a3   Thumb Code    16  stm32f1xx_hal_tim.o(i.TIM_ITRx_SetConfig)
    i.TIM_TI1_ConfigInputStage               0x080037b2   Section        0  stm32f1xx_hal_tim.o(i.TIM_TI1_ConfigInputStage)
    TIM_TI1_ConfigInputStage                 0x080037b3   Thumb Code    34  stm32f1xx_hal_tim.o(i.TIM_TI1_ConfigInputStage)
    i.TIM_TI1_SetConfig                      0x080037d4   Section        0  stm32f1xx_hal_tim.o(i.TIM_TI1_SetConfig)
    i.TIM_TI2_ConfigInputStage               0x08003840   Section        0  stm32f1xx_hal_tim.o(i.TIM_TI2_ConfigInputStage)
    TIM_TI2_ConfigInputStage                 0x08003841   Thumb Code    36  stm32f1xx_hal_tim.o(i.TIM_TI2_ConfigInputStage)
    i.TIM_TI2_SetConfig                      0x08003864   Section        0  stm32f1xx_hal_tim.o(i.TIM_TI2_SetConfig)
    TIM_TI2_SetConfig                        0x08003865   Thumb Code    54  stm32f1xx_hal_tim.o(i.TIM_TI2_SetConfig)
    i.UART_DMAAbortOnError                   0x0800389a   Section        0  stm32f1xx_hal_uart.o(i.UART_DMAAbortOnError)
    UART_DMAAbortOnError                     0x0800389b   Thumb Code    16  stm32f1xx_hal_uart.o(i.UART_DMAAbortOnError)
    i.UART_EndRxTransfer                     0x080038aa   Section        0  stm32f1xx_hal_uart.o(i.UART_EndRxTransfer)
    UART_EndRxTransfer                       0x080038ab   Thumb Code    28  stm32f1xx_hal_uart.o(i.UART_EndRxTransfer)
    i.UART_Receive_IT                        0x080038c6   Section        0  stm32f1xx_hal_uart.o(i.UART_Receive_IT)
    UART_Receive_IT                          0x080038c7   Thumb Code   150  stm32f1xx_hal_uart.o(i.UART_Receive_IT)
    i.UART_SetConfig                         0x0800395c   Section        0  stm32f1xx_hal_uart.o(i.UART_SetConfig)
    UART_SetConfig                           0x0800395d   Thumb Code   364  stm32f1xx_hal_uart.o(i.UART_SetConfig)
    i.UART_Transmit_IT                       0x08003acc   Section        0  stm32f1xx_hal_uart.o(i.UART_Transmit_IT)
    UART_Transmit_IT                         0x08003acd   Thumb Code    98  stm32f1xx_hal_uart.o(i.UART_Transmit_IT)
    i.UART_WaitOnFlagUntilTimeout            0x08003b2e   Section        0  stm32f1xx_hal_uart.o(i.UART_WaitOnFlagUntilTimeout)
    UART_WaitOnFlagUntilTimeout              0x08003b2f   Thumb Code   100  stm32f1xx_hal_uart.o(i.UART_WaitOnFlagUntilTimeout)
    i.USART1_IRQHandler                      0x08003b94   Section        0  stm32f1xx_it.o(i.USART1_IRQHandler)
    i.USART2_IRQHandler                      0x08003ba0   Section        0  stm32f1xx_it.o(i.USART2_IRQHandler)
    i.USART3_IRQHandler                      0x08003bac   Section        0  stm32f1xx_it.o(i.USART3_IRQHandler)
    i.UsageFault_Handler                     0x08003bb8   Section        0  stm32f1xx_it.o(i.UsageFault_Handler)
    i._Error_Handler                         0x08003bba   Section        0  main.o(i._Error_Handler)
    i.__0printf                              0x08003bbc   Section        0  printfa.o(i.__0printf)
    i.__scatterload_copy                     0x08003bdc   Section       14  handlers.o(i.__scatterload_copy)
    i.__scatterload_null                     0x08003bea   Section        2  handlers.o(i.__scatterload_null)
    i.__scatterload_zeroinit                 0x08003bec   Section       14  handlers.o(i.__scatterload_zeroinit)
    i._fp_digits                             0x08003bfc   Section        0  printfa.o(i._fp_digits)
    _fp_digits                               0x08003bfd   Thumb Code   334  printfa.o(i._fp_digits)
    i._printf_core                           0x08003d60   Section        0  printfa.o(i._printf_core)
    _printf_core                             0x08003d61   Thumb Code  1744  printfa.o(i._printf_core)
    i._printf_post_padding                   0x0800443c   Section        0  printfa.o(i._printf_post_padding)
    _printf_post_padding                     0x0800443d   Thumb Code    36  printfa.o(i._printf_post_padding)
    i._printf_pre_padding                    0x08004460   Section        0  printfa.o(i._printf_pre_padding)
    _printf_pre_padding                      0x08004461   Thumb Code    46  printfa.o(i._printf_pre_padding)
    i.barrierScan                            0x08004490   Section        0  control.o(i.barrierScan)
    i.eBuffercmp                             0x08004598   Section        0  main.o(i.eBuffercmp)
    i.filter                                 0x080045b0   Section        0  control.o(i.filter)
    i.fputc                                  0x080045d8   Section        0  main.o(i.fputc)
    i.ifInsideOrOutside                      0x080045f0   Section        0  control.o(i.ifInsideOrOutside)
    i.main                                   0x08004674   Section        0  main.o(i.main)
    i.sendEnd                                0x0800482c   Section        0  control.o(i.sendEnd)
    i.updateData                             0x08004850   Section        0  control.o(i.updateData)
    .constdata                               0x08004c74   Section       16  system_stm32f1xx.o(.constdata)
    .constdata                               0x08004c84   Section        8  system_stm32f1xx.o(.constdata)
    .data                                    0x20000000   Section        3  control.o(.data)
    .data                                    0x20000003   Section        1  main.o(.data)
    .data                                    0x20000004   Section        1  main.o(.data)
    .data                                    0x20000008   Section       34  main.o(.data)
    .data                                    0x2000002a   Section        2  main.o(.data)
    .data                                    0x2000002c   Section        1  main.o(.data)
    .data                                    0x2000002d   Section        1  main.o(.data)
    .data                                    0x2000002e   Section        1  main.o(.data)
    .data                                    0x2000002f   Section        1  main.o(.data)
    .data                                    0x20000030   Section       26  usart.o(.data)
    .data                                    0x2000004c   Section       12  stm32f1xx_hal.o(.data)
    .data                                    0x20000058   Section        4  system_stm32f1xx.o(.data)
    .data                                    0x2000005c   Section        4  stdout.o(.data)
    .bss                                     0x20000060   Section       24  control.o(.bss)
    .bss                                     0x20000078   Section      256  main.o(.bss)
    .bss                                     0x20000178   Section      256  main.o(.bss)
    .bss                                     0x20000278   Section      320  main.o(.bss)
    .bss                                     0x200003b8   Section    32768  main.o(.bss)
    .bss                                     0x200083b8   Section      132  sdio.o(.bss)
    .bss                                     0x2000843c   Section      128  tim.o(.bss)
    .bss                                     0x200084bc   Section      201  usart.o(.bss)
    STACK                                    0x20008588   Section     1024  startup_stm32f103xe.o(STACK)

    Global Symbols

    Symbol Name                              Value     Ov Type        Size  Object(Section)

    BuildAttributes$$THM_ISAv4$P$D$K$B$S$PE$A:L22UL41UL21$X:L11$S22US41US21$IEEE1$IW$USESV6$~STKCKD$USESV7$~SHL$OTIME$ROPI$EBA8$MICROLIB$REQ8$PRES8$EABIv2 0x00000000   Number         0  anon$$obj.o ABSOLUTE
    __ARM_use_no_argv                        0x00000000   Number         0  main.o ABSOLUTE
    _printf_a                                0x00000000   Number         0  stubs.o ABSOLUTE
    _printf_c                                0x00000000   Number         0  stubs.o ABSOLUTE
    _printf_charcount                        0x00000000   Number         0  stubs.o ABSOLUTE
    _printf_d                                0x00000000   Number         0  stubs.o ABSOLUTE
    _printf_e                                0x00000000   Number         0  stubs.o ABSOLUTE
    _printf_f                                0x00000000   Number         0  stubs.o ABSOLUTE
    _printf_flags                            0x00000000   Number         0  stubs.o ABSOLUTE
    _printf_fp_dec                           0x00000000   Number         0  stubs.o ABSOLUTE
    _printf_fp_hex                           0x00000000   Number         0  stubs.o ABSOLUTE
    _printf_g                                0x00000000   Number         0  stubs.o ABSOLUTE
    _printf_i                                0x00000000   Number         0  stubs.o ABSOLUTE
    _printf_int_dec                          0x00000000   Number         0  stubs.o ABSOLUTE
    _printf_l                                0x00000000   Number         0  stubs.o ABSOLUTE
    _printf_lc                               0x00000000   Number         0  stubs.o ABSOLUTE
    _printf_ll                               0x00000000   Number         0  stubs.o ABSOLUTE
    _printf_lld                              0x00000000   Number         0  stubs.o ABSOLUTE
    _printf_lli                              0x00000000   Number         0  stubs.o ABSOLUTE
    _printf_llo                              0x00000000   Number         0  stubs.o ABSOLUTE
    _printf_llu                              0x00000000   Number         0  stubs.o ABSOLUTE
    _printf_llx                              0x00000000   Number         0  stubs.o ABSOLUTE
    _printf_longlong_dec                     0x00000000   Number         0  stubs.o ABSOLUTE
    _printf_longlong_hex                     0x00000000   Number         0  stubs.o ABSOLUTE
    _printf_longlong_oct                     0x00000000   Number         0  stubs.o ABSOLUTE
    _printf_ls                               0x00000000   Number         0  stubs.o ABSOLUTE
    _printf_mbtowc                           0x00000000   Number         0  stubs.o ABSOLUTE
    _printf_n                                0x00000000   Number         0  stubs.o ABSOLUTE
    _printf_o                                0x00000000   Number         0  stubs.o ABSOLUTE
    _printf_p                                0x00000000   Number         0  stubs.o ABSOLUTE
    _printf_percent                          0x00000000   Number         0  stubs.o ABSOLUTE
    _printf_pre_padding                      0x00000000   Number         0  stubs.o ABSOLUTE
    _printf_return_value                     0x00000000   Number         0  stubs.o ABSOLUTE
    _printf_s                                0x00000000   Number         0  stubs.o ABSOLUTE
    _printf_sizespec                         0x00000000   Number         0  stubs.o ABSOLUTE
    _printf_str                              0x00000000   Number         0  stubs.o ABSOLUTE
    _printf_truncate_signed                  0x00000000   Number         0  stubs.o ABSOLUTE
    _printf_truncate_unsigned                0x00000000   Number         0  stubs.o ABSOLUTE
    _printf_u                                0x00000000   Number         0  stubs.o ABSOLUTE
    _printf_wc                               0x00000000   Number         0  stubs.o ABSOLUTE
    _printf_wctomb                           0x00000000   Number         0  stubs.o ABSOLUTE
    _printf_widthprec                        0x00000000   Number         0  stubs.o ABSOLUTE
    _printf_x                                0x00000000   Number         0  stubs.o ABSOLUTE
    __cpp_initialize__aeabi_                  - Undefined Weak Reference
    __cxa_finalize                            - Undefined Weak Reference
    __decompress                              - Undefined Weak Reference
    _clock_init                               - Undefined Weak Reference
    _microlib_exit                            - Undefined Weak Reference
    __Vectors_Size                           0x00000130   Number         0  startup_stm32f103xe.o ABSOLUTE
    __Vectors                                0x08000000   Data           4  startup_stm32f103xe.o(RESET)
    __Vectors_End                            0x08000130   Data           0  startup_stm32f103xe.o(RESET)
    __main                                   0x08000131   Thumb Code     0  entry.o(.ARM.Collect$$$$00000000)
    _main_stk                                0x08000131   Thumb Code     0  entry2.o(.ARM.Collect$$$$00000001)
    _main_scatterload                        0x08000135   Thumb Code     0  entry5.o(.ARM.Collect$$$$00000004)
    __main_after_scatterload                 0x08000139   Thumb Code     0  entry5.o(.ARM.Collect$$$$00000004)
    _main_clock                              0x08000139   Thumb Code     0  entry7b.o(.ARM.Collect$$$$00000008)
    _main_cpp_init                           0x08000139   Thumb Code     0  entry8b.o(.ARM.Collect$$$$0000000A)
    _main_init                               0x08000139   Thumb Code     0  entry9a.o(.ARM.Collect$$$$0000000B)
    __rt_final_cpp                           0x08000141   Thumb Code     0  entry10a.o(.ARM.Collect$$$$0000000D)
    __rt_final_exit                          0x08000141   Thumb Code     0  entry11a.o(.ARM.Collect$$$$0000000F)
    Reset_Handler                            0x08000145   Thumb Code     8  startup_stm32f103xe.o(.text)
    ADC1_2_IRQHandler                        0x0800015f   Thumb Code     0  startup_stm32f103xe.o(.text)
    ADC3_IRQHandler                          0x0800015f   Thumb Code     0  startup_stm32f103xe.o(.text)
    CAN1_RX1_IRQHandler                      0x0800015f   Thumb Code     0  startup_stm32f103xe.o(.text)
    CAN1_SCE_IRQHandler                      0x0800015f   Thumb Code     0  startup_stm32f103xe.o(.text)
    DMA1_Channel1_IRQHandler                 0x0800015f   Thumb Code     0  startup_stm32f103xe.o(.text)
    DMA1_Channel2_IRQHandler                 0x0800015f   Thumb Code     0  startup_stm32f103xe.o(.text)
    DMA1_Channel3_IRQHandler                 0x0800015f   Thumb Code     0  startup_stm32f103xe.o(.text)
    DMA1_Channel4_IRQHandler                 0x0800015f   Thumb Code     0  startup_stm32f103xe.o(.text)
    DMA1_Channel5_IRQHandler                 0x0800015f   Thumb Code     0  startup_stm32f103xe.o(.text)
    DMA1_Channel6_IRQHandler                 0x0800015f   Thumb Code     0  startup_stm32f103xe.o(.text)
    DMA1_Channel7_IRQHandler                 0x0800015f   Thumb Code     0  startup_stm32f103xe.o(.text)
    DMA2_Channel1_IRQHandler                 0x0800015f   Thumb Code     0  startup_stm32f103xe.o(.text)
    DMA2_Channel2_IRQHandler                 0x0800015f   Thumb Code     0  startup_stm32f103xe.o(.text)
    DMA2_Channel3_IRQHandler                 0x0800015f   Thumb Code     0  startup_stm32f103xe.o(.text)
    DMA2_Channel4_5_IRQHandler               0x0800015f   Thumb Code     0  startup_stm32f103xe.o(.text)
    EXTI0_IRQHandler                         0x0800015f   Thumb Code     0  startup_stm32f103xe.o(.text)
    EXTI15_10_IRQHandler                     0x0800015f   Thumb Code     0  startup_stm32f103xe.o(.text)
    EXTI1_IRQHandler                         0x0800015f   Thumb Code     0  startup_stm32f103xe.o(.text)
    EXTI2_IRQHandler                         0x0800015f   Thumb Code     0  startup_stm32f103xe.o(.text)
    EXTI3_IRQHandler                         0x0800015f   Thumb Code     0  startup_stm32f103xe.o(.text)
    EXTI4_IRQHandler                         0x0800015f   Thumb Code     0  startup_stm32f103xe.o(.text)
    EXTI9_5_IRQHandler                       0x0800015f   Thumb Code     0  startup_stm32f103xe.o(.text)
    FLASH_IRQHandler                         0x0800015f   Thumb Code     0  startup_stm32f103xe.o(.text)
    FSMC_IRQHandler                          0x0800015f   Thumb Code     0  startup_stm32f103xe.o(.text)
    I2C1_ER_IRQHandler                       0x0800015f   Thumb Code     0  startup_stm32f103xe.o(.text)
    I2C1_EV_IRQHandler                       0x0800015f   Thumb Code     0  startup_stm32f103xe.o(.text)
    I2C2_ER_IRQHandler                       0x0800015f   Thumb Code     0  startup_stm32f103xe.o(.text)
    I2C2_EV_IRQHandler                       0x0800015f   Thumb Code     0  startup_stm32f103xe.o(.text)
    PVD_IRQHandler                           0x0800015f   Thumb Code     0  startup_stm32f103xe.o(.text)
    RCC_IRQHandler                           0x0800015f   Thumb Code     0  startup_stm32f103xe.o(.text)
    RTC_Alarm_IRQHandler                     0x0800015f   Thumb Code     0  startup_stm32f103xe.o(.text)
    RTC_IRQHandler                           0x0800015f   Thumb Code     0  startup_stm32f103xe.o(.text)
    SDIO_IRQHandler                          0x0800015f   Thumb Code     0  startup_stm32f103xe.o(.text)
    SPI1_IRQHandler                          0x0800015f   Thumb Code     0  startup_stm32f103xe.o(.text)
    SPI2_IRQHandler                          0x0800015f   Thumb Code     0  startup_stm32f103xe.o(.text)
    SPI3_IRQHandler                          0x0800015f   Thumb Code     0  startup_stm32f103xe.o(.text)
    TAMPER_IRQHandler                        0x0800015f   Thumb Code     0  startup_stm32f103xe.o(.text)
    TIM1_BRK_IRQHandler                      0x0800015f   Thumb Code     0  startup_stm32f103xe.o(.text)
    TIM1_CC_IRQHandler                       0x0800015f   Thumb Code     0  startup_stm32f103xe.o(.text)
    TIM1_TRG_COM_IRQHandler                  0x0800015f   Thumb Code     0  startup_stm32f103xe.o(.text)
    TIM1_UP_IRQHandler                       0x0800015f   Thumb Code     0  startup_stm32f103xe.o(.text)
    TIM2_IRQHandler                          0x0800015f   Thumb Code     0  startup_stm32f103xe.o(.text)
    TIM3_IRQHandler                          0x0800015f   Thumb Code     0  startup_stm32f103xe.o(.text)
    TIM4_IRQHandler                          0x0800015f   Thumb Code     0  startup_stm32f103xe.o(.text)
    TIM7_IRQHandler                          0x0800015f   Thumb Code     0  startup_stm32f103xe.o(.text)
    TIM8_BRK_IRQHandler                      0x0800015f   Thumb Code     0  startup_stm32f103xe.o(.text)
    TIM8_CC_IRQHandler                       0x0800015f   Thumb Code     0  startup_stm32f103xe.o(.text)
    TIM8_TRG_COM_IRQHandler                  0x0800015f   Thumb Code     0  startup_stm32f103xe.o(.text)
    TIM8_UP_IRQHandler                       0x0800015f   Thumb Code     0  startup_stm32f103xe.o(.text)
    UART4_IRQHandler                         0x0800015f   Thumb Code     0  startup_stm32f103xe.o(.text)
    UART5_IRQHandler                         0x0800015f   Thumb Code     0  startup_stm32f103xe.o(.text)
    USBWakeUp_IRQHandler                     0x0800015f   Thumb Code     0  startup_stm32f103xe.o(.text)
    USB_HP_CAN1_TX_IRQHandler                0x0800015f   Thumb Code     0  startup_stm32f103xe.o(.text)
    USB_LP_CAN1_RX0_IRQHandler               0x0800015f   Thumb Code     0  startup_stm32f103xe.o(.text)
    WWDG_IRQHandler                          0x0800015f   Thumb Code     0  startup_stm32f103xe.o(.text)
    __aeabi_llsr                             0x08000169   Thumb Code    32  llushr.o(.text)
    _ll_ushift_r                             0x08000169   Thumb Code     0  llushr.o(.text)
    __aeabi_memset                           0x08000189   Thumb Code    14  memseta.o(.text)
    __aeabi_memset4                          0x08000189   Thumb Code     0  memseta.o(.text)
    __aeabi_memset8                          0x08000189   Thumb Code     0  memseta.o(.text)
    __aeabi_memclr                           0x08000197   Thumb Code     4  memseta.o(.text)
    __aeabi_memclr4                          0x08000197   Thumb Code     0  memseta.o(.text)
    __aeabi_memclr8                          0x08000197   Thumb Code     0  memseta.o(.text)
    _memset$wrapper                          0x0800019b   Thumb Code    18  memseta.o(.text)
    __aeabi_fadd                             0x080001ad   Thumb Code   164  fadd.o(.text)
    __aeabi_fsub                             0x08000251   Thumb Code     6  fadd.o(.text)
    __aeabi_frsub                            0x08000257   Thumb Code     6  fadd.o(.text)
    __aeabi_fdiv                             0x0800025d   Thumb Code   124  fdiv.o(.text)
    __aeabi_dadd                             0x080002d9   Thumb Code   322  dadd.o(.text)
    __aeabi_dsub                             0x0800041b   Thumb Code     6  dadd.o(.text)
    __aeabi_drsub                            0x08000421   Thumb Code     6  dadd.o(.text)
    __aeabi_ddiv                             0x08000427   Thumb Code   222  ddiv.o(.text)
    __aeabi_ui2d                             0x08000505   Thumb Code    26  dfltui.o(.text)
    __aeabi_f2uiz                            0x0800051f   Thumb Code    40  ffixui.o(.text)
    __aeabi_f2d                              0x08000547   Thumb Code    38  f2d.o(.text)
    __aeabi_d2f                              0x0800056d   Thumb Code    56  d2f.o(.text)
    __aeabi_uidiv                            0x080005a5   Thumb Code     0  uidiv.o(.text)
    __aeabi_uidivmod                         0x080005a5   Thumb Code    44  uidiv.o(.text)
    __aeabi_uldivmod                         0x080005d1   Thumb Code    98  uldiv.o(.text)
    __aeabi_llsl                             0x08000633   Thumb Code    30  llshl.o(.text)
    _ll_shift_l                              0x08000633   Thumb Code     0  llshl.o(.text)
    __aeabi_lasr                             0x08000651   Thumb Code    36  llsshr.o(.text)
    _ll_sshift_r                             0x08000651   Thumb Code     0  llsshr.o(.text)
    __I$use$fp                               0x08000675   Thumb Code     0  iusefp.o(.text)
    _float_round                             0x08000675   Thumb Code    18  fepilogue.o(.text)
    _float_epilogue                          0x08000687   Thumb Code    92  fepilogue.o(.text)
    _double_round                            0x080006e3   Thumb Code    30  depilogue.o(.text)
    _double_epilogue                         0x08000701   Thumb Code   156  depilogue.o(.text)
    __aeabi_dmul                             0x0800079d   Thumb Code   228  dmul.o(.text)
    __aeabi_d2ulz                            0x08000881   Thumb Code    48  dfixul.o(.text)
    __aeabi_cdrcmple                         0x080008b1   Thumb Code    48  cdrcmple.o(.text)
    __scatterload                            0x080008e1   Thumb Code    28  init.o(.text)
    __scatterload_rt2                        0x080008e1   Thumb Code     0  init.o(.text)
    Buffercmp                                0x08000905   Thumb Code    62  main.o(i.Buffercmp)
    BusFault_Handler                         0x0800095d   Thumb Code     2  stm32f1xx_it.o(i.BusFault_Handler)
    DebugMon_Handler                         0x0800095f   Thumb Code     2  stm32f1xx_it.o(i.DebugMon_Handler)
    Fill_Buffer                              0x08000961   Thumb Code    20  main.o(i.Fill_Buffer)
    HAL_DMA_Abort_IT                         0x08000975   Thumb Code   296  stm32f1xx_hal_dma.o(i.HAL_DMA_Abort_IT)
    HAL_Delay                                0x08000aa5   Thumb Code    32  stm32f1xx_hal.o(i.HAL_Delay)
    HAL_GPIO_Init                            0x08000ac9   Thumb Code   446  stm32f1xx_hal_gpio.o(i.HAL_GPIO_Init)
    HAL_GPIO_ReadPin                         0x08000cb1   Thumb Code    10  stm32f1xx_hal_gpio.o(i.HAL_GPIO_ReadPin)
    HAL_GPIO_TogglePin                       0x08000cbb   Thumb Code     8  stm32f1xx_hal_gpio.o(i.HAL_GPIO_TogglePin)
    HAL_GPIO_WritePin                        0x08000cc3   Thumb Code    10  stm32f1xx_hal_gpio.o(i.HAL_GPIO_WritePin)
    HAL_GetTick                              0x08000ccd   Thumb Code     6  stm32f1xx_hal.o(i.HAL_GetTick)
    HAL_IncTick                              0x08000cd9   Thumb Code    12  stm32f1xx_hal.o(i.HAL_IncTick)
    HAL_Init                                 0x08000ce9   Thumb Code    32  stm32f1xx_hal.o(i.HAL_Init)
    HAL_InitTick                             0x08000d0d   Thumb Code    54  stm32f1xx_hal.o(i.HAL_InitTick)
    HAL_MspInit                              0x08000d4d   Thumb Code   134  stm32f1xx_hal_msp.o(i.HAL_MspInit)
    HAL_NVIC_EnableIRQ                       0x08000ddd   Thumb Code    22  stm32f1xx_hal_cortex.o(i.HAL_NVIC_EnableIRQ)
    HAL_NVIC_SetPriority                     0x08000df5   Thumb Code    60  stm32f1xx_hal_cortex.o(i.HAL_NVIC_SetPriority)
    HAL_NVIC_SetPriorityGrouping             0x08000e35   Thumb Code    26  stm32f1xx_hal_cortex.o(i.HAL_NVIC_SetPriorityGrouping)
    HAL_RCC_ClockConfig                      0x08000e59   Thumb Code   322  stm32f1xx_hal_rcc.o(i.HAL_RCC_ClockConfig)
    HAL_RCC_GetHCLKFreq                      0x08000fad   Thumb Code     6  stm32f1xx_hal_rcc.o(i.HAL_RCC_GetHCLKFreq)
    HAL_RCC_GetPCLK1Freq                     0x08000fb9   Thumb Code    20  stm32f1xx_hal_rcc.o(i.HAL_RCC_GetPCLK1Freq)
    HAL_RCC_GetPCLK2Freq                     0x08000fd9   Thumb Code    20  stm32f1xx_hal_rcc.o(i.HAL_RCC_GetPCLK2Freq)
    HAL_RCC_GetSysClockFreq                  0x08000ff9   Thumb Code    74  stm32f1xx_hal_rcc.o(i.HAL_RCC_GetSysClockFreq)
    HAL_RCC_OscConfig                        0x08001065   Thumb Code   750  stm32f1xx_hal_rcc.o(i.HAL_RCC_OscConfig)
    HAL_SD_ConfigWideBusOperation            0x08001369   Thumb Code   120  stm32f1xx_hal_sd.o(i.HAL_SD_ConfigWideBusOperation)
    HAL_SD_Erase                             0x080013e1   Thumb Code   184  stm32f1xx_hal_sd.o(i.HAL_SD_Erase)
    HAL_SD_GetCardCSD                        0x08001499   Thumb Code   474  stm32f1xx_hal_sd.o(i.HAL_SD_GetCardCSD)
    HAL_SD_Init                              0x08001673   Thumb Code    54  stm32f1xx_hal_sd.o(i.HAL_SD_Init)
    HAL_SD_InitCard                          0x080016a9   Thumb Code    80  stm32f1xx_hal_sd.o(i.HAL_SD_InitCard)
    HAL_SD_MspInit                           0x080016fd   Thumb Code    72  sdio.o(i.HAL_SD_MspInit)
    HAL_SD_ReadBlocks                        0x08001755   Thumb Code   434  stm32f1xx_hal_sd.o(i.HAL_SD_ReadBlocks)
    HAL_SD_WriteBlocks                       0x08001909   Thumb Code   410  stm32f1xx_hal_sd.o(i.HAL_SD_WriteBlocks)
    HAL_SYSTICK_CLKSourceConfig              0x08001aa3   Thumb Code    24  stm32f1xx_hal_cortex.o(i.HAL_SYSTICK_CLKSourceConfig)
    HAL_SYSTICK_Callback                     0x08001abb   Thumb Code     2  stm32f1xx_hal_cortex.o(i.HAL_SYSTICK_Callback)
    HAL_SYSTICK_Config                       0x08001abd   Thumb Code    40  stm32f1xx_hal_cortex.o(i.HAL_SYSTICK_Config)
    HAL_SYSTICK_IRQHandler                   0x08001ae5   Thumb Code     8  stm32f1xx_hal_cortex.o(i.HAL_SYSTICK_IRQHandler)
    HAL_TIMEx_BreakCallback                  0x08001aed   Thumb Code     2  stm32f1xx_hal_tim_ex.o(i.HAL_TIMEx_BreakCallback)
    HAL_TIMEx_CommutationCallback            0x08001aef   Thumb Code     2  stm32f1xx_hal_tim_ex.o(i.HAL_TIMEx_CommutationCallback)
    HAL_TIMEx_MasterConfigSynchronization    0x08001af1   Thumb Code    80  stm32f1xx_hal_tim_ex.o(i.HAL_TIMEx_MasterConfigSynchronization)
    HAL_TIM_Base_Init                        0x08001b41   Thumb Code    54  stm32f1xx_hal_tim.o(i.HAL_TIM_Base_Init)
    HAL_TIM_Base_MspInit                     0x08001b79   Thumb Code   106  tim.o(i.HAL_TIM_Base_MspInit)
    HAL_TIM_Base_Start_IT                    0x08001bf5   Thumb Code    24  stm32f1xx_hal_tim.o(i.HAL_TIM_Base_Start_IT)
    HAL_TIM_ConfigClockSource                0x08001c0d   Thumb Code   242  stm32f1xx_hal_tim.o(i.HAL_TIM_ConfigClockSource)
    HAL_TIM_IC_CaptureCallback               0x08001d01   Thumb Code   114  main.o(i.HAL_TIM_IC_CaptureCallback)
    HAL_TIM_IC_ConfigChannel                 0x08001d7d   Thumb Code   282  stm32f1xx_hal_tim.o(i.HAL_TIM_IC_ConfigChannel)
    HAL_TIM_IC_Init                          0x08001e97   Thumb Code    54  stm32f1xx_hal_tim.o(i.HAL_TIM_IC_Init)
    HAL_TIM_IC_MspInit                       0x08001ecd   Thumb Code     2  stm32f1xx_hal_tim.o(i.HAL_TIM_IC_MspInit)
    HAL_TIM_IC_Start_IT                      0x08001ecf   Thumb Code    76  stm32f1xx_hal_tim.o(i.HAL_TIM_IC_Start_IT)
    HAL_TIM_IRQHandler                       0x08001f1b   Thumb Code   358  stm32f1xx_hal_tim.o(i.HAL_TIM_IRQHandler)
    HAL_TIM_OC_DelayElapsedCallback          0x08002081   Thumb Code     2  stm32f1xx_hal_tim.o(i.HAL_TIM_OC_DelayElapsedCallback)
    HAL_TIM_PWM_PulseFinishedCallback        0x08002083   Thumb Code     2  stm32f1xx_hal_tim.o(i.HAL_TIM_PWM_PulseFinishedCallback)
    HAL_TIM_PeriodElapsedCallback            0x08002085   Thumb Code    90  main.o(i.HAL_TIM_PeriodElapsedCallback)
    HAL_TIM_ReadCapturedValue                0x080020f9   Thumb Code    68  stm32f1xx_hal_tim.o(i.HAL_TIM_ReadCapturedValue)
    HAL_TIM_TriggerCallback                  0x0800213d   Thumb Code     2  stm32f1xx_hal_tim.o(i.HAL_TIM_TriggerCallback)
    HAL_UART_ErrorCallback                   0x0800213f   Thumb Code     2  stm32f1xx_hal_uart.o(i.HAL_UART_ErrorCallback)
    HAL_UART_IRQHandler                      0x08002141   Thumb Code   266  stm32f1xx_hal_uart.o(i.HAL_UART_IRQHandler)
    HAL_UART_Init                            0x08002251   Thumb Code    98  stm32f1xx_hal_uart.o(i.HAL_UART_Init)
    HAL_UART_MspInit                         0x080022b5   Thumb Code   226  usart.o(i.HAL_UART_MspInit)
    HAL_UART_Receive_IT                      0x080023b1   Thumb Code    82  stm32f1xx_hal_uart.o(i.HAL_UART_Receive_IT)
    HAL_UART_RxCpltCallback                  0x08002405   Thumb Code   442  usart.o(i.HAL_UART_RxCpltCallback)
    HAL_UART_Transmit                        0x08002631   Thumb Code   186  stm32f1xx_hal_uart.o(i.HAL_UART_Transmit)
    HAL_UART_TxCpltCallback                  0x080026eb   Thumb Code     2  stm32f1xx_hal_uart.o(i.HAL_UART_TxCpltCallback)
    HardFault_Handler                        0x080026ed   Thumb Code     2  stm32f1xx_it.o(i.HardFault_Handler)
    MX_GPIO_Init                             0x080026f1   Thumb Code   230  gpio.o(i.MX_GPIO_Init)
    MX_SDIO_SD_Init                          0x080027e9   Thumb Code    66  sdio.o(i.MX_SDIO_SD_Init)
    MX_TIM5_Init                             0x08002845   Thumb Code   140  tim.o(i.MX_TIM5_Init)
    MX_TIM6_Init                             0x080028e9   Thumb Code    64  tim.o(i.MX_TIM6_Init)
    MX_USART1_UART_Init                      0x08002941   Thumb Code    52  usart.o(i.MX_USART1_UART_Init)
    MX_USART2_UART_Init                      0x0800298d   Thumb Code    52  usart.o(i.MX_USART2_UART_Init)
    MX_USART3_UART_Init                      0x080029d9   Thumb Code    52  usart.o(i.MX_USART3_UART_Init)
    MemManage_Handler                        0x08002a25   Thumb Code     2  stm32f1xx_it.o(i.MemManage_Handler)
    NMI_Handler                              0x08002a27   Thumb Code     2  stm32f1xx_it.o(i.NMI_Handler)
    PendSV_Handler                           0x08002a49   Thumb Code     2  stm32f1xx_it.o(i.PendSV_Handler)
    SDIO_ConfigData                          0x08002a4b   Thumb Code    36  stm32f1xx_ll_sdmmc.o(i.SDIO_ConfigData)
    SDIO_GetPowerState                       0x08002a6f   Thumb Code     8  stm32f1xx_ll_sdmmc.o(i.SDIO_GetPowerState)
    SDIO_GetResponse                         0x08002a77   Thumb Code    12  stm32f1xx_ll_sdmmc.o(i.SDIO_GetResponse)
    SDIO_Init                                0x08002a83   Thumb Code    36  stm32f1xx_ll_sdmmc.o(i.SDIO_Init)
    SDIO_PowerState_ON                       0x08002aa7   Thumb Code     8  stm32f1xx_ll_sdmmc.o(i.SDIO_PowerState_ON)
    SDIO_ReadFIFO                            0x08002aaf   Thumb Code     6  stm32f1xx_ll_sdmmc.o(i.SDIO_ReadFIFO)
    SDIO_SendCommand                         0x08002ab5   Thumb Code    32  stm32f1xx_ll_sdmmc.o(i.SDIO_SendCommand)
    SDIO_WriteFIFO                           0x08002ad5   Thumb Code    10  stm32f1xx_ll_sdmmc.o(i.SDIO_WriteFIFO)
    SDMMC_CmdAppCommand                      0x08002adf   Thumb Code    50  stm32f1xx_ll_sdmmc.o(i.SDMMC_CmdAppCommand)
    SDMMC_CmdAppOperCommand                  0x08002b11   Thumb Code    48  stm32f1xx_ll_sdmmc.o(i.SDMMC_CmdAppOperCommand)
    SDMMC_CmdBlockLength                     0x08002b45   Thumb Code    50  stm32f1xx_ll_sdmmc.o(i.SDMMC_CmdBlockLength)
    SDMMC_CmdBusWidth                        0x08002b77   Thumb Code    50  stm32f1xx_ll_sdmmc.o(i.SDMMC_CmdBusWidth)
    SDMMC_CmdErase                           0x08002ba9   Thumb Code    48  stm32f1xx_ll_sdmmc.o(i.SDMMC_CmdErase)
    SDMMC_CmdGoIdleState                     0x08002bd9   Thumb Code    76  stm32f1xx_ll_sdmmc.o(i.SDMMC_CmdGoIdleState)
    SDMMC_CmdOperCond                        0x08002c29   Thumb Code    98  stm32f1xx_ll_sdmmc.o(i.SDMMC_CmdOperCond)
    SDMMC_CmdReadMultiBlock                  0x08002c91   Thumb Code    50  stm32f1xx_ll_sdmmc.o(i.SDMMC_CmdReadMultiBlock)
    SDMMC_CmdReadSingleBlock                 0x08002cc3   Thumb Code    50  stm32f1xx_ll_sdmmc.o(i.SDMMC_CmdReadSingleBlock)
    SDMMC_CmdSDEraseEndAdd                   0x08002cf5   Thumb Code    50  stm32f1xx_ll_sdmmc.o(i.SDMMC_CmdSDEraseEndAdd)
    SDMMC_CmdSDEraseStartAdd                 0x08002d27   Thumb Code    50  stm32f1xx_ll_sdmmc.o(i.SDMMC_CmdSDEraseStartAdd)
    SDMMC_CmdSelDesel                        0x08002d59   Thumb Code    50  stm32f1xx_ll_sdmmc.o(i.SDMMC_CmdSelDesel)
    SDMMC_CmdSendCID                         0x08002d8b   Thumb Code    44  stm32f1xx_ll_sdmmc.o(i.SDMMC_CmdSendCID)
    SDMMC_CmdSendCSD                         0x08002db7   Thumb Code    44  stm32f1xx_ll_sdmmc.o(i.SDMMC_CmdSendCSD)
    SDMMC_CmdSendSCR                         0x08002de3   Thumb Code    48  stm32f1xx_ll_sdmmc.o(i.SDMMC_CmdSendSCR)
    SDMMC_CmdSetRelAdd                       0x08002e13   Thumb Code    48  stm32f1xx_ll_sdmmc.o(i.SDMMC_CmdSetRelAdd)
    SDMMC_CmdStopTransfer                    0x08002e45   Thumb Code    46  stm32f1xx_ll_sdmmc.o(i.SDMMC_CmdStopTransfer)
    SDMMC_CmdWriteMultiBlock                 0x08002e79   Thumb Code    50  stm32f1xx_ll_sdmmc.o(i.SDMMC_CmdWriteMultiBlock)
    SDMMC_CmdWriteSingleBlock                0x08002eab   Thumb Code    50  stm32f1xx_ll_sdmmc.o(i.SDMMC_CmdWriteSingleBlock)
    SD_EraseTest                             0x0800310d   Thumb Code   104  main.o(i.SD_EraseTest)
    SD_Write_Read_Test                       0x08003511   Thumb Code   156  main.o(i.SD_Write_Read_Test)
    SVC_Handler                              0x08003615   Thumb Code     2  stm32f1xx_it.o(i.SVC_Handler)
    SysTick_Handler                          0x08003617   Thumb Code    14  stm32f1xx_it.o(i.SysTick_Handler)
    SystemClock_Config                       0x08003625   Thumb Code   104  main.o(i.SystemClock_Config)
    SystemInit                               0x0800368d   Thumb Code    56  system_stm32f1xx.o(i.SystemInit)
    TIM5_IRQHandler                          0x080036d5   Thumb Code     6  stm32f1xx_it.o(i.TIM5_IRQHandler)
    TIM6_IRQHandler                          0x080036e1   Thumb Code     6  stm32f1xx_it.o(i.TIM6_IRQHandler)
    TIM_Base_SetConfig                       0x080036ed   Thumb Code   120  stm32f1xx_hal_tim.o(i.TIM_Base_SetConfig)
    TIM_CCxChannelCmd                        0x08003779   Thumb Code    22  stm32f1xx_hal_tim.o(i.TIM_CCxChannelCmd)
    TIM_TI1_SetConfig                        0x080037d5   Thumb Code    88  stm32f1xx_hal_tim.o(i.TIM_TI1_SetConfig)
    USART1_IRQHandler                        0x08003b95   Thumb Code     6  stm32f1xx_it.o(i.USART1_IRQHandler)
    USART2_IRQHandler                        0x08003ba1   Thumb Code     6  stm32f1xx_it.o(i.USART2_IRQHandler)
    USART3_IRQHandler                        0x08003bad   Thumb Code     6  stm32f1xx_it.o(i.USART3_IRQHandler)
    UsageFault_Handler                       0x08003bb9   Thumb Code     2  stm32f1xx_it.o(i.UsageFault_Handler)
    _Error_Handler                           0x08003bbb   Thumb Code     2  main.o(i._Error_Handler)
    __0printf                                0x08003bbd   Thumb Code    22  printfa.o(i.__0printf)
    __1printf                                0x08003bbd   Thumb Code     0  printfa.o(i.__0printf)
    __2printf                                0x08003bbd   Thumb Code     0  printfa.o(i.__0printf)
    __c89printf                              0x08003bbd   Thumb Code     0  printfa.o(i.__0printf)
    printf                                   0x08003bbd   Thumb Code     0  printfa.o(i.__0printf)
    __scatterload_copy                       0x08003bdd   Thumb Code    14  handlers.o(i.__scatterload_copy)
    __scatterload_null                       0x08003beb   Thumb Code     2  handlers.o(i.__scatterload_null)
    __scatterload_zeroinit                   0x08003bed   Thumb Code    14  handlers.o(i.__scatterload_zeroinit)
    barrierScan                              0x08004491   Thumb Code   184  control.o(i.barrierScan)
    eBuffercmp                               0x08004599   Thumb Code    24  main.o(i.eBuffercmp)
    filter                                   0x080045b1   Thumb Code    36  control.o(i.filter)
    fputc                                    0x080045d9   Thumb Code    20  main.o(i.fputc)
    ifInsideOrOutside                        0x080045f1   Thumb Code    88  control.o(i.ifInsideOrOutside)
    main                                     0x08004675   Thumb Code   326  main.o(i.main)
    sendEnd                                  0x0800482d   Thumb Code    30  control.o(i.sendEnd)
    updateData                               0x08004851   Thumb Code   556  control.o(i.updateData)
    AHBPrescTable                            0x08004c74   Data          16  system_stm32f1xx.o(.constdata)
    APBPrescTable                            0x08004c84   Data           8  system_stm32f1xx.o(.constdata)
    Region$$Table$$Base                      0x08004c8c   Number         0  anon$$obj.o(Region$$Table)
    Region$$Table$$Limit                     0x08004cac   Number         0  anon$$obj.o(Region$$Table)
    sendListCounter                          0x20000000   Data           1  control.o(.data)
    page                                     0x20000001   Data           1  control.o(.data)
    j                                        0x20000002   Data           1  control.o(.data)
    Uart2_Rx_Cnt                             0x20000003   Data           1  main.o(.data)
    Uart3_Rx_Cnt                             0x20000004   Data           1  main.o(.data)
    timeFlag                                 0x20000008   Data           1  main.o(.data)
    aRxBuffer_2                              0x20000009   Data           1  main.o(.data)
    aRxBuffer_3                              0x2000000a   Data           1  main.o(.data)
    sd_status                                0x2000000b   Data           1  main.o(.data)
    test_status                              0x2000000c   Data           1  main.o(.data)
    TimeCounter                              0x20000010   Data           4  main.o(.data)
    Time_Sec                                 0x20000014   Data           4  main.o(.data)
    carSpeed                                 0x20000018   Data           4  main.o(.data)
    carSpeedLast                             0x2000001c   Data           4  main.o(.data)
    carDistance                              0x20000020   Data           4  main.o(.data)
    strCapture                               0x20000024   Data           6  main.o(.data)
    Height                                   0x2000002a   Data           2  main.o(.data)
    carStatus                                0x2000002c   Data           1  main.o(.data)
    probeStatus                              0x2000002d   Data           1  main.o(.data)
    sendListFlag                             0x2000002e   Data           1  main.o(.data)
    sendListPage                             0x2000002f   Data           1  main.o(.data)
    HeigthContor                             0x20000030   Data           1  usart.o(.data)
    i                                        0x20000031   Data           1  usart.o(.data)
    strength                                 0x20000032   Data           2  usart.o(.data)
    check                                    0x20000034   Data           2  usart.o(.data)
    cAlmStr                                  0x20000036   Data          20  usart.o(.data)
    uwTickFreq                               0x2000004c   Data           1  stm32f1xx_hal.o(.data)
    uwTickPrio                               0x20000050   Data           4  stm32f1xx_hal.o(.data)
    uwTick                                   0x20000054   Data           4  stm32f1xx_hal.o(.data)
    SystemCoreClock                          0x20000058   Data           4  system_stm32f1xx.o(.data)
    __stdout                                 0x2000005c   Data           4  stdout.o(.data)
    HeightArray                              0x20000060   Data          24  control.o(.bss)
    Uart2_RxBuff                             0x20000078   Data         256  main.o(.bss)
    Uart3_RxBuff                             0x20000178   Data         256  main.o(.bss)
    List                                     0x20000278   Data         320  main.o(.bss)
    Buffer_Block_Tx                          0x200003b8   Data       16384  main.o(.bss)
    Buffer_Block_Rx                          0x200043b8   Data       16384  main.o(.bss)
    hsd                                      0x200083b8   Data         132  sdio.o(.bss)
    htim5                                    0x2000843c   Data          64  tim.o(.bss)
    htim6                                    0x2000847c   Data          64  tim.o(.bss)
    huart1                                   0x200084bc   Data          64  usart.o(.bss)
    huart2                                   0x200084fc   Data          64  usart.o(.bss)
    huart3                                   0x2000853c   Data          64  usart.o(.bss)
    uart3Receive                             0x2000857c   Data           9  usart.o(.bss)
    __initial_sp                             0x20008988   Data           0  startup_stm32f103xe.o(STACK)



==============================================================================

Memory Map of the image

  Image Entry point : 0x08000131

  Load Region LR_IROM1 (Base: 0x08000000, Size: 0x00004d0c, Max: 0x00080000, ABSOLUTE)

    Execution Region ER_IROM1 (Base: 0x08000000, Size: 0x00004cac, Max: 0x00080000, ABSOLUTE)

    Base Addr    Size         Type   Attr      Idx    E Section Name        Object

    0x08000000   0x00000130   Data   RO            3    RESET               startup_stm32f103xe.o
    0x08000130   0x00000000   Code   RO         3234  * .ARM.Collect$$$$00000000  mc_w.l(entry.o)
    0x08000130   0x00000004   Code   RO         3518    .ARM.Collect$$$$00000001  mc_w.l(entry2.o)
    0x08000134   0x00000004   Code   RO         3521    .ARM.Collect$$$$00000004  mc_w.l(entry5.o)
    0x08000138   0x00000000   Code   RO         3523    .ARM.Collect$$$$00000008  mc_w.l(entry7b.o)
    0x08000138   0x00000000   Code   RO         3525    .ARM.Collect$$$$0000000A  mc_w.l(entry8b.o)
    0x08000138   0x00000008   Code   RO         3526    .ARM.Collect$$$$0000000B  mc_w.l(entry9a.o)
    0x08000140   0x00000000   Code   RO         3528    .ARM.Collect$$$$0000000D  mc_w.l(entry10a.o)
    0x08000140   0x00000000   Code   RO         3530    .ARM.Collect$$$$0000000F  mc_w.l(entry11a.o)
    0x08000140   0x00000004   Code   RO         3519    .ARM.Collect$$$$00002712  mc_w.l(entry2.o)
    0x08000144   0x00000024   Code   RO            4    .text               startup_stm32f103xe.o
    0x08000168   0x00000020   Code   RO         3237    .text               mc_w.l(llushr.o)
    0x08000188   0x00000024   Code   RO         3239    .text               mc_w.l(memseta.o)
    0x080001ac   0x000000b0   Code   RO         3502    .text               mf_w.l(fadd.o)
    0x0800025c   0x0000007c   Code   RO         3504    .text               mf_w.l(fdiv.o)
    0x080002d8   0x0000014e   Code   RO         3506    .text               mf_w.l(dadd.o)
    0x08000426   0x000000de   Code   RO         3508    .text               mf_w.l(ddiv.o)
    0x08000504   0x0000001a   Code   RO         3510    .text               mf_w.l(dfltui.o)
    0x0800051e   0x00000028   Code   RO         3512    .text               mf_w.l(ffixui.o)
    0x08000546   0x00000026   Code   RO         3514    .text               mf_w.l(f2d.o)
    0x0800056c   0x00000038   Code   RO         3516    .text               mf_w.l(d2f.o)
    0x080005a4   0x0000002c   Code   RO         3533    .text               mc_w.l(uidiv.o)
    0x080005d0   0x00000062   Code   RO         3535    .text               mc_w.l(uldiv.o)
    0x08000632   0x0000001e   Code   RO         3537    .text               mc_w.l(llshl.o)
    0x08000650   0x00000024   Code   RO         3539    .text               mc_w.l(llsshr.o)
    0x08000674   0x00000000   Code   RO         3541    .text               mc_w.l(iusefp.o)
    0x08000674   0x0000006e   Code   RO         3542    .text               mf_w.l(fepilogue.o)
    0x080006e2   0x000000ba   Code   RO         3544    .text               mf_w.l(depilogue.o)
    0x0800079c   0x000000e4   Code   RO         3546    .text               mf_w.l(dmul.o)
    0x08000880   0x00000030   Code   RO         3548    .text               mf_w.l(dfixul.o)
    0x080008b0   0x00000030   Code   RO         3550    .text               mf_w.l(cdrcmple.o)
    0x080008e0   0x00000024   Code   RO         3552    .text               mc_w.l(init.o)
    0x08000904   0x00000058   Code   RO          160    i.Buffercmp         main.o
    0x0800095c   0x00000002   Code   RO          456    i.BusFault_Handler  stm32f1xx_it.o
    0x0800095e   0x00000002   Code   RO          457    i.DebugMon_Handler  stm32f1xx_it.o
    0x08000960   0x00000014   Code   RO          161    i.Fill_Buffer       main.o
    0x08000974   0x00000130   Code   RO         2676    i.HAL_DMA_Abort_IT  stm32f1xx_hal_dma.o
    0x08000aa4   0x00000024   Code   RO         2318    i.HAL_Delay         stm32f1xx_hal.o
    0x08000ac8   0x000001e8   Code   RO         2611    i.HAL_GPIO_Init     stm32f1xx_hal_gpio.o
    0x08000cb0   0x0000000a   Code   RO         2613    i.HAL_GPIO_ReadPin  stm32f1xx_hal_gpio.o
    0x08000cba   0x00000008   Code   RO         2614    i.HAL_GPIO_TogglePin  stm32f1xx_hal_gpio.o
    0x08000cc2   0x0000000a   Code   RO         2615    i.HAL_GPIO_WritePin  stm32f1xx_hal_gpio.o
    0x08000ccc   0x0000000c   Code   RO         2322    i.HAL_GetTick       stm32f1xx_hal.o
    0x08000cd8   0x00000010   Code   RO         2326    i.HAL_IncTick       stm32f1xx_hal.o
    0x08000ce8   0x00000024   Code   RO         2327    i.HAL_Init          stm32f1xx_hal.o
    0x08000d0c   0x00000040   Code   RO         2328    i.HAL_InitTick      stm32f1xx_hal.o
    0x08000d4c   0x00000090   Code   RO          562    i.HAL_MspInit       stm32f1xx_hal_msp.o
    0x08000ddc   0x00000016   Code   RO         2771    i.HAL_NVIC_EnableIRQ  stm32f1xx_hal_cortex.o
    0x08000df2   0x00000002   PAD
    0x08000df4   0x00000040   Code   RO         2777    i.HAL_NVIC_SetPriority  stm32f1xx_hal_cortex.o
    0x08000e34   0x00000024   Code   RO         2778    i.HAL_NVIC_SetPriorityGrouping  stm32f1xx_hal_cortex.o
    0x08000e58   0x00000154   Code   RO         2471    i.HAL_RCC_ClockConfig  stm32f1xx_hal_rcc.o
    0x08000fac   0x0000000c   Code   RO         2476    i.HAL_RCC_GetHCLKFreq  stm32f1xx_hal_rcc.o
    0x08000fb8   0x00000020   Code   RO         2478    i.HAL_RCC_GetPCLK1Freq  stm32f1xx_hal_rcc.o
    0x08000fd8   0x00000020   Code   RO         2479    i.HAL_RCC_GetPCLK2Freq  stm32f1xx_hal_rcc.o
    0x08000ff8   0x0000006c   Code   RO         2480    i.HAL_RCC_GetSysClockFreq  stm32f1xx_hal_rcc.o
    0x08001064   0x00000304   Code   RO         2483    i.HAL_RCC_OscConfig  stm32f1xx_hal_rcc.o
    0x08001368   0x00000078   Code   RO          889    i.HAL_SD_ConfigWideBusOperation  stm32f1xx_hal_sd.o
    0x080013e0   0x000000b8   Code   RO          891    i.HAL_SD_Erase      stm32f1xx_hal_sd.o
    0x08001498   0x000001da   Code   RO          894    i.HAL_SD_GetCardCSD  stm32f1xx_hal_sd.o
    0x08001672   0x00000036   Code   RO          901    i.HAL_SD_Init       stm32f1xx_hal_sd.o
    0x080016a8   0x00000054   Code   RO          902    i.HAL_SD_InitCard   stm32f1xx_hal_sd.o
    0x080016fc   0x00000058   Code   RO          299    i.HAL_SD_MspInit    sdio.o
    0x08001754   0x000001b2   Code   RO          905    i.HAL_SD_ReadBlocks  stm32f1xx_hal_sd.o
    0x08001906   0x00000002   PAD
    0x08001908   0x0000019a   Code   RO          910    i.HAL_SD_WriteBlocks  stm32f1xx_hal_sd.o
    0x08001aa2   0x00000018   Code   RO         2780    i.HAL_SYSTICK_CLKSourceConfig  stm32f1xx_hal_cortex.o
    0x08001aba   0x00000002   Code   RO         2781    i.HAL_SYSTICK_Callback  stm32f1xx_hal_cortex.o
    0x08001abc   0x00000028   Code   RO         2782    i.HAL_SYSTICK_Config  stm32f1xx_hal_cortex.o
    0x08001ae4   0x00000008   Code   RO         2783    i.HAL_SYSTICK_IRQHandler  stm32f1xx_hal_cortex.o
    0x08001aec   0x00000002   Code   RO         1752    i.HAL_TIMEx_BreakCallback  stm32f1xx_hal_tim_ex.o
    0x08001aee   0x00000002   Code   RO         1753    i.HAL_TIMEx_CommutationCallback  stm32f1xx_hal_tim_ex.o
    0x08001af0   0x00000050   Code   RO         1769    i.HAL_TIMEx_MasterConfigSynchronization  stm32f1xx_hal_tim_ex.o
    0x08001b40   0x00000036   Code   RO         1123    i.HAL_TIM_Base_Init  stm32f1xx_hal_tim.o
    0x08001b76   0x00000002   PAD
    0x08001b78   0x0000007c   Code   RO          341    i.HAL_TIM_Base_MspInit  tim.o
    0x08001bf4   0x00000018   Code   RO         1128    i.HAL_TIM_Base_Start_IT  stm32f1xx_hal_tim.o
    0x08001c0c   0x000000f2   Code   RO         1132    i.HAL_TIM_ConfigClockSource  stm32f1xx_hal_tim.o
    0x08001cfe   0x00000002   PAD
    0x08001d00   0x0000007c   Code   RO          162    i.HAL_TIM_IC_CaptureCallback  main.o
    0x08001d7c   0x0000011a   Code   RO         1153    i.HAL_TIM_IC_ConfigChannel  stm32f1xx_hal_tim.o
    0x08001e96   0x00000036   Code   RO         1156    i.HAL_TIM_IC_Init   stm32f1xx_hal_tim.o
    0x08001ecc   0x00000002   Code   RO         1158    i.HAL_TIM_IC_MspInit  stm32f1xx_hal_tim.o
    0x08001ece   0x0000004c   Code   RO         1161    i.HAL_TIM_IC_Start_IT  stm32f1xx_hal_tim.o
    0x08001f1a   0x00000166   Code   RO         1165    i.HAL_TIM_IRQHandler  stm32f1xx_hal_tim.o
    0x08002080   0x00000002   Code   RO         1168    i.HAL_TIM_OC_DelayElapsedCallback  stm32f1xx_hal_tim.o
    0x08002082   0x00000002   Code   RO         1195    i.HAL_TIM_PWM_PulseFinishedCallback  stm32f1xx_hal_tim.o
    0x08002084   0x00000074   Code   RO          163    i.HAL_TIM_PeriodElapsedCallback  main.o
    0x080020f8   0x00000044   Code   RO         1203    i.HAL_TIM_ReadCapturedValue  stm32f1xx_hal_tim.o
    0x0800213c   0x00000002   Code   RO         1206    i.HAL_TIM_TriggerCallback  stm32f1xx_hal_tim.o
    0x0800213e   0x00000002   Code   RO         2006    i.HAL_UART_ErrorCallback  stm32f1xx_hal_uart.o
    0x08002140   0x00000110   Code   RO         2009    i.HAL_UART_IRQHandler  stm32f1xx_hal_uart.o
    0x08002250   0x00000062   Code   RO         2010    i.HAL_UART_Init     stm32f1xx_hal_uart.o
    0x080022b2   0x00000002   PAD
    0x080022b4   0x000000fc   Code   RO          389    i.HAL_UART_MspInit  usart.o
    0x080023b0   0x00000052   Code   RO         2015    i.HAL_UART_Receive_IT  stm32f1xx_hal_uart.o
    0x08002402   0x00000002   PAD
    0x08002404   0x0000022c   Code   RO          390    i.HAL_UART_RxCpltCallback  usart.o
    0x08002630   0x000000ba   Code   RO         2018    i.HAL_UART_Transmit  stm32f1xx_hal_uart.o
    0x080026ea   0x00000002   Code   RO         2021    i.HAL_UART_TxCpltCallback  stm32f1xx_hal_uart.o
    0x080026ec   0x00000002   Code   RO          458    i.HardFault_Handler  stm32f1xx_it.o
    0x080026ee   0x00000002   PAD
    0x080026f0   0x000000f8   Code   RO          274    i.MX_GPIO_Init      gpio.o
    0x080027e8   0x0000005c   Code   RO          300    i.MX_SDIO_SD_Init   sdio.o
    0x08002844   0x000000a4   Code   RO          342    i.MX_TIM5_Init      tim.o
    0x080028e8   0x00000058   Code   RO          343    i.MX_TIM6_Init      tim.o
    0x08002940   0x0000004c   Code   RO          391    i.MX_USART1_UART_Init  usart.o
    0x0800298c   0x0000004c   Code   RO          392    i.MX_USART2_UART_Init  usart.o
    0x080029d8   0x0000004c   Code   RO          393    i.MX_USART3_UART_Init  usart.o
    0x08002a24   0x00000002   Code   RO          459    i.MemManage_Handler  stm32f1xx_it.o
    0x08002a26   0x00000002   Code   RO          460    i.NMI_Handler       stm32f1xx_it.o
    0x08002a28   0x00000020   Code   RO         2784    i.NVIC_SetPriority  stm32f1xx_hal_cortex.o
    0x08002a48   0x00000002   Code   RO          461    i.PendSV_Handler    stm32f1xx_it.o
    0x08002a4a   0x00000024   Code   RO          622    i.SDIO_ConfigData   stm32f1xx_ll_sdmmc.o
    0x08002a6e   0x00000008   Code   RO          626    i.SDIO_GetPowerState  stm32f1xx_ll_sdmmc.o
    0x08002a76   0x0000000c   Code   RO          627    i.SDIO_GetResponse  stm32f1xx_ll_sdmmc.o
    0x08002a82   0x00000024   Code   RO          628    i.SDIO_Init         stm32f1xx_ll_sdmmc.o
    0x08002aa6   0x00000008   Code   RO          630    i.SDIO_PowerState_ON  stm32f1xx_ll_sdmmc.o
    0x08002aae   0x00000006   Code   RO          631    i.SDIO_ReadFIFO     stm32f1xx_ll_sdmmc.o
    0x08002ab4   0x00000020   Code   RO          632    i.SDIO_SendCommand  stm32f1xx_ll_sdmmc.o
    0x08002ad4   0x0000000a   Code   RO          634    i.SDIO_WriteFIFO    stm32f1xx_ll_sdmmc.o
    0x08002ade   0x00000032   Code   RO          635    i.SDMMC_CmdAppCommand  stm32f1xx_ll_sdmmc.o
    0x08002b10   0x00000034   Code   RO          636    i.SDMMC_CmdAppOperCommand  stm32f1xx_ll_sdmmc.o
    0x08002b44   0x00000032   Code   RO          637    i.SDMMC_CmdBlockLength  stm32f1xx_ll_sdmmc.o
    0x08002b76   0x00000032   Code   RO          638    i.SDMMC_CmdBusWidth  stm32f1xx_ll_sdmmc.o
    0x08002ba8   0x00000030   Code   RO          639    i.SDMMC_CmdErase    stm32f1xx_ll_sdmmc.o
    0x08002bd8   0x00000050   Code   RO          642    i.SDMMC_CmdGoIdleState  stm32f1xx_ll_sdmmc.o
    0x08002c28   0x00000068   Code   RO          644    i.SDMMC_CmdOperCond  stm32f1xx_ll_sdmmc.o
    0x08002c90   0x00000032   Code   RO          645    i.SDMMC_CmdReadMultiBlock  stm32f1xx_ll_sdmmc.o
    0x08002cc2   0x00000032   Code   RO          646    i.SDMMC_CmdReadSingleBlock  stm32f1xx_ll_sdmmc.o
    0x08002cf4   0x00000032   Code   RO          647    i.SDMMC_CmdSDEraseEndAdd  stm32f1xx_ll_sdmmc.o
    0x08002d26   0x00000032   Code   RO          648    i.SDMMC_CmdSDEraseStartAdd  stm32f1xx_ll_sdmmc.o
    0x08002d58   0x00000032   Code   RO          649    i.SDMMC_CmdSelDesel  stm32f1xx_ll_sdmmc.o
    0x08002d8a   0x0000002c   Code   RO          650    i.SDMMC_CmdSendCID  stm32f1xx_ll_sdmmc.o
    0x08002db6   0x0000002c   Code   RO          651    i.SDMMC_CmdSendCSD  stm32f1xx_ll_sdmmc.o
    0x08002de2   0x00000030   Code   RO          652    i.SDMMC_CmdSendSCR  stm32f1xx_ll_sdmmc.o
    0x08002e12   0x00000030   Code   RO          654    i.SDMMC_CmdSetRelAdd  stm32f1xx_ll_sdmmc.o
    0x08002e42   0x00000002   PAD
    0x08002e44   0x00000034   Code   RO          656    i.SDMMC_CmdStopTransfer  stm32f1xx_ll_sdmmc.o
    0x08002e78   0x00000032   Code   RO          658    i.SDMMC_CmdWriteMultiBlock  stm32f1xx_ll_sdmmc.o
    0x08002eaa   0x00000032   Code   RO          659    i.SDMMC_CmdWriteSingleBlock  stm32f1xx_ll_sdmmc.o
    0x08002edc   0x0000011c   Code   RO          660    i.SDMMC_GetCmdResp1  stm32f1xx_ll_sdmmc.o
    0x08002ff8   0x00000050   Code   RO          661    i.SDMMC_GetCmdResp2  stm32f1xx_ll_sdmmc.o
    0x08003048   0x00000040   Code   RO          662    i.SDMMC_GetCmdResp3  stm32f1xx_ll_sdmmc.o
    0x08003088   0x00000084   Code   RO          663    i.SDMMC_GetCmdResp6  stm32f1xx_ll_sdmmc.o
    0x0800310c   0x0000010c   Code   RO          164    i.SD_EraseTest      main.o
    0x08003218   0x000000d4   Code   RO          918    i.SD_FindSCR        stm32f1xx_hal_sd.o
    0x080032ec   0x000000e6   Code   RO          919    i.SD_InitCard       stm32f1xx_hal_sd.o
    0x080033d2   0x000000a2   Code   RO          920    i.SD_PowerON        stm32f1xx_hal_sd.o
    0x08003474   0x0000004e   Code   RO          922    i.SD_WideBus_Disable  stm32f1xx_hal_sd.o
    0x080034c2   0x0000004e   Code   RO          923    i.SD_WideBus_Enable  stm32f1xx_hal_sd.o
    0x08003510   0x00000104   Code   RO          165    i.SD_Write_Read_Test  main.o
    0x08003614   0x00000002   Code   RO          462    i.SVC_Handler       stm32f1xx_it.o
    0x08003616   0x0000000e   Code   RO          463    i.SysTick_Handler   stm32f1xx_it.o
    0x08003624   0x00000068   Code   RO          166    i.SystemClock_Config  main.o
    0x0800368c   0x00000048   Code   RO         3200    i.SystemInit        system_stm32f1xx.o
    0x080036d4   0x0000000c   Code   RO          464    i.TIM5_IRQHandler   stm32f1xx_it.o
    0x080036e0   0x0000000c   Code   RO          465    i.TIM6_IRQHandler   stm32f1xx_it.o
    0x080036ec   0x0000008c   Code   RO         1207    i.TIM_Base_SetConfig  stm32f1xx_hal_tim.o
    0x08003778   0x00000016   Code   RO         1208    i.TIM_CCxChannelCmd  stm32f1xx_hal_tim.o
    0x0800378e   0x00000014   Code   RO         1214    i.TIM_ETR_SetConfig  stm32f1xx_hal_tim.o
    0x080037a2   0x00000010   Code   RO         1215    i.TIM_ITRx_SetConfig  stm32f1xx_hal_tim.o
    0x080037b2   0x00000022   Code   RO         1221    i.TIM_TI1_ConfigInputStage  stm32f1xx_hal_tim.o
    0x080037d4   0x0000006c   Code   RO         1222    i.TIM_TI1_SetConfig  stm32f1xx_hal_tim.o
    0x08003840   0x00000024   Code   RO         1223    i.TIM_TI2_ConfigInputStage  stm32f1xx_hal_tim.o
    0x08003864   0x00000036   Code   RO         1224    i.TIM_TI2_SetConfig  stm32f1xx_hal_tim.o
    0x0800389a   0x00000010   Code   RO         2023    i.UART_DMAAbortOnError  stm32f1xx_hal_uart.o
    0x080038aa   0x0000001c   Code   RO         2033    i.UART_EndRxTransfer  stm32f1xx_hal_uart.o
    0x080038c6   0x00000096   Code   RO         2035    i.UART_Receive_IT   stm32f1xx_hal_uart.o
    0x0800395c   0x00000170   Code   RO         2036    i.UART_SetConfig    stm32f1xx_hal_uart.o
    0x08003acc   0x00000062   Code   RO         2037    i.UART_Transmit_IT  stm32f1xx_hal_uart.o
    0x08003b2e   0x00000064   Code   RO         2038    i.UART_WaitOnFlagUntilTimeout  stm32f1xx_hal_uart.o
    0x08003b92   0x00000002   PAD
    0x08003b94   0x0000000c   Code   RO          466    i.USART1_IRQHandler  stm32f1xx_it.o
    0x08003ba0   0x0000000c   Code   RO          467    i.USART2_IRQHandler  stm32f1xx_it.o
    0x08003bac   0x0000000c   Code   RO          468    i.USART3_IRQHandler  stm32f1xx_it.o
    0x08003bb8   0x00000002   Code   RO          469    i.UsageFault_Handler  stm32f1xx_it.o
    0x08003bba   0x00000002   Code   RO          167    i._Error_Handler    main.o
    0x08003bbc   0x00000020   Code   RO         3474    i.__0printf         mc_w.l(printfa.o)
    0x08003bdc   0x0000000e   Code   RO         3556    i.__scatterload_copy  mc_w.l(handlers.o)
    0x08003bea   0x00000002   Code   RO         3557    i.__scatterload_null  mc_w.l(handlers.o)
    0x08003bec   0x0000000e   Code   RO         3558    i.__scatterload_zeroinit  mc_w.l(handlers.o)
    0x08003bfa   0x00000002   PAD
    0x08003bfc   0x00000164   Code   RO         3481    i._fp_digits        mc_w.l(printfa.o)
    0x08003d60   0x000006dc   Code   RO         3482    i._printf_core      mc_w.l(printfa.o)
    0x0800443c   0x00000024   Code   RO         3483    i._printf_post_padding  mc_w.l(printfa.o)
    0x08004460   0x0000002e   Code   RO         3484    i._printf_pre_padding  mc_w.l(printfa.o)
    0x0800448e   0x00000002   PAD
    0x08004490   0x00000108   Code   RO           13    i.barrierScan       control.o
    0x08004598   0x00000018   Code   RO          168    i.eBuffercmp        main.o
    0x080045b0   0x00000028   Code   RO           14    i.filter            control.o
    0x080045d8   0x00000018   Code   RO          169    i.fputc             main.o
    0x080045f0   0x00000084   Code   RO           15    i.ifInsideOrOutside  control.o
    0x08004674   0x000001b8   Code   RO          170    i.main              main.o
    0x0800482c   0x00000024   Code   RO           16    i.sendEnd           control.o
    0x08004850   0x00000424   Code   RO           17    i.updateData        control.o
    0x08004c74   0x00000010   Data   RO         3201    .constdata          system_stm32f1xx.o
    0x08004c84   0x00000008   Data   RO         3202    .constdata          system_stm32f1xx.o
    0x08004c8c   0x00000020   Data   RO         3554    Region$$Table       anon$$obj.o


    Execution Region RW_IRAM1 (Base: 0x20000000, Size: 0x00008988, Max: 0x00010000, ABSOLUTE)

    Base Addr    Size         Type   Attr      Idx    E Section Name        Object

    0x20000000   0x00000003   Data   RW           19    .data               control.o
    0x20000003   0x00000001   Data   RW          177    .data               main.o
    0x20000004   0x00000001   Data   RW          178    .data               main.o
    0x20000005   0x00000003   PAD
    0x20000008   0x00000022   Data   RW          179    .data               main.o
    0x2000002a   0x00000002   Data   RW          180    .data               main.o
    0x2000002c   0x00000001   Data   RW          181    .data               main.o
    0x2000002d   0x00000001   Data   RW          182    .data               main.o
    0x2000002e   0x00000001   Data   RW          183    .data               main.o
    0x2000002f   0x00000001   Data   RW          184    .data               main.o
    0x20000030   0x0000001a   Data   RW          396    .data               usart.o
    0x2000004a   0x00000002   PAD
    0x2000004c   0x0000000c   Data   RW         2334    .data               stm32f1xx_hal.o
    0x20000058   0x00000004   Data   RW         3203    .data               system_stm32f1xx.o
    0x2000005c   0x00000004   Data   RW         3532    .data               mc_w.l(stdout.o)
    0x20000060   0x00000018   Zero   RW           18    .bss                control.o
    0x20000078   0x00000100   Zero   RW          172    .bss                main.o
    0x20000178   0x00000100   Zero   RW          173    .bss                main.o
    0x20000278   0x00000140   Zero   RW          174    .bss                main.o
    0x200003b8   0x00008000   Zero   RW          175    .bss                main.o
    0x200083b8   0x00000084   Zero   RW          301    .bss                sdio.o
    0x2000843c   0x00000080   Zero   RW          344    .bss                tim.o
    0x200084bc   0x000000c9   Zero   RW          394    .bss                usart.o
    0x20008585   0x00000003   PAD
    0x20008588   0x00000400   Zero   RW            1    STACK               startup_stm32f103xe.o


==============================================================================

Image component sizes


      Code (inc. data)   RO Data    RW Data    ZI Data      Debug   Object Name

      1532        638          0          3         24     505678   control.o
       248         18          0          0          0        995   gpio.o
      1470        448          0         42      33600       9332   main.o
       180         42          0          0        132       1549   sdio.o
        36          8        304          0       1024        792   startup_stm32f103xe.o
       164         28          0         12          0       3785   stm32f1xx_hal.o
       228         14          0          0          0      27249   stm32f1xx_hal_cortex.o
       304          8          0          0          0       1155   stm32f1xx_hal_dma.o
       516         42          0          0          0       4024   stm32f1xx_hal_gpio.o
       144         10          0          0          0        898   stm32f1xx_hal_msp.o
      1296        104          0          0          0       5576   stm32f1xx_hal_rcc.o
      2520          4          0          0          0      11944   stm32f1xx_hal_sd.o
      1596         40          0          0          0      14586   stm32f1xx_hal_tim.o
        84          0          0          0          0       2310   stm32f1xx_hal_tim_ex.o
      1402         10          0          0          0       9059   stm32f1xx_hal_uart.o
        90         30          0          0          0       5882   stm32f1xx_it.o
      1728         42          0          0          0      22090   stm32f1xx_ll_sdmmc.o
        72         16         24          4          0       1147   system_stm32f1xx.o
       376         66          0          0        128       2243   tim.o
      1036        212          0         26        201       4680   usart.o

    ----------------------------------------------------------------------
     15040       1780        360         92      35112     634974   Object Totals
         0          0         32          0          0          0   (incl. Generated)
        18          0          0          5          3          0   (incl. Padding)

    ----------------------------------------------------------------------

      Code (inc. data)   RO Data    RW Data    ZI Data      Debug   Library Member Name

         0          0          0          0          0          0   entry.o
         0          0          0          0          0          0   entry10a.o
         0          0          0          0          0          0   entry11a.o
         8          4          0          0          0          0   entry2.o
         4          0          0          0          0          0   entry5.o
         0          0          0          0          0          0   entry7b.o
         0          0          0          0          0          0   entry8b.o
         8          4          0          0          0          0   entry9a.o
        30          0          0          0          0          0   handlers.o
        36          8          0          0          0         68   init.o
         0          0          0          0          0          0   iusefp.o
        30          0          0          0          0         68   llshl.o
        36          0          0          0          0         68   llsshr.o
        32          0          0          0          0         68   llushr.o
        36          0          0          0          0        108   memseta.o
      2226         90          0          0          0        444   printfa.o
         0          0          0          4          0          0   stdout.o
        44          0          0          0          0         80   uidiv.o
        98          0          0          0          0         92   uldiv.o
        48          0          0          0          0         68   cdrcmple.o
        56          0          0          0          0         88   d2f.o
       334          0          0          0          0        148   dadd.o
       222          0          0          0          0        100   ddiv.o
       186          0          0          0          0        176   depilogue.o
        48          0          0          0          0         68   dfixul.o
        26          0          0          0          0         76   dfltui.o
       228          0          0          0          0         96   dmul.o
        38          0          0          0          0         68   f2d.o
       176          0          0          0          0        140   fadd.o
       124          0          0          0          0         88   fdiv.o
       110          0          0          0          0        168   fepilogue.o
        40          0          0          0          0         68   ffixui.o

    ----------------------------------------------------------------------
      4228        106          0          4          0       2348   Library Totals
         4          0          0          0          0          0   (incl. Padding)

    ----------------------------------------------------------------------

      Code (inc. data)   RO Data    RW Data    ZI Data      Debug   Library Name

      2588        106          0          4          0        996   mc_w.l
      1636          0          0          0          0       1352   mf_w.l

    ----------------------------------------------------------------------
      4228        106          0          4          0       2348   Library Totals

    ----------------------------------------------------------------------

==============================================================================


      Code (inc. data)   RO Data    RW Data    ZI Data      Debug   

     19268       1886        360         96      35112     628946   Grand Totals
     19268       1886        360         96      35112     628946   ELF Image Totals
     19268       1886        360         96          0          0   ROM Totals

==============================================================================

    Total RO  Size (Code + RO Data)                19628 (  19.17kB)
    Total RW  Size (RW Data + ZI Data)             35208 (  34.38kB)
    Total ROM Size (Code + RO Data + RW Data)      19724 (  19.26kB)

==============================================================================

