Component: ARM Compiler 5.05 update 2 (build 169) Tool: armlink [4d0f33]

==============================================================================

Section Cross References

    startup_stm32f103xe.o(RESET) refers to startup_stm32f103xe.o(STACK) for __initial_sp
    startup_stm32f103xe.o(RESET) refers to startup_stm32f103xe.o(.text) for Reset_Handler
    startup_stm32f103xe.o(RESET) refers to stm32f1xx_it.o(i.NMI_Handler) for NMI_Handler
    startup_stm32f103xe.o(RESET) refers to stm32f1xx_it.o(i.HardFault_Handler) for HardFault_Handler
    startup_stm32f103xe.o(RESET) refers to stm32f1xx_it.o(i.MemManage_Handler) for MemManage_Handler
    startup_stm32f103xe.o(RESET) refers to stm32f1xx_it.o(i.BusFault_Handler) for BusFault_Handler
    startup_stm32f103xe.o(RESET) refers to stm32f1xx_it.o(i.UsageFault_Handler) for UsageFault_Handler
    startup_stm32f103xe.o(RESET) refers to stm32f1xx_it.o(i.SVC_Handler) for SVC_Handler
    startup_stm32f103xe.o(RESET) refers to stm32f1xx_it.o(i.DebugMon_Handler) for DebugMon_Handler
    startup_stm32f103xe.o(RESET) refers to stm32f1xx_it.o(i.PendSV_Handler) for PendSV_Handler
    startup_stm32f103xe.o(RESET) refers to stm32f1xx_it.o(i.SysTick_Handler) for SysTick_Handler
    startup_stm32f103xe.o(RESET) refers to stm32f1xx_it.o(i.USART2_IRQHandler) for USART2_IRQHandler
    startup_stm32f103xe.o(RESET) refers to stm32f1xx_it.o(i.USART3_IRQHandler) for USART3_IRQHandler
    startup_stm32f103xe.o(RESET) refers to stm32f1xx_it.o(i.SDIO_IRQHandler) for SDIO_IRQHandler
    startup_stm32f103xe.o(RESET) refers to stm32f1xx_it.o(i.TIM5_IRQHandler) for TIM5_IRQHandler
    startup_stm32f103xe.o(RESET) refers to stm32f1xx_it.o(i.TIM6_IRQHandler) for TIM6_IRQHandler
    startup_stm32f103xe.o(RESET) refers to stm32f1xx_it.o(i.DMA2_Channel4_5_IRQHandler) for DMA2_Channel4_5_IRQHandler
    startup_stm32f103xe.o(.text) refers to system_stm32f1xx.o(i.SystemInit) for SystemInit
    startup_stm32f103xe.o(.text) refers to entry.o(.ARM.Collect$$$$00000000) for __main
    control.o(i.barrierScan) refers to stm32f1xx_hal_gpio.o(i.HAL_GPIO_ReadPin) for HAL_GPIO_ReadPin
    control.o(i.barrierScan) refers to stm32f1xx_hal.o(i.HAL_Delay) for HAL_Delay
    control.o(i.barrierScan) refers to stm32f1xx_hal_gpio.o(i.HAL_GPIO_WritePin) for HAL_GPIO_WritePin
    control.o(i.barrierScan) refers to control.o(i.sendEnd) for sendEnd
    control.o(i.barrierScan) refers to printfa.o(i.__0printf) for __2printf
    control.o(i.barrierScan) refers to ffixui.o(.text) for __aeabi_f2uiz
    control.o(i.barrierScan) refers to ffixi.o(.text) for __aeabi_f2iz
    control.o(i.barrierScan) refers to main.o(i.writeToSD) for writeToSD
    control.o(i.barrierScan) refers to main.o(.data) for probeStatus
    control.o(i.barrierScan) refers to control.o(.data) for .data
    control.o(i.barrierScan) refers to main.o(.data) for carDistance
    control.o(i.barrierScan) refers to main.o(.bss) for List
    control.o(i.barrierScan) refers to main.o(.data) for SD_SendData
    control.o(i.filter) refers to control.o(.data) for .data
    control.o(i.ifInsideOrOutside) refers to control.o(i.filter) for filter
    control.o(i.ifInsideOrOutside) refers to stm32f1xx_hal_gpio.o(i.HAL_GPIO_WritePin) for HAL_GPIO_WritePin
    control.o(i.ifInsideOrOutside) refers to printfa.o(i.__0printf) for __2printf
    control.o(i.ifInsideOrOutside) refers to control.o(i.sendEnd) for sendEnd
    control.o(i.ifInsideOrOutside) refers to control.o(.bss) for .bss
    control.o(i.ifInsideOrOutside) refers to control.o(.data) for .data
    control.o(i.sendEnd) refers to printfa.o(i.__0printf) for __2printf
    control.o(i.updateData) refers to control.o(i.sendEnd) for sendEnd
    control.o(i.updateData) refers to printfa.o(i.__0printf) for __2printf
    control.o(i.updateData) refers to f2d.o(.text) for __aeabi_f2d
    control.o(i.updateData) refers to stm32f1xx_hal_gpio.o(i.HAL_GPIO_WritePin) for HAL_GPIO_WritePin
    control.o(i.updateData) refers to main.o(.data) for Time_Sec
    control.o(i.updateData) refers to main.o(.data) for Height
    control.o(i.updateData) refers to main.o(.data) for carStatus
    control.o(i.updateData) refers to main.o(.data) for sendListFlag
    control.o(i.updateData) refers to main.o(.data) for sendListPage
    control.o(i.updateData) refers to main.o(.bss) for List
    main.o(i.Buffercmp) refers to printfa.o(i.__0printf) for __2printf
    main.o(i.Fatfs_RW_test) refers to printfa.o(i.__0printf) for __2printf
    main.o(i.Fatfs_RW_test) refers to ff.o(i.f_mount) for f_mount
    main.o(i.Fatfs_RW_test) refers to ff.o(i.f_open) for f_open
    main.o(i.Fatfs_RW_test) refers to ff.o(i.f_write) for f_write
    main.o(i.Fatfs_RW_test) refers to ff.o(i.f_lseek) for f_lseek
    main.o(i.Fatfs_RW_test) refers to ff.o(i.f_close) for f_close
    main.o(i.Fatfs_RW_test) refers to main.o(.bss) for .bss
    main.o(i.Fatfs_RW_test) refers to fatfs.o(.data) for retSD
    main.o(i.Fatfs_RW_test) refers to main.o(.data) for .data
[...]
    i.SDMMC_GetCmdResp6                      0x08003774   Section        0  stm32f1xx_ll_sdmmc.o(i.SDMMC_GetCmdResp6)
    SDMMC_GetCmdResp6                        0x08003775   Thumb Code   128  stm32f1xx_ll_sdmmc.o(i.SDMMC_GetCmdResp6)
    i.SD_DMARxAbort                          0x080037f8   Section        0  stm32f1xx_hal_sd.o(i.SD_DMARxAbort)
    SD_DMARxAbort                            0x080037f9   Thumb Code    72  stm32f1xx_hal_sd.o(i.SD_DMARxAbort)
    i.SD_DMATxAbort                          0x08003840   Section        0  stm32f1xx_hal_sd.o(i.SD_DMATxAbort)
    SD_DMATxAbort                            0x08003841   Thumb Code    72  stm32f1xx_hal_sd.o(i.SD_DMATxAbort)
    i.SD_FindSCR                             0x08003888   Section        0  stm32f1xx_hal_sd.o(i.SD_FindSCR)
    SD_FindSCR                               0x08003889   Thumb Code   212  stm32f1xx_hal_sd.o(i.SD_FindSCR)
    i.SD_InitCard                            0x0800395c   Section        0  stm32f1xx_hal_sd.o(i.SD_InitCard)
    SD_InitCard                              0x0800395d   Thumb Code   230  stm32f1xx_hal_sd.o(i.SD_InitCard)
    i.SD_PowerON                             0x08003a42   Section        0  stm32f1xx_hal_sd.o(i.SD_PowerON)
    SD_PowerON                               0x08003a43   Thumb Code   162  stm32f1xx_hal_sd.o(i.SD_PowerON)
    i.SD_WideBus_Disable                     0x08003ae4   Section        0  stm32f1xx_hal_sd.o(i.SD_WideBus_Disable)
    SD_WideBus_Disable                       0x08003ae5   Thumb Code    78  stm32f1xx_hal_sd.o(i.SD_WideBus_Disable)
    i.SD_WideBus_Enable                      0x08003b32   Section        0  stm32f1xx_hal_sd.o(i.SD_WideBus_Enable)
    SD_WideBus_Enable                        0x08003b33   Thumb Code    78  stm32f1xx_hal_sd.o(i.SD_WideBus_Enable)
    i.SD_initialize                          0x08003b80   Section        0  sd_diskio.o(i.SD_initialize)
    i.SD_ioctl                               0x08003ba0   Section        0  sd_diskio.o(i.SD_ioctl)
    i.SD_read                                0x08003bf0   Section        0  sd_diskio.o(i.SD_read)
    i.SD_status                              0x08003c2c   Section        0  sd_diskio.o(i.SD_status)
    i.SD_write                               0x08003c4c   Section        0  sd_diskio.o(i.SD_write)
    i.SVC_Handler                            0x08003c88   Section        0  stm32f1xx_it.o(i.SVC_Handler)
    i.SysTick_Handler                        0x08003c8a   Section        0  stm32f1xx_it.o(i.SysTick_Handler)
    i.SystemClock_Config                     0x08003c98   Section        0  main.o(i.SystemClock_Config)
    i.SystemInit                             0x08003d00   Section        0  system_stm32f1xx.o(i.SystemInit)
    i.TIM5_IRQHandler                        0x08003d48   Section        0  stm32f1xx_it.o(i.TIM5_IRQHandler)
    i.TIM6_IRQHandler                        0x08003d54   Section        0  stm32f1xx_it.o(i.TIM6_IRQHandler)
    i.TIM_Base_SetConfig                     0x08003d60   Section        0  stm32f1xx_hal_tim.o(i.TIM_Base_SetConfig)
    i.TIM_CCxChannelCmd                      0x08003dec   Section        0  stm32f1xx_hal_tim.o(i.TIM_CCxChannelCmd)
    i.TIM_ETR_SetConfig                      0x08003e02   Section        0  stm32f1xx_hal_tim.o(i.TIM_ETR_SetConfig)
    TIM_ETR_SetConfig                        0x08003e03   Thumb Code    20  stm32f1xx_hal_tim.o(i.TIM_ETR_SetConfig)
    i.TIM_ITRx_SetConfig                     0x08003e16   Section        0  stm32f1xx_hal_tim.o(i.TIM_ITRx_SetConfig)
    TIM_ITRx_SetConfig                       0x08003e17   Thumb Code    16  stm32f1xx_hal_tim.o(i.TIM_ITRx_SetConfig)
    i.TIM_TI1_ConfigInputStage               0x08003e26   Section        0  stm32f1xx_hal_tim.o(i.TIM_TI1_ConfigInputStage)
    TIM_TI1_ConfigInputStage                 0x08003e27   Thumb Code    34  stm32f1xx_hal_tim.o(i.TIM_TI1_ConfigInputStage)
    i.TIM_TI1_SetConfig                      0x08003e48   Section        0  stm32f1xx_hal_tim.o(i.TIM_TI1_SetConfig)
    i.TIM_TI2_ConfigInputStage               0x08003eb4   Section        0  stm32f1xx_hal_tim.o(i.TIM_TI2_ConfigInputStage)
    TIM_TI2_ConfigInputStage                 0x08003eb5   Thumb Code    36  stm32f1xx_hal_tim.o(i.TIM_TI2_ConfigInputStage)
    i.TIM_TI2_SetConfig                      0x08003ed8   Section        0  stm32f1xx_hal_tim.o(i.TIM_TI2_SetConfig)
    TIM_TI2_SetConfig                        0x08003ed9   Thumb Code    54  stm32f1xx_hal_tim.o(i.TIM_TI2_SetConfig)
    i.UART_DMAAbortOnError                   0x08003f0e   Section        0  stm32f1xx_hal_uart.o(i.UART_DMAAbortOnError)
    UART_DMAAbortOnError                     0x08003f0f   Thumb Code    16  stm32f1xx_hal_uart.o(i.UART_DMAAbortOnError)
    i.UART_EndRxTransfer                     0x08003f1e   Section        0  stm32f1xx_hal_uart.o(i.UART_EndRxTransfer)
    UART_EndRxTransfer                       0x08003f1f   Thumb Code    28  stm32f1xx_hal_uart.o(i.UART_EndRxTransfer)
    i.UART_Receive_IT                        0x08003f3a   Section        0  stm32f1xx_hal_uart.o(i.UART_Receive_IT)
    UART_Receive_IT                          0x08003f3b   Thumb Code   150  stm32f1xx_hal_uart.o(i.UART_Receive_IT)
    i.UART_SetConfig                         0x08003fd0   Section        0  stm32f1xx_hal_uart.o(i.UART_SetConfig)
    UART_SetConfig                           0x08003fd1   Thumb Code   364  stm32f1xx_hal_uart.o(i.UART_SetConfig)
    i.UART_Transmit_IT                       0x08004140   Section        0  stm32f1xx_hal_uart.o(i.UART_Transmit_IT)
    UART_Transmit_IT                         0x08004141   Thumb Code    98  stm32f1xx_hal_uart.o(i.UART_Transmit_IT)
    i.UART_WaitOnFlagUntilTimeout            0x080041a2   Section        0  stm32f1xx_hal_uart.o(i.UART_WaitOnFlagUntilTimeout)
    UART_WaitOnFlagUntilTimeout              0x080041a3   Thumb Code   100  stm32f1xx_hal_uart.o(i.UART_WaitOnFlagUntilTimeout)
    i.USART2_IRQHandler                      0x08004208   Section        0  stm32f1xx_it.o(i.USART2_IRQHandler)
    i.USART3_IRQHandler                      0x08004214   Section        0  stm32f1xx_it.o(i.USART3_IRQHandler)
    i.UsageFault_Handler                     0x08004220   Section        0  stm32f1xx_it.o(i.UsageFault_Handler)
    i._Error_Handler                         0x08004222   Section        0  main.o(i._Error_Handler)
    i.__0printf                              0x08004224   Section        0  printfa.o(i.__0printf)
    i.__scatterload_copy                     0x08004244   Section       14  handlers.o(i.__scatterload_copy)
    i.__scatterload_null                     0x08004252   Section        2  handlers.o(i.__scatterload_null)
    i.__scatterload_zeroinit                 0x08004254   Section       14  handlers.o(i.__scatterload_zeroinit)
    i._fp_digits                             0x08004264   Section        0  printfa.o(i._fp_digits)
    _fp_digits                               0x08004265   Thumb Code   334  printfa.o(i._fp_digits)
    i._printf_core                           0x080043c8   Section        0  printfa.o(i._printf_core)
    _printf_core                             0x080043c9   Thumb Code  1744  printfa.o(i._printf_core)
    i._printf_post_padding                   0x08004aa4   Section        0  printfa.o(i._printf_post_padding)
    _printf_post_padding                     0x08004aa5   Thumb Code    36  printfa.o(i._printf_post_padding)
    i._printf_pre_padding                    0x08004ac8   Section        0  printfa.o(i._printf_pre_padding)
    _printf_pre_padding                      0x08004ac9   Thumb Code    46  printfa.o(i._printf_pre_padding)
    i.barrierScan                            0x08004af8   Section        0  control.o(i.barrierScan)
    i.check_fs                               0x08004c20   Section        0  ff.o(i.check_fs)
    check_fs                                 0x08004c21   Thumb Code    90  ff.o(i.check_fs)
    i.chk_chr                                0x08004c80   Section        0  ff.o(i.chk_chr)
    chk_chr                                  0x08004c81   Thumb Code    16  ff.o(i.chk_chr)
    i.chk_lock                               0x08004c90   Section        0  ff.o(i.chk_lock)
    chk_lock                                 0x08004c91   Thumb Code   102  ff.o(i.chk_lock)
    i.clear_lock                             0x08004cfc   Section        0  ff.o(i.clear_lock)
    clear_lock                               0x08004cfd   Thumb Code    32  ff.o(i.clear_lock)
    i.clmt_clust                             0x08004d20   Section        0  ff.o(i.clmt_clust)
    clmt_clust                               0x08004d21   Thumb Code    42  ff.o(i.clmt_clust)
    i.clust2sect                             0x08004d4a   Section        0  ff.o(i.clust2sect)
    i.create_chain                           0x08004d68   Section        0  ff.o(i.create_chain)
    create_chain                             0x08004d69   Thumb Code   176  ff.o(i.create_chain)
    i.create_name                            0x08004e18   Section        0  ff.o(i.create_name)
    create_name                              0x08004e19   Thumb Code   558  ff.o(i.create_name)
    i.dec_lock                               0x0800505c   Section        0  ff.o(i.dec_lock)
    dec_lock                                 0x0800505d   Thumb Code    54  ff.o(i.dec_lock)
    i.dir_find                               0x08005098   Section        0  ff.o(i.dir_find)
    dir_find                                 0x08005099   Thumb Code   320  ff.o(i.dir_find)
    i.dir_next                               0x080051dc   Section        0  ff.o(i.dir_next)
    dir_next                                 0x080051dd   Thumb Code   286  ff.o(i.dir_next)
    i.dir_register                           0x080052fc   Section        0  ff.o(i.dir_register)
    dir_register                             0x080052fd   Thumb Code   460  ff.o(i.dir_register)
    i.dir_sdi                                0x080054cc   Section        0  ff.o(i.dir_sdi)
    dir_sdi                                  0x080054cd   Thumb Code   152  ff.o(i.dir_sdi)
    i.disk_initialize                        0x08005564   Section        0  diskio.o(i.disk_initialize)
    i.disk_ioctl                             0x0800558c   Section        0  diskio.o(i.disk_ioctl)
    i.disk_read                              0x080055a8   Section        0  diskio.o(i.disk_read)
    i.disk_status                            0x080055c4   Section        0  diskio.o(i.disk_status)
    i.disk_write                             0x080055dc   Section        0  diskio.o(i.disk_write)
    i.f_close                                0x080055f8   Section        0  ff.o(i.f_close)
    i.f_lseek                                0x08005624   Section        0  ff.o(i.f_lseek)
    i.f_mount                                0x080058a8   Section        0  ff.o(i.f_mount)
    i.f_open                                 0x08005904   Section        0  ff.o(i.f_open)
    i.f_sync                                 0x08005ab0   Section        0  ff.o(i.f_sync)
    i.f_write                                0x08005b68   Section        0  ff.o(i.f_write)
    i.ff_convert                             0x08005d40   Section        0  cc936.o(i.ff_convert)
    i.ff_wtoupper                            0x08005d8c   Section        0  cc936.o(i.ff_wtoupper)
    i.filter                                 0x08005db0   Section        0  control.o(i.filter)
    i.find_volume                            0x08005dd8   Section        0  ff.o(i.find_volume)
    find_volume                              0x08005dd9   Thumb Code   588  ff.o(i.find_volume)
    i.follow_path                            0x08006030   Section        0  ff.o(i.follow_path)
    follow_path                              0x08006031   Thumb Code   114  ff.o(i.follow_path)
    i.fputc                                  0x080060a4   Section        0  main.o(i.fputc)
    i.gen_numname                            0x080060bc   Section        0  ff.o(i.gen_numname)
    gen_numname                              0x080060bd   Thumb Code   136  ff.o(i.gen_numname)
    i.get_fat                                0x08006148   Section        0  ff.o(i.get_fat)
    i.get_fattime                            0x0800620a   Section        0  fatfs.o(i.get_fattime)
    i.get_ldnumber                           0x0800620e   Section        0  ff.o(i.get_ldnumber)
    get_ldnumber                             0x0800620f   Thumb Code    60  ff.o(i.get_ldnumber)
    i.ifInsideOrOutside                      0x0800624c   Section        0  control.o(i.ifInsideOrOutside)
    i.inc_lock                               0x080062d0   Section        0  ff.o(i.inc_lock)
    inc_lock                                 0x080062d1   Thumb Code   154  ff.o(i.inc_lock)
    i.ld_clust                               0x08006370   Section        0  ff.o(i.ld_clust)
    ld_clust                                 0x08006371   Thumb Code    20  ff.o(i.ld_clust)
    i.main                                   0x08006384   Section        0  main.o(i.main)
    i.mem_cpy                                0x080065b0   Section        0  ff.o(i.mem_cpy)
    mem_cpy                                  0x080065b1   Thumb Code    18  ff.o(i.mem_cpy)
    i.mem_set                                0x080065c2   Section        0  ff.o(i.mem_set)
    mem_set                                  0x080065c3   Thumb Code    14  ff.o(i.mem_set)
    i.move_window                            0x080065d0   Section        0  ff.o(i.move_window)
    move_window                              0x080065d1   Thumb Code    54  ff.o(i.move_window)
    i.put_fat                                0x08006606   Section        0  ff.o(i.put_fat)
    i.remove_chain                           0x080066fe   Section        0  ff.o(i.remove_chain)
    remove_chain                             0x080066ff   Thumb Code   110  ff.o(i.remove_chain)
    i.sendEnd                                0x0800676c   Section        0  control.o(i.sendEnd)
    i.st_clust                               0x08006790   Section        0  ff.o(i.st_clust)
    st_clust                                 0x08006791   Thumb Code    16  ff.o(i.st_clust)
    i.sum_sfn                                0x080067a0   Section        0  ff.o(i.sum_sfn)
    sum_sfn                                  0x080067a1   Thumb Code    26  ff.o(i.sum_sfn)
    i.sync_fs                                0x080067ba   Section        0  ff.o(i.sync_fs)
    sync_fs                                  0x080067bb   Thumb Code   182  ff.o(i.sync_fs)
    i.sync_window                            0x08006870   Section        0  ff.o(i.sync_window)
    sync_window                              0x08006871   Thumb Code    96  ff.o(i.sync_window)
    i.updateData                             0x080068d0   Section        0  control.o(i.updateData)
    i.validate                               0x08006cf4   Section        0  ff.o(i.validate)
    validate                                 0x08006cf5   Thumb Code    44  ff.o(i.validate)
    i.writeToSD                              0x08006d20   Section        0  main.o(i.writeToSD)
    .constdata                               0x08006f14   Section       16  system_stm32f1xx.o(.constdata)
    .constdata                               0x08006f24   Section        8  system_stm32f1xx.o(.constdata)
    .constdata                               0x08006f2c   Section    175304  cc936.o(.constdata)
    uni2oem                                  0x08006f2c   Data       87172  cc936.o(.constdata)
    oem2uni                                  0x0801c3b0   Data       87172  cc936.o(.constdata)
    tbl_lower                                0x08031834   Data         480  cc936.o(.constdata)
    tbl_upper                                0x08031a14   Data         480  cc936.o(.constdata)
    .constdata                               0x08031bf4   Section       20  sd_diskio.o(.constdata)
    .constdata                               0x08031c08   Section       58  ff.o(.constdata)
    LfnOfs                                   0x08031c08   Data          13  ff.o(.constdata)
    vst                                      0x08031c16   Data          22  ff.o(.constdata)
    cst                                      0x08031c2c   Data          22  ff.o(.constdata)
    .data                                    0x20000000   Section        8  control.o(.data)
    .data                                    0x20000008   Section        1  main.o(.data)
    .data                                    0x20000009   Section        1  main.o(.data)
    .data                                    0x2000000c   Section       80  main.o(.data)
    .data                                    0x2000005c   Section        2  main.o(.data)
    .data                                    0x2000005e   Section        1  main.o(.data)
    .data                                    0x2000005f   Section        1  main.o(.data)
    .data                                    0x20000060   Section        1  main.o(.data)
    .data                                    0x20000064   Section        4  main.o(.data)
    .data                                    0x20000068   Section       20  main.o(.data)
    .data                                    0x2000007c   Section        4  main.o(.data)
    .data                                    0x20000080   Section        5  fatfs.o(.data)
    .data                                    0x20000086   Section       26  usart.o(.data)
    .data                                    0x200000a0   Section       12  stm32f1xx_hal.o(.data)
    .data                                    0x200000ac   Section        4  system_stm32f1xx.o(.data)
    .data                                    0x200000b0   Section        1  sd_diskio.o(.data)
    Stat                                     0x200000b0   Data           1  sd_diskio.o(.data)
    .data                                    0x200000b4   Section        8  ff.o(.data)
    Fsid                                     0x200000b4   Data           2  ff.o(.data)
    FatFs                                    0x200000b8   Data           4  ff.o(.data)
    .bss                                     0x200000bc   Section       24  control.o(.bss)
    .bss                                     0x200000d4   Section      256  main.o(.bss)
    .bss                                     0x200001d4   Section      256  main.o(.bss)
    .bss                                     0x200002d4   Section      320  main.o(.bss)
    .bss                                     0x20000414   Section    33884  main.o(.bss)
    .bss                                     0x20008870   Section      200  sdio.o(.bss)
    .bss                                     0x20008938   Section      128  tim.o(.bss)
    .bss                                     0x200089b8   Section      201  usart.o(.bss)
    .bss                                     0x20008a84   Section       24  ff.o(.bss)
    Files                                    0x20008a84   Data          24  ff.o(.bss)
    .bss                                     0x20008a9c   Section       12  ff_gen_drv.o(.bss)
    STACK                                    0x20008aa8   Section     4096  startup_stm32f103xe.o(STACK)

    Global Symbols

    Symbol Name                              Value     Ov Type        Size  Object(Section)

    BuildAttributes$$THM_ISAv4$P$D$K$B$S$PE$A:L22UL41UL21$X:L11$S22US41US21$IEEE1$IW$USESV6$~STKCKD$USESV7$~SHL$OTIME$ROPI$EBA8$MICROLIB$REQ8$PRES8$EABIv2 0x00000000   Number         0  anon$$obj.o ABSOLUTE
    __ARM_use_no_argv                        0x00000000   Number         0  main.o ABSOLUTE
    __use_no_errno                           0x00000000   Number         0  useno.o ABSOLUTE
    __use_no_exception_handling              0x00000000   Number         0  useno.o ABSOLUTE
    __use_no_fp                              0x00000000   Number         0  useno.o ABSOLUTE
    __use_no_heap                            0x00000000   Number         0  useno.o ABSOLUTE
    __use_no_heap_region                     0x00000000   Number         0  useno.o ABSOLUTE
    __use_no_semihosting                     0x00000000   Number         0  useno.o ABSOLUTE
    __use_no_semihosting_swi                 0x00000000   Number         0  useno.o ABSOLUTE
    __use_no_signal_handling                 0x00000000   Number         0  useno.o ABSOLUTE
    _printf_a                                0x00000000   Number         0  stubs.o ABSOLUTE
    _printf_c                                0x00000000   Number         0  stubs.o ABSOLUTE
    _printf_charcount                        0x00000000   Number         0  stubs.o ABSOLUTE
    _printf_d                                0x00000000   Number         0  stubs.o ABSOLUTE
    _printf_e                                0x00000000   Number         0  stubs.o ABSOLUTE
    _printf_f                                0x00000000   Number         0  stubs.o ABSOLUTE
    _printf_flags                            0x00000000   Number         0  stubs.o ABSOLUTE
    _printf_fp_dec                           0x00000000   Number         0  stubs.o ABSOLUTE
    _printf_fp_hex                           0x00000000   Number         0  stubs.o ABSOLUTE
    _printf_g                                0x00000000   Number         0  stubs.o ABSOLUTE
    _printf_i                                0x00000000   Number         0  stubs.o ABSOLUTE
    _printf_int_dec                          0x00000000   Number         0  stubs.o ABSOLUTE
    _printf_l                                0x00000000   Number         0  stubs.o ABSOLUTE
    _printf_lc                               0x00000000   Number         0  stubs.o ABSOLUTE
    _printf_ll                               0x00000000   Number         0  stubs.o ABSOLUTE
    _printf_lld                              0x00000000   Number         0  stubs.o ABSOLUTE
    _printf_lli                              0x00000000   Number         0  stubs.o ABSOLUTE
    _printf_llo                              0x00000000   Number         0  stubs.o ABSOLUTE
    _printf_llu                              0x00000000   Number         0  stubs.o ABSOLUTE
    _printf_llx                              0x00000000   Number         0  stubs.o ABSOLUTE
    _printf_longlong_dec                     0x00000000   Number         0  stubs.o ABSOLUTE
    _printf_longlong_hex                     0x00000000   Number         0  stubs.o ABSOLUTE
    _printf_longlong_oct                     0x00000000   Number         0  stubs.o ABSOLUTE
    _printf_ls                               0x00000000   Number         0  stubs.o ABSOLUTE
    _printf_mbtowc                           0x00000000   Number         0  stubs.o ABSOLUTE
    _printf_n                                0x00000000   Number         0  stubs.o ABSOLUTE
    _printf_o                                0x00000000   Number         0  stubs.o ABSOLUTE
    _printf_p                                0x00000000   Number         0  stubs.o ABSOLUTE
    _printf_percent                          0x00000000   Number         0  stubs.o ABSOLUTE
    _printf_pre_padding                      0x00000000   Number         0  stubs.o ABSOLUTE
    _printf_return_value                     0x00000000   Number         0  stubs.o ABSOLUTE
    _printf_s                                0x00000000   Number         0  stubs.o ABSOLUTE
    _printf_sizespec                         0x00000000   Number         0  stubs.o ABSOLUTE
    _printf_str                              0x00000000   Number         0  stubs.o ABSOLUTE
    _printf_truncate_signed                  0x00000000   Number         0  stubs.o ABSOLUTE
    _printf_truncate_unsigned                0x00000000   Number         0  stubs.o ABSOLUTE
    _printf_u                                0x00000000   Number         0  stubs.o ABSOLUTE
    _printf_wc                               0x00000000   Number         0  stubs.o ABSOLUTE
    _printf_wctomb                           0x00000000   Number         0  stubs.o ABSOLUTE
    _printf_widthprec                        0x00000000   Number         0  stubs.o ABSOLUTE
    _printf_x                                0x00000000   Number         0  stubs.o ABSOLUTE
    __cpp_initialize__aeabi_                  - Undefined Weak Reference
    __cxa_finalize                            - Undefined Weak Reference
    __decompress                              - Undefined Weak Reference
    _clock_init                               - Undefined Weak Reference
    _microlib_exit                            - Undefined Weak Reference
    __Vectors_Size                           0x00000130   Number         0  startup_stm32f103xe.o ABSOLUTE
    __Vectors                                0x08000000   Data           4  startup_stm32f103xe.o(RESET)
    __Vectors_End                            0x08000130   Data           0  startup_stm32f103xe.o(RESET)
    __main                                   0x08000131   Thumb Code     0  entry.o(.ARM.Collect$$$$00000000)
    _main_stk                                0x08000131   Thumb Code     0  entry2.o(.ARM.Collect$$$$00000001)
    _main_scatterload                        0x08000135   Thumb Code     0  entry5.o(.ARM.Collect$$$$00000004)
    __main_after_scatterload                 0x08000139   Thumb Code     0  entry5.o(.ARM.Collect$$$$00000004)
    _main_clock                              0x08000139   Thumb Code     0  entry7b.o(.ARM.Collect$$$$00000008)
    _main_cpp_init                           0x08000139   Thumb Code     0  entry8b.o(.ARM.Collect$$$$0000000A)
    _main_init                               0x08000139   Thumb Code     0  entry9a.o(.ARM.Collect$$$$0000000B)
    __rt_final_cpp                           0x08000141   Thumb Code     0  entry10a.o(.ARM.Collect$$$$0000000D)
    __rt_final_exit                          0x08000141   Thumb Code     0  entry11a.o(.ARM.Collect$$$$0000000F)
    Reset_Handler                            0x08000145   Thumb Code     8  startup_stm32f103xe.o(.text)
    ADC1_2_IRQHandler                        0x0800015f   Thumb Code     0  startup_stm32f103xe.o(.text)
    ADC3_IRQHandler                          0x0800015f   Thumb Code     0  startup_stm32f103xe.o(.text)
    CAN1_RX1_IRQHandler                      0x0800015f   Thumb Code     0  startup_stm32f103xe.o(.text)
    CAN1_SCE_IRQHandler                      0x0800015f   Thumb Code     0  startup_stm32f103xe.o(.text)
    DMA1_Channel1_IRQHandler                 0x0800015f   Thumb Code     0  startup_stm32f103xe.o(.text)
    DMA1_Channel2_IRQHandler                 0x0800015f   Thumb Code     0  startup_stm32f103xe.o(.text)
    DMA1_Channel3_IRQHandler                 0x0800015f   Thumb Code     0  startup_stm32f103xe.o(.text)
    DMA1_Channel4_IRQHandler                 0x0800015f   Thumb Code     0  startup_stm32f103xe.o(.text)
    DMA1_Channel5_IRQHandler                 0x0800015f   Thumb Code     0  startup_stm32f103xe.o(.text)
    DMA1_Channel6_IRQHandler                 0x0800015f   Thumb Code     0  startup_stm32f103xe.o(.text)
    DMA1_Channel7_IRQHandler                 0x0800015f   Thumb Code     0  startup_stm32f103xe.o(.text)
    DMA2_Channel1_IRQHandler                 0x0800015f   Thumb Code     0  startup_stm32f103xe.o(.text)
    DMA2_Channel2_IRQHandler                 0x0800015f   Thumb Code     0  startup_stm32f103xe.o(.text)
    DMA2_Channel3_IRQHandler                 0x0800015f   Thumb Code     0  startup_stm32f103xe.o(.text)
    EXTI0_IRQHandler                         0x0800015f   Thumb Code     0  startup_stm32f103xe.o(.text)
    EXTI15_10_IRQHandler                     0x0800015f   Thumb Code     0  startup_stm32f103xe.o(.text)
    EXTI1_IRQHandler                         0x0800015f   Thumb Code     0  startup_stm32f103xe.o(.text)
    EXTI2_IRQHandler                         0x0800015f   Thumb Code     0  startup_stm32f103xe.o(.text)
    EXTI3_IRQHandler                         0x0800015f   Thumb Code     0  startup_stm32f103xe.o(.text)
    EXTI4_IRQHandler                         0x0800015f   Thumb Code     0  startup_stm32f103xe.o(.text)
    EXTI9_5_IRQHandler                       0x0800015f   Thumb Code     0  startup_stm32f103xe.o(.text)
    FLASH_IRQHandler                         0x0800015f   Thumb Code     0  startup_stm32f103xe.o(.text)
    FSMC_IRQHandler                          0x0800015f   Thumb Code     0  startup_stm32f103xe.o(.text)
    I2C1_ER_IRQHandler                       0x0800015f   Thumb Code     0  startup_stm32f103xe.o(.text)
    I2C1_EV_IRQHandler                       0x0800015f   Thumb Code     0  startup_stm32f103xe.o(.text)
    I2C2_ER_IRQHandler                       0x0800015f   Thumb Code     0  startup_stm32f103xe.o(.text)
    I2C2_EV_IRQHandler                       0x0800015f   Thumb Code     0  startup_stm32f103xe.o(.text)
    PVD_IRQHandler                           0x0800015f   Thumb Code     0  startup_stm32f103xe.o(.text)
    RCC_IRQHandler                           0x0800015f   Thumb Code     0  startup_stm32f103xe.o(.text)
    RTC_Alarm_IRQHandler                     0x0800015f   Thumb Code     0  startup_stm32f103xe.o(.text)
    RTC_IRQHandler                           0x0800015f   Thumb Code     0  startup_stm32f103xe.o(.text)
    SPI1_IRQHandler                          0x0800015f   Thumb Code     0  startup_stm32f103xe.o(.text)
    SPI2_IRQHandler                          0x0800015f   Thumb Code     0  startup_stm32f103xe.o(.text)
    SPI3_IRQHandler                          0x0800015f   Thumb Code     0  startup_stm32f103xe.o(.text)
    TAMPER_IRQHandler                        0x0800015f   Thumb Code     0  startup_stm32f103xe.o(.text)
    TIM1_BRK_IRQHandler                      0x0800015f   Thumb Code     0  startup_stm32f103xe.o(.text)
    TIM1_CC_IRQHandler                       0x0800015f   Thumb Code     0  startup_stm32f103xe.o(.text)
    TIM1_TRG_COM_IRQHandler                  0x0800015f   Thumb Code     0  startup_stm32f103xe.o(.text)
    TIM1_UP_IRQHandler                       0x0800015f   Thumb Code     0  startup_stm32f103xe.o(.text)
    TIM2_IRQHandler                          0x0800015f   Thumb Code     0  startup_stm32f103xe.o(.text)
    TIM3_IRQHandler                          0x0800015f   Thumb Code     0  startup_stm32f103xe.o(.text)
    TIM4_IRQHandler                          0x0800015f   Thumb Code     0  startup_stm32f103xe.o(.text)
    TIM7_IRQHandler                          0x0800015f   Thumb Code     0  startup_stm32f103xe.o(.text)
    TIM8_BRK_IRQHandler                      0x0800015f   Thumb Code     0  startup_stm32f103xe.o(.text)
    TIM8_CC_IRQHandler                       0x0800015f   Thumb Code     0  startup_stm32f103xe.o(.text)
    TIM8_TRG_COM_IRQHandler                  0x0800015f   Thumb Code     0  startup_stm32f103xe.o(.text)
    TIM8_UP_IRQHandler                       0x0800015f   Thumb Code     0  startup_stm32f103xe.o(.text)
    UART4_IRQHandler                         0x0800015f   Thumb Code     0  startup_stm32f103xe.o(.text)
    UART5_IRQHandler                         0x0800015f   Thumb Code     0  startup_stm32f103xe.o(.text)
    USART1_IRQHandler                        0x0800015f   Thumb Code     0  startup_stm32f103xe.o(.text)
    USBWakeUp_IRQHandler                     0x0800015f   Thumb Code     0  startup_stm32f103xe.o(.text)
    USB_HP_CAN1_TX_IRQHandler                0x0800015f   Thumb Code     0  startup_stm32f103xe.o(.text)
    USB_LP_CAN1_RX0_IRQHandler               0x0800015f   Thumb Code     0  startup_stm32f103xe.o(.text)
    WWDG_IRQHandler                          0x0800015f   Thumb Code     0  startup_stm32f103xe.o(.text)
    __aeabi_llsr                             0x08000169   Thumb Code    32  llushr.o(.text)
    _ll_ushift_r                             0x08000169   Thumb Code     0  llushr.o(.text)
    __aeabi_memset                           0x08000189   Thumb Code    14  memseta.o(.text)
    __aeabi_memset4                          0x08000189   Thumb Code     0  memseta.o(.text)
    __aeabi_memset8                          0x08000189   Thumb Code     0  memseta.o(.text)
    __aeabi_memclr                           0x08000197   Thumb Code     4  memseta.o(.text)
    __aeabi_memclr4                          0x08000197   Thumb Code     0  memseta.o(.text)
    __aeabi_memclr8                          0x08000197   Thumb Code     0  memseta.o(.text)
    _memset$wrapper                          0x0800019b   Thumb Code    18  memseta.o(.text)
    __aeabi_fadd                             0x080001ad   Thumb Code   164  fadd.o(.text)
    __aeabi_fsub                             0x08000251   Thumb Code     6  fadd.o(.text)
    __aeabi_frsub                            0x08000257   Thumb Code     6  fadd.o(.text)
    __aeabi_fdiv                             0x0800025d   Thumb Code   124  fdiv.o(.text)
    __aeabi_dadd                             0x080002d9   Thumb Code   322  dadd.o(.text)
    __aeabi_dsub                             0x0800041b   Thumb Code     6  dadd.o(.text)
    __aeabi_drsub                            0x08000421   Thumb Code     6  dadd.o(.text)
    __aeabi_ddiv                             0x08000427   Thumb Code   222  ddiv.o(.text)
    __aeabi_ui2d                             0x08000505   Thumb Code    26  dfltui.o(.text)
    __aeabi_f2iz                             0x0800051f   Thumb Code    50  ffixi.o(.text)
    __aeabi_f2uiz                            0x08000551   Thumb Code    40  ffixui.o(.text)
    __aeabi_f2d                              0x08000579   Thumb Code    38  f2d.o(.text)
    __aeabi_d2f                              0x0800059f   Thumb Code    56  d2f.o(.text)
    __aeabi_uidiv                            0x080005d7   Thumb Code     0  uidiv.o(.text)
    __aeabi_uidivmod                         0x080005d7   Thumb Code    44  uidiv.o(.text)
    __aeabi_uldivmod                         0x08000603   Thumb Code    98  uldiv.o(.text)
    __aeabi_llsl                             0x08000665   Thumb Code    30  llshl.o(.text)
    _ll_shift_l                              0x08000665   Thumb Code     0  llshl.o(.text)
    __aeabi_lasr                             0x08000683   Thumb Code    36  llsshr.o(.text)
    _ll_sshift_r                             0x08000683   Thumb Code     0  llsshr.o(.text)
    __I$use$fp                               0x080006a7   Thumb Code     0  iusefp.o(.text)
    _float_round                             0x080006a7   Thumb Code    18  fepilogue.o(.text)
    _float_epilogue                          0x080006b9   Thumb Code    92  fepilogue.o(.text)
    _double_round                            0x08000715   Thumb Code    30  depilogue.o(.text)
    _double_epilogue                         0x08000733   Thumb Code   156  depilogue.o(.text)
    __aeabi_dmul                             0x080007cf   Thumb Code   228  dmul.o(.text)
    __aeabi_d2ulz                            0x080008b3   Thumb Code    48  dfixul.o(.text)
    __aeabi_cdrcmple                         0x080008e5   Thumb Code    48  cdrcmple.o(.text)
    __scatterload                            0x08000915   Thumb Code    28  init.o(.text)
    __scatterload_rt2                        0x08000915   Thumb Code     0  init.o(.text)
    BSP_SD_AbortCallback                     0x08000939   Thumb Code     2  bsp_driver_sd.o(i.BSP_SD_AbortCallback)
    BSP_SD_GetCardInfo                       0x0800093d   Thumb Code     8  bsp_driver_sd.o(i.BSP_SD_GetCardInfo)
    BSP_SD_GetCardState                      0x08000949   Thumb Code    20  bsp_driver_sd.o(i.BSP_SD_GetCardState)
    BSP_SD_Init                              0x08000961   Thumb Code    48  bsp_driver_sd.o(i.BSP_SD_Init)
    BSP_SD_ReadBlocks                        0x08000995   Thumb Code    26  bsp_driver_sd.o(i.BSP_SD_ReadBlocks)
    BSP_SD_ReadCpltCallback                  0x080009b5   Thumb Code     2  bsp_driver_sd.o(i.BSP_SD_ReadCpltCallback)
    BSP_SD_WriteBlocks                       0x080009b9   Thumb Code    26  bsp_driver_sd.o(i.BSP_SD_WriteBlocks)
    BSP_SD_WriteCpltCallback                 0x080009d9   Thumb Code     2  bsp_driver_sd.o(i.BSP_SD_WriteCpltCallback)
    BusFault_Handler                         0x080009db   Thumb Code     2  stm32f1xx_it.o(i.BusFault_Handler)
    DMA2_Channel4_5_IRQHandler               0x080009dd   Thumb Code     6  stm32f1xx_it.o(i.DMA2_Channel4_5_IRQHandler)
    DebugMon_Handler                         0x080009e9   Thumb Code     2  stm32f1xx_it.o(i.DebugMon_Handler)
    FATFS_LinkDriver                         0x080009eb   Thumb Code     6  ff_gen_drv.o(i.FATFS_LinkDriver)
    FATFS_LinkDriverEx                       0x080009f1   Thumb Code    60  ff_gen_drv.o(i.FATFS_LinkDriverEx)
    Fatfs_RW_test                            0x08000a31   Thumb Code   194  main.o(i.Fatfs_RW_test)
    HAL_DMA_Abort_IT                         0x08000c11   Thumb Code   296  stm32f1xx_hal_dma.o(i.HAL_DMA_Abort_IT)
    HAL_DMA_IRQHandler                       0x08000d41   Thumb Code   552  stm32f1xx_hal_dma.o(i.HAL_DMA_IRQHandler)
    HAL_DMA_Init                             0x08000f89   Thumb Code   120  stm32f1xx_hal_dma.o(i.HAL_DMA_Init)
    HAL_Delay                                0x0800100d   Thumb Code    32  stm32f1xx_hal.o(i.HAL_Delay)
    HAL_GPIO_Init                            0x08001031   Thumb Code   446  stm32f1xx_hal_gpio.o(i.HAL_GPIO_Init)
    HAL_GPIO_ReadPin                         0x08001219   Thumb Code    10  stm32f1xx_hal_gpio.o(i.HAL_GPIO_ReadPin)
    HAL_GPIO_TogglePin                       0x08001223   Thumb Code     8  stm32f1xx_hal_gpio.o(i.HAL_GPIO_TogglePin)
    HAL_GPIO_WritePin                        0x0800122b   Thumb Code    10  stm32f1xx_hal_gpio.o(i.HAL_GPIO_WritePin)
    HAL_GetTick                              0x08001235   Thumb Code     6  stm32f1xx_hal.o(i.HAL_GetTick)
    HAL_IncTick                              0x08001241   Thumb Code    12  stm32f1xx_hal.o(i.HAL_IncTick)
    HAL_Init                                 0x08001251   Thumb Code    32  stm32f1xx_hal.o(i.HAL_Init)
    HAL_InitTick                             0x08001275   Thumb Code    54  stm32f1xx_hal.o(i.HAL_InitTick)
    HAL_MspInit                              0x080012b5   Thumb Code   134  stm32f1xx_hal_msp.o(i.HAL_MspInit)
    HAL_NVIC_EnableIRQ                       0x08001345   Thumb Code    22  stm32f1xx_hal_cortex.o(i.HAL_NVIC_EnableIRQ)
    HAL_NVIC_SetPriority                     0x0800135d   Thumb Code    60  stm32f1xx_hal_cortex.o(i.HAL_NVIC_SetPriority)
    HAL_NVIC_SetPriorityGrouping             0x0800139d   Thumb Code    26  stm32f1xx_hal_cortex.o(i.HAL_NVIC_SetPriorityGrouping)
    HAL_RCC_ClockConfig                      0x080013c1   Thumb Code   322  stm32f1xx_hal_rcc.o(i.HAL_RCC_ClockConfig)
    HAL_RCC_GetHCLKFreq                      0x08001515   Thumb Code     6  stm32f1xx_hal_rcc.o(i.HAL_RCC_GetHCLKFreq)
    HAL_RCC_GetPCLK1Freq                     0x08001521   Thumb Code    20  stm32f1xx_hal_rcc.o(i.HAL_RCC_GetPCLK1Freq)
    HAL_RCC_GetPCLK2Freq                     0x08001541   Thumb Code    20  stm32f1xx_hal_rcc.o(i.HAL_RCC_GetPCLK2Freq)
    HAL_RCC_GetSysClockFreq                  0x08001561   Thumb Code    74  stm32f1xx_hal_rcc.o(i.HAL_RCC_GetSysClockFreq)
    HAL_RCC_OscConfig                        0x080015cd   Thumb Code   750  stm32f1xx_hal_rcc.o(i.HAL_RCC_OscConfig)
    HAL_SD_AbortCallback                     0x080018d1   Thumb Code     8  bsp_driver_sd.o(i.HAL_SD_AbortCallback)
    HAL_SD_ConfigWideBusOperation            0x080018d9   Thumb Code   120  stm32f1xx_hal_sd.o(i.HAL_SD_ConfigWideBusOperation)
    HAL_SD_ErrorCallback                     0x08001951   Thumb Code     2  stm32f1xx_hal_sd.o(i.HAL_SD_ErrorCallback)
    HAL_SD_GetCardCSD                        0x08001953   Thumb Code   474  stm32f1xx_hal_sd.o(i.HAL_SD_GetCardCSD)
    HAL_SD_GetCardInfo                       0x08001b2d   Thumb Code    36  stm32f1xx_hal_sd.o(i.HAL_SD_GetCardInfo)
    HAL_SD_GetCardState                      0x08001b51   Thumb Code    44  stm32f1xx_hal_sd.o(i.HAL_SD_GetCardState)
    HAL_SD_IRQHandler                        0x08001b7d   Thumb Code   438  stm32f1xx_hal_sd.o(i.HAL_SD_IRQHandler)
    HAL_SD_Init                              0x08001d3d   Thumb Code    54  stm32f1xx_hal_sd.o(i.HAL_SD_Init)
    HAL_SD_InitCard                          0x08001d75   Thumb Code    80  stm32f1xx_hal_sd.o(i.HAL_SD_InitCard)
    HAL_SD_MspInit                           0x08001dc9   Thumb Code   144  sdio.o(i.HAL_SD_MspInit)
    HAL_SD_ReadBlocks                        0x08001e81   Thumb Code   434  stm32f1xx_hal_sd.o(i.HAL_SD_ReadBlocks)
    HAL_SD_RxCpltCallback                    0x08002033   Thumb Code     8  bsp_driver_sd.o(i.HAL_SD_RxCpltCallback)
    HAL_SD_TxCpltCallback                    0x0800203b   Thumb Code     8  bsp_driver_sd.o(i.HAL_SD_TxCpltCallback)
    HAL_SD_WriteBlocks                       0x08002045   Thumb Code   410  stm32f1xx_hal_sd.o(i.HAL_SD_WriteBlocks)
    HAL_SYSTICK_CLKSourceConfig              0x080021df   Thumb Code    24  stm32f1xx_hal_cortex.o(i.HAL_SYSTICK_CLKSourceConfig)
    HAL_SYSTICK_Callback                     0x080021f7   Thumb Code     2  stm32f1xx_hal_cortex.o(i.HAL_SYSTICK_Callback)
    HAL_SYSTICK_Config                       0x080021f9   Thumb Code    40  stm32f1xx_hal_cortex.o(i.HAL_SYSTICK_Config)
    HAL_SYSTICK_IRQHandler                   0x08002221   Thumb Code     8  stm32f1xx_hal_cortex.o(i.HAL_SYSTICK_IRQHandler)
    HAL_TIMEx_BreakCallback                  0x08002229   Thumb Code     2  stm32f1xx_hal_tim_ex.o(i.HAL_TIMEx_BreakCallback)
    HAL_TIMEx_CommutationCallback            0x0800222b   Thumb Code     2  stm32f1xx_hal_tim_ex.o(i.HAL_TIMEx_CommutationCallback)
    HAL_TIMEx_MasterConfigSynchronization    0x0800222d   Thumb Code    80  stm32f1xx_hal_tim_ex.o(i.HAL_TIMEx_MasterConfigSynchronization)
    HAL_TIM_Base_Init                        0x0800227d   Thumb Code    54  stm32f1xx_hal_tim.o(i.HAL_TIM_Base_Init)
    HAL_TIM_Base_MspInit                     0x080022b5   Thumb Code   106  tim.o(i.HAL_TIM_Base_MspInit)
    HAL_TIM_Base_Start_IT                    0x08002331   Thumb Code    24  stm32f1xx_hal_tim.o(i.HAL_TIM_Base_Start_IT)
    HAL_TIM_ConfigClockSource                0x08002349   Thumb Code   242  stm32f1xx_hal_tim.o(i.HAL_TIM_ConfigClockSource)
    HAL_TIM_IC_CaptureCallback               0x0800243d   Thumb Code   114  main.o(i.HAL_TIM_IC_CaptureCallback)
    HAL_TIM_IC_ConfigChannel                 0x080024b9   Thumb Code   282  stm32f1xx_hal_tim.o(i.HAL_TIM_IC_ConfigChannel)
    HAL_TIM_IC_Init                          0x080025d3   Thumb Code    54  stm32f1xx_hal_tim.o(i.HAL_TIM_IC_Init)
    HAL_TIM_IC_MspInit                       0x08002609   Thumb Code     2  stm32f1xx_hal_tim.o(i.HAL_TIM_IC_MspInit)
    HAL_TIM_IC_Start_IT                      0x0800260b   Thumb Code    76  stm32f1xx_hal_tim.o(i.HAL_TIM_IC_Start_IT)
    HAL_TIM_IRQHandler                       0x08002657   Thumb Code   358  stm32f1xx_hal_tim.o(i.HAL_TIM_IRQHandler)
    HAL_TIM_OC_DelayElapsedCallback          0x080027bd   Thumb Code     2  stm32f1xx_hal_tim.o(i.HAL_TIM_OC_DelayElapsedCallback)
    HAL_TIM_PWM_PulseFinishedCallback        0x080027bf   Thumb Code     2  stm32f1xx_hal_tim.o(i.HAL_TIM_PWM_PulseFinishedCallback)
    HAL_TIM_PeriodElapsedCallback            0x080027c1   Thumb Code    90  main.o(i.HAL_TIM_PeriodElapsedCallback)
    HAL_TIM_ReadCapturedValue                0x08002835   Thumb Code    68  stm32f1xx_hal_tim.o(i.HAL_TIM_ReadCapturedValue)
    HAL_TIM_TriggerCallback                  0x08002879   Thumb Code     2  stm32f1xx_hal_tim.o(i.HAL_TIM_TriggerCallback)
    HAL_UART_ErrorCallback                   0x0800287b   Thumb Code     2  stm32f1xx_hal_uart.o(i.HAL_UART_ErrorCallback)
    HAL_UART_IRQHandler                      0x0800287d   Thumb Code   266  stm32f1xx_hal_uart.o(i.HAL_UART_IRQHandler)
    HAL_UART_Init                            0x0800298d   Thumb Code    98  stm32f1xx_hal_uart.o(i.HAL_UART_Init)
    HAL_UART_MspInit                         0x080029f1   Thumb Code   214  usart.o(i.HAL_UART_MspInit)
    HAL_UART_Receive_IT                      0x08002ae1   Thumb Code    82  stm32f1xx_hal_uart.o(i.HAL_UART_Receive_IT)
    HAL_UART_RxCpltCallback                  0x08002b35   Thumb Code   444  usart.o(i.HAL_UART_RxCpltCallback)
    HAL_UART_Transmit                        0x08002d65   Thumb Code   186  stm32f1xx_hal_uart.o(i.HAL_UART_Transmit)
    HAL_UART_TxCpltCallback                  0x08002e1f   Thumb Code     2  stm32f1xx_hal_uart.o(i.HAL_UART_TxCpltCallback)
    HardFault_Handler                        0x08002e21   Thumb Code     2  stm32f1xx_it.o(i.HardFault_Handler)
    MX_DMA_Init                              0x08002e25   Thumb Code    40  dma.o(i.MX_DMA_Init)
    MX_FATFS_Init                            0x08002e51   Thumb Code    18  fatfs.o(i.MX_FATFS_Init)
    MX_GPIO_Init                             0x08002e6d   Thumb Code   230  gpio.o(i.MX_GPIO_Init)
    MX_SDIO_SD_Init                          0x08002f65   Thumb Code    24  sdio.o(i.MX_SDIO_SD_Init)
    MX_TIM5_Init                             0x08002f85   Thumb Code   140  tim.o(i.MX_TIM5_Init)
    MX_TIM6_Init                             0x08003029   Thumb Code    64  tim.o(i.MX_TIM6_Init)
    MX_USART1_UART_Init                      0x08003081   Thumb Code    52  usart.o(i.MX_USART1_UART_Init)
    MX_USART2_UART_Init                      0x080030cd   Thumb Code    52  usart.o(i.MX_USART2_UART_Init)
    MX_USART3_UART_Init                      0x08003119   Thumb Code    52  usart.o(i.MX_USART3_UART_Init)
    MemManage_Handler                        0x08003165   Thumb Code     2  stm32f1xx_it.o(i.MemManage_Handler)
    NMI_Handler                              0x08003167   Thumb Code     2  stm32f1xx_it.o(i.NMI_Handler)
    PendSV_Handler                           0x08003189   Thumb Code     2  stm32f1xx_it.o(i.PendSV_Handler)
    SDIO_ConfigData                          0x0800318b   Thumb Code    36  stm32f1xx_ll_sdmmc.o(i.SDIO_ConfigData)
    SDIO_GetPowerState                       0x080031af   Thumb Code     8  stm32f1xx_ll_sdmmc.o(i.SDIO_GetPowerState)
    SDIO_GetResponse                         0x080031b7   Thumb Code    12  stm32f1xx_ll_sdmmc.o(i.SDIO_GetResponse)
    SDIO_IRQHandler                          0x080031c5   Thumb Code     6  stm32f1xx_it.o(i.SDIO_IRQHandler)
    SDIO_Init                                0x080031d1   Thumb Code    36  stm32f1xx_ll_sdmmc.o(i.SDIO_Init)
    SDIO_PowerState_ON                       0x080031f5   Thumb Code     8  stm32f1xx_ll_sdmmc.o(i.SDIO_PowerState_ON)
    SDIO_ReadFIFO                            0x080031fd   Thumb Code     6  stm32f1xx_ll_sdmmc.o(i.SDIO_ReadFIFO)
    SDIO_SendCommand                         0x08003203   Thumb Code    32  stm32f1xx_ll_sdmmc.o(i.SDIO_SendCommand)
    SDIO_WriteFIFO                           0x08003223   Thumb Code    10  stm32f1xx_ll_sdmmc.o(i.SDIO_WriteFIFO)
    SDMMC_CmdAppCommand                      0x0800322d   Thumb Code    50  stm32f1xx_ll_sdmmc.o(i.SDMMC_CmdAppCommand)
    SDMMC_CmdAppOperCommand                  0x08003261   Thumb Code    48  stm32f1xx_ll_sdmmc.o(i.SDMMC_CmdAppOperCommand)
    SDMMC_CmdBlockLength                     0x08003295   Thumb Code    50  stm32f1xx_ll_sdmmc.o(i.SDMMC_CmdBlockLength)
    SDMMC_CmdBusWidth                        0x080032c7   Thumb Code    50  stm32f1xx_ll_sdmmc.o(i.SDMMC_CmdBusWidth)
    SDMMC_CmdGoIdleState                     0x080032f9   Thumb Code    76  stm32f1xx_ll_sdmmc.o(i.SDMMC_CmdGoIdleState)
    SDMMC_CmdOperCond                        0x08003349   Thumb Code    98  stm32f1xx_ll_sdmmc.o(i.SDMMC_CmdOperCond)
    SDMMC_CmdReadMultiBlock                  0x080033b1   Thumb Code    50  stm32f1xx_ll_sdmmc.o(i.SDMMC_CmdReadMultiBlock)
    SDMMC_CmdReadSingleBlock                 0x080033e3   Thumb Code    50  stm32f1xx_ll_sdmmc.o(i.SDMMC_CmdReadSingleBlock)
    SDMMC_CmdSelDesel                        0x08003415   Thumb Code    50  stm32f1xx_ll_sdmmc.o(i.SDMMC_CmdSelDesel)
    SDMMC_CmdSendCID                         0x08003447   Thumb Code    44  stm32f1xx_ll_sdmmc.o(i.SDMMC_CmdSendCID)
    SDMMC_CmdSendCSD                         0x08003473   Thumb Code    44  stm32f1xx_ll_sdmmc.o(i.SDMMC_CmdSendCSD)
    SDMMC_CmdSendSCR                         0x0800349f   Thumb Code    48  stm32f1xx_ll_sdmmc.o(i.SDMMC_CmdSendSCR)
    SDMMC_CmdSendStatus                      0x080034cf   Thumb Code    50  stm32f1xx_ll_sdmmc.o(i.SDMMC_CmdSendStatus)
    SDMMC_CmdSetRelAdd                       0x08003501   Thumb Code    48  stm32f1xx_ll_sdmmc.o(i.SDMMC_CmdSetRelAdd)
    SDMMC_CmdStopTransfer                    0x08003531   Thumb Code    46  stm32f1xx_ll_sdmmc.o(i.SDMMC_CmdStopTransfer)
    SDMMC_CmdWriteMultiBlock                 0x08003565   Thumb Code    50  stm32f1xx_ll_sdmmc.o(i.SDMMC_CmdWriteMultiBlock)
    SDMMC_CmdWriteSingleBlock                0x08003597   Thumb Code    50  stm32f1xx_ll_sdmmc.o(i.SDMMC_CmdWriteSingleBlock)
    SD_initialize                            0x08003b81   Thumb Code    26  sd_diskio.o(i.SD_initialize)
    SD_ioctl                                 0x08003ba1   Thumb Code    74  sd_diskio.o(i.SD_ioctl)
    SD_read                                  0x08003bf1   Thumb Code    52  sd_diskio.o(i.SD_read)
    SD_status                                0x08003c2d   Thumb Code    26  sd_diskio.o(i.SD_status)
    SD_write                                 0x08003c4d   Thumb Code    52  sd_diskio.o(i.SD_write)
    SVC_Handler                              0x08003c89   Thumb Code     2  stm32f1xx_it.o(i.SVC_Handler)
    SysTick_Handler                          0x08003c8b   Thumb Code    14  stm32f1xx_it.o(i.SysTick_Handler)
    SystemClock_Config                       0x08003c99   Thumb Code   104  main.o(i.SystemClock_Config)
    SystemInit                               0x08003d01   Thumb Code    56  system_stm32f1xx.o(i.SystemInit)
    TIM5_IRQHandler                          0x08003d49   Thumb Code     6  stm32f1xx_it.o(i.TIM5_IRQHandler)
    TIM6_IRQHandler                          0x08003d55   Thumb Code     6  stm32f1xx_it.o(i.TIM6_IRQHandler)
    TIM_Base_SetConfig                       0x08003d61   Thumb Code   120  stm32f1xx_hal_tim.o(i.TIM_Base_SetConfig)
    TIM_CCxChannelCmd                        0x08003ded   Thumb Code    22  stm32f1xx_hal_tim.o(i.TIM_CCxChannelCmd)
    TIM_TI1_SetConfig                        0x08003e49   Thumb Code    88  stm32f1xx_hal_tim.o(i.TIM_TI1_SetConfig)
    USART2_IRQHandler                        0x08004209   Thumb Code     6  stm32f1xx_it.o(i.USART2_IRQHandler)
    USART3_IRQHandler                        0x08004215   Thumb Code     6  stm32f1xx_it.o(i.USART3_IRQHandler)
    UsageFault_Handler                       0x08004221   Thumb Code     2  stm32f1xx_it.o(i.UsageFault_Handler)
    _Error_Handler                           0x08004223   Thumb Code     2  main.o(i._Error_Handler)
    __0printf                                0x08004225   Thumb Code    22  printfa.o(i.__0printf)
    __1printf                                0x08004225   Thumb Code     0  printfa.o(i.__0printf)
    __2printf                                0x08004225   Thumb Code     0  printfa.o(i.__0printf)
    __c89printf                              0x08004225   Thumb Code     0  printfa.o(i.__0printf)
    printf                                   0x08004225   Thumb Code     0  printfa.o(i.__0printf)
    __scatterload_copy                       0x08004245   Thumb Code    14  handlers.o(i.__scatterload_copy)
    __scatterload_null                       0x08004253   Thumb Code     2  handlers.o(i.__scatterload_null)
    __scatterload_zeroinit                   0x08004255   Thumb Code    14  handlers.o(i.__scatterload_zeroinit)
    barrierScan                              0x08004af9   Thumb Code   208  control.o(i.barrierScan)
    clust2sect                               0x08004d4b   Thumb Code    30  ff.o(i.clust2sect)
    disk_initialize                          0x08005565   Thumb Code    36  diskio.o(i.disk_initialize)
    disk_ioctl                               0x0800558d   Thumb Code    24  diskio.o(i.disk_ioctl)
    disk_read                                0x080055a9   Thumb Code    24  diskio.o(i.disk_read)
    disk_status                              0x080055c5   Thumb Code    18  diskio.o(i.disk_status)
    disk_write                               0x080055dd   Thumb Code    24  diskio.o(i.disk_write)
    f_close                                  0x080055f9   Thumb Code    42  ff.o(i.f_close)
    f_lseek                                  0x08005625   Thumb Code   644  ff.o(i.f_lseek)
    f_mount                                  0x080058a9   Thumb Code    88  ff.o(i.f_mount)
    f_open                                   0x08005905   Thumb Code   422  ff.o(i.f_open)
    f_sync                                   0x08005ab1   Thumb Code   184  ff.o(i.f_sync)
    f_write                                  0x08005b69   Thumb Code   470  ff.o(i.f_write)
    ff_convert                               0x08005d41   Thumb Code    68  cc936.o(i.ff_convert)
    ff_wtoupper                              0x08005d8d   Thumb Code    28  cc936.o(i.ff_wtoupper)
    filter                                   0x08005db1   Thumb Code    36  control.o(i.filter)
    fputc                                    0x080060a5   Thumb Code    18  main.o(i.fputc)
    get_fat                                  0x08006149   Thumb Code   194  ff.o(i.get_fat)
    get_fattime                              0x0800620b   Thumb Code     4  fatfs.o(i.get_fattime)
    ifInsideOrOutside                        0x0800624d   Thumb Code    88  control.o(i.ifInsideOrOutside)
    main                                     0x08006385   Thumb Code   382  main.o(i.main)
    put_fat                                  0x08006607   Thumb Code   248  ff.o(i.put_fat)
    sendEnd                                  0x0800676d   Thumb Code    30  control.o(i.sendEnd)
    updateData                               0x080068d1   Thumb Code   556  control.o(i.updateData)
    writeToSD                                0x08006d21   Thumb Code   318  main.o(i.writeToSD)
    AHBPrescTable                            0x08006f14   Data          16  system_stm32f1xx.o(.constdata)
    APBPrescTable                            0x08006f24   Data           8  system_stm32f1xx.o(.constdata)
    SD_Driver                                0x08031bf4   Data          20  sd_diskio.o(.constdata)
    Region$$Table$$Base                      0x08031c44   Number         0  anon$$obj.o(Region$$Table)
    Region$$Table$$Limit                     0x08031c64   Number         0  anon$$obj.o(Region$$Table)
    page                                     0x20000000   Data           1  control.o(.data)
    j                                        0x20000001   Data           1  control.o(.data)
    sendListCounter                          0x20000004   Data           4  control.o(.data)
    Uart2_Rx_Cnt                             0x20000008   Data           1  main.o(.data)
    Uart3_Rx_Cnt                             0x20000009   Data           1  main.o(.data)
    timeFlag                                 0x2000000c   Data           1  main.o(.data)
    aRxBuffer_2                              0x2000000d   Data           1  main.o(.data)
    aRxBuffer_3                              0x2000000e   Data           1  main.o(.data)
    sd_status                                0x2000000f   Data           1  main.o(.data)
    test_status                              0x20000010   Data           1  main.o(.data)
    TimeCounter                              0x20000014   Data           4  main.o(.data)
    Time_Sec                                 0x20000018   Data           4  main.o(.data)
    carSpeed                                 0x2000001c   Data           4  main.o(.data)
    carSpeedLast                             0x20000020   Data           4  main.o(.data)
    carDistance                              0x20000024   Data           4  main.o(.data)
    byteswritten                             0x20000028   Data           4  main.o(.data)
    strCapture                               0x2000002c   Data           6  main.o(.data)
    wtext                                    0x20000032   Data          19  main.o(.data)
    filename                                 0x20000045   Data          23  main.o(.data)
    Height                                   0x2000005c   Data           2  main.o(.data)
    carStatus                                0x2000005e   Data           1  main.o(.data)
    probeStatus                              0x2000005f   Data           1  main.o(.data)
    sendListFlag                             0x20000060   Data           1  main.o(.data)
    sendListPage                             0x20000064   Data           4  main.o(.data)
    SD_SendData                              0x20000068   Data          20  main.o(.data)
    __stdout                                 0x2000007c   Data           4  main.o(.data)
    retSD                                    0x20000080   Data           1  fatfs.o(.data)
    SDPath                                   0x20000081   Data           4  fatfs.o(.data)
    HeigthContor                             0x20000086   Data           1  usart.o(.data)
    i                                        0x20000087   Data           1  usart.o(.data)
    strength                                 0x20000088   Data           2  usart.o(.data)
    check                                    0x2000008a   Data           2  usart.o(.data)
    cAlmStr                                  0x2000008c   Data          20  usart.o(.data)
    uwTickFreq                               0x200000a0   Data           1  stm32f1xx_hal.o(.data)
    uwTickPrio                               0x200000a4   Data           4  stm32f1xx_hal.o(.data)
    uwTick                                   0x200000a8   Data           4  stm32f1xx_hal.o(.data)
    SystemCoreClock                          0x200000ac   Data           4  system_stm32f1xx.o(.data)
    HeightArray                              0x200000bc   Data          24  control.o(.bss)
    Uart2_RxBuff                             0x200000d4   Data         256  main.o(.bss)
    Uart3_RxBuff                             0x200001d4   Data         256  main.o(.bss)
    List                                     0x200002d4   Data         320  main.o(.bss)
    Buffer_Block_Tx                          0x20000414   Data       16384  main.o(.bss)
    Buffer_Block_Rx                          0x20004414   Data       16384  main.o(.bss)
    fs                                       0x20008414   Data         560  main.o(.bss)
    fil                                      0x20008644   Data         556  main.o(.bss)
    hsd                                      0x20008870   Data         132  sdio.o(.bss)
    hdma_sdio                                0x200088f4   Data          68  sdio.o(.bss)
    htim5                                    0x20008938   Data          64  tim.o(.bss)
    htim6                                    0x20008978   Data          64  tim.o(.bss)
    huart1                                   0x200089b8   Data          64  usart.o(.bss)
    huart2                                   0x200089f8   Data          64  usart.o(.bss)
    huart3                                   0x20008a38   Data          64  usart.o(.bss)
    uart3Receive                             0x20008a78   Data           9  usart.o(.bss)
    disk                                     0x20008a9c   Data          12  ff_gen_drv.o(.bss)
    __initial_sp                             0x20009aa8   Data           0  startup_stm32f103xe.o(STACK)



==============================================================================

Memory Map of the image

  Image Entry point : 0x08000131

  Load Region LR_IROM1 (Base: 0x08000000, Size: 0x00031d20, Max: 0x00080000, ABSOLUTE)

    Execution Region ER_IROM1 (Base: 0x08000000, Size: 0x00031c64, Max: 0x00080000, ABSOLUTE)

    Base Addr    Size         Type   Attr      Idx    E Section Name        Object

    0x08000000   0x00000130   Data   RO            3    RESET               startup_stm32f103xe.o
    0x08000130   0x00000000   Code   RO         4081  * .ARM.Collect$$$$00000000  mc_w.l(entry.o)
    0x08000130   0x00000004   Code   RO         4367    .ARM.Collect$$$$00000001  mc_w.l(entry2.o)
    0x08000134   0x00000004   Code   RO         4370    .ARM.Collect$$$$00000004  mc_w.l(entry5.o)
    0x08000138   0x00000000   Code   RO         4372    .ARM.Collect$$$$00000008  mc_w.l(entry7b.o)
    0x08000138   0x00000000   Code   RO         4374    .ARM.Collect$$$$0000000A  mc_w.l(entry8b.o)
    0x08000138   0x00000008   Code   RO         4375    .ARM.Collect$$$$0000000B  mc_w.l(entry9a.o)
    0x08000140   0x00000000   Code   RO         4377    .ARM.Collect$$$$0000000D  mc_w.l(entry10a.o)
    0x08000140   0x00000000   Code   RO         4379    .ARM.Collect$$$$0000000F  mc_w.l(entry11a.o)
    0x08000140   0x00000004   Code   RO         4368    .ARM.Collect$$$$00002712  mc_w.l(entry2.o)
    0x08000144   0x00000024   Code   RO            4    .text               startup_stm32f103xe.o
    0x08000168   0x00000020   Code   RO         4084    .text               mc_w.l(llushr.o)
    0x08000188   0x00000024   Code   RO         4086    .text               mc_w.l(memseta.o)
    0x080001ac   0x000000b0   Code   RO         4349    .text               mf_w.l(fadd.o)
    0x0800025c   0x0000007c   Code   RO         4351    .text               mf_w.l(fdiv.o)
    0x080002d8   0x0000014e   Code   RO         4353    .text               mf_w.l(dadd.o)
    0x08000426   0x000000de   Code   RO         4355    .text               mf_w.l(ddiv.o)
    0x08000504   0x0000001a   Code   RO         4357    .text               mf_w.l(dfltui.o)
    0x0800051e   0x00000032   Code   RO         4359    .text               mf_w.l(ffixi.o)
    0x08000550   0x00000028   Code   RO         4361    .text               mf_w.l(ffixui.o)
    0x08000578   0x00000026   Code   RO         4363    .text               mf_w.l(f2d.o)
    0x0800059e   0x00000038   Code   RO         4365    .text               mf_w.l(d2f.o)
    0x080005d6   0x0000002c   Code   RO         4381    .text               mc_w.l(uidiv.o)
    0x08000602   0x00000062   Code   RO         4383    .text               mc_w.l(uldiv.o)
    0x08000664   0x0000001e   Code   RO         4385    .text               mc_w.l(llshl.o)
    0x08000682   0x00000024   Code   RO         4387    .text               mc_w.l(llsshr.o)
    0x080006a6   0x00000000   Code   RO         4389    .text               mc_w.l(iusefp.o)
    0x080006a6   0x0000006e   Code   RO         4390    .text               mf_w.l(fepilogue.o)
    0x08000714   0x000000ba   Code   RO         4392    .text               mf_w.l(depilogue.o)
    0x080007ce   0x000000e4   Code   RO         4394    .text               mf_w.l(dmul.o)
    0x080008b2   0x00000030   Code   RO         4396    .text               mf_w.l(dfixul.o)
    0x080008e2   0x00000002   PAD
    0x080008e4   0x00000030   Code   RO         4398    .text               mf_w.l(cdrcmple.o)
    0x08000914   0x00000024   Code   RO         4400    .text               mc_w.l(init.o)
    0x08000938   0x00000002   Code   RO          389    i.BSP_SD_AbortCallback  bsp_driver_sd.o
    0x0800093a   0x00000002   PAD
    0x0800093c   0x0000000c   Code   RO          395    i.BSP_SD_GetCardInfo  bsp_driver_sd.o
    0x08000948   0x00000018   Code   RO          396    i.BSP_SD_GetCardState  bsp_driver_sd.o
    0x08000960   0x00000034   Code   RO          399    i.BSP_SD_Init       bsp_driver_sd.o
    0x08000994   0x00000020   Code   RO          401    i.BSP_SD_ReadBlocks  bsp_driver_sd.o
    0x080009b4   0x00000002   Code   RO          403    i.BSP_SD_ReadCpltCallback  bsp_driver_sd.o
    0x080009b6   0x00000002   PAD
    0x080009b8   0x00000020   Code   RO          404    i.BSP_SD_WriteBlocks  bsp_driver_sd.o
    0x080009d8   0x00000002   Code   RO          406    i.BSP_SD_WriteCpltCallback  bsp_driver_sd.o
    0x080009da   0x00000002   Code   RO          729    i.BusFault_Handler  stm32f1xx_it.o
    0x080009dc   0x0000000c   Code   RO          730    i.DMA2_Channel4_5_IRQHandler  stm32f1xx_it.o
    0x080009e8   0x00000002   Code   RO          731    i.DebugMon_Handler  stm32f1xx_it.o
    0x080009ea   0x00000006   Code   RO         4034    i.FATFS_LinkDriver  ff_gen_drv.o
    0x080009f0   0x00000040   Code   RO         4035    i.FATFS_LinkDriverEx  ff_gen_drv.o
    0x08000a30   0x000001e0   Code   RO          161    i.Fatfs_RW_test     main.o
    0x08000c10   0x00000130   Code   RO         2955    i.HAL_DMA_Abort_IT  stm32f1xx_hal_dma.o
    0x08000d40   0x00000248   Code   RO         2959    i.HAL_DMA_IRQHandler  stm32f1xx_hal_dma.o
    0x08000f88   0x00000084   Code   RO         2960    i.HAL_DMA_Init      stm32f1xx_hal_dma.o
    0x0800100c   0x00000024   Code   RO         2597    i.HAL_Delay         stm32f1xx_hal.o
    0x08001030   0x000001e8   Code   RO         2890    i.HAL_GPIO_Init     stm32f1xx_hal_gpio.o
    0x08001218   0x0000000a   Code   RO         2892    i.HAL_GPIO_ReadPin  stm32f1xx_hal_gpio.o
    0x08001222   0x00000008   Code   RO         2893    i.HAL_GPIO_TogglePin  stm32f1xx_hal_gpio.o
    0x0800122a   0x0000000a   Code   RO         2894    i.HAL_GPIO_WritePin  stm32f1xx_hal_gpio.o
    0x08001234   0x0000000c   Code   RO         2601    i.HAL_GetTick       stm32f1xx_hal.o
    0x08001240   0x00000010   Code   RO         2605    i.HAL_IncTick       stm32f1xx_hal.o
    0x08001250   0x00000024   Code   RO         2606    i.HAL_Init          stm32f1xx_hal.o
    0x08001274   0x00000040   Code   RO         2607    i.HAL_InitTick      stm32f1xx_hal.o
    0x080012b4   0x00000090   Code   RO          841    i.HAL_MspInit       stm32f1xx_hal_msp.o
    0x08001344   0x00000016   Code   RO         3050    i.HAL_NVIC_EnableIRQ  stm32f1xx_hal_cortex.o
    0x0800135a   0x00000002   PAD
    0x0800135c   0x00000040   Code   RO         3056    i.HAL_NVIC_SetPriority  stm32f1xx_hal_cortex.o
    0x0800139c   0x00000024   Code   RO         3057    i.HAL_NVIC_SetPriorityGrouping  stm32f1xx_hal_cortex.o
    0x080013c0   0x00000154   Code   RO         2750    i.HAL_RCC_ClockConfig  stm32f1xx_hal_rcc.o
    0x08001514   0x0000000c   Code   RO         2755    i.HAL_RCC_GetHCLKFreq  stm32f1xx_hal_rcc.o
    0x08001520   0x00000020   Code   RO         2757    i.HAL_RCC_GetPCLK1Freq  stm32f1xx_hal_rcc.o
    0x08001540   0x00000020   Code   RO         2758    i.HAL_RCC_GetPCLK2Freq  stm32f1xx_hal_rcc.o
    0x08001560   0x0000006c   Code   RO         2759    i.HAL_RCC_GetSysClockFreq  stm32f1xx_hal_rcc.o
    0x080015cc   0x00000304   Code   RO         2762    i.HAL_RCC_OscConfig  stm32f1xx_hal_rcc.o
    0x080018d0   0x00000008   Code   RO          407    i.HAL_SD_AbortCallback  bsp_driver_sd.o
    0x080018d8   0x00000078   Code   RO         1168    i.HAL_SD_ConfigWideBusOperation  stm32f1xx_hal_sd.o
    0x08001950   0x00000002   Code   RO         1171    i.HAL_SD_ErrorCallback  stm32f1xx_hal_sd.o
    0x08001952   0x000001da   Code   RO         1173    i.HAL_SD_GetCardCSD  stm32f1xx_hal_sd.o
    0x08001b2c   0x00000024   Code   RO         1174    i.HAL_SD_GetCardInfo  stm32f1xx_hal_sd.o
    0x08001b50   0x0000002c   Code   RO         1175    i.HAL_SD_GetCardState  stm32f1xx_hal_sd.o
    0x08001b7c   0x000001c0   Code   RO         1179    i.HAL_SD_IRQHandler  stm32f1xx_hal_sd.o
    0x08001d3c   0x00000036   Code   RO         1180    i.HAL_SD_Init       stm32f1xx_hal_sd.o
    0x08001d72   0x00000002   PAD
    0x08001d74   0x00000054   Code   RO         1181    i.HAL_SD_InitCard   stm32f1xx_hal_sd.o
    0x08001dc8   0x000000b8   Code   RO          572    i.HAL_SD_MspInit    sdio.o
    0x08001e80   0x000001b2   Code   RO         1184    i.HAL_SD_ReadBlocks  stm32f1xx_hal_sd.o
    0x08002032   0x00000008   Code   RO          408    i.HAL_SD_RxCpltCallback  bsp_driver_sd.o
    0x0800203a   0x00000008   Code   RO          409    i.HAL_SD_TxCpltCallback  bsp_driver_sd.o
    0x08002042   0x00000002   PAD
    0x08002044   0x0000019a   Code   RO         1189    i.HAL_SD_WriteBlocks  stm32f1xx_hal_sd.o
    0x080021de   0x00000018   Code   RO         3059    i.HAL_SYSTICK_CLKSourceConfig  stm32f1xx_hal_cortex.o
    0x080021f6   0x00000002   Code   RO         3060    i.HAL_SYSTICK_Callback  stm32f1xx_hal_cortex.o
    0x080021f8   0x00000028   Code   RO         3061    i.HAL_SYSTICK_Config  stm32f1xx_hal_cortex.o
    0x08002220   0x00000008   Code   RO         3062    i.HAL_SYSTICK_IRQHandler  stm32f1xx_hal_cortex.o
    0x08002228   0x00000002   Code   RO         2031    i.HAL_TIMEx_BreakCallback  stm32f1xx_hal_tim_ex.o
    0x0800222a   0x00000002   Code   RO         2032    i.HAL_TIMEx_CommutationCallback  stm32f1xx_hal_tim_ex.o
    0x0800222c   0x00000050   Code   RO         2048    i.HAL_TIMEx_MasterConfigSynchronization  stm32f1xx_hal_tim_ex.o
    0x0800227c   0x00000036   Code   RO         1402    i.HAL_TIM_Base_Init  stm32f1xx_hal_tim.o
    0x080022b2   0x00000002   PAD
    0x080022b4   0x0000007c   Code   RO          614    i.HAL_TIM_Base_MspInit  tim.o
    0x08002330   0x00000018   Code   RO         1407    i.HAL_TIM_Base_Start_IT  stm32f1xx_hal_tim.o
    0x08002348   0x000000f2   Code   RO         1411    i.HAL_TIM_ConfigClockSource  stm32f1xx_hal_tim.o
    0x0800243a   0x00000002   PAD
    0x0800243c   0x0000007c   Code   RO          163    i.HAL_TIM_IC_CaptureCallback  main.o
    0x080024b8   0x0000011a   Code   RO         1432    i.HAL_TIM_IC_ConfigChannel  stm32f1xx_hal_tim.o
    0x080025d2   0x00000036   Code   RO         1435    i.HAL_TIM_IC_Init   stm32f1xx_hal_tim.o
    0x08002608   0x00000002   Code   RO         1437    i.HAL_TIM_IC_MspInit  stm32f1xx_hal_tim.o
    0x0800260a   0x0000004c   Code   RO         1440    i.HAL_TIM_IC_Start_IT  stm32f1xx_hal_tim.o
    0x08002656   0x00000166   Code   RO         1444    i.HAL_TIM_IRQHandler  stm32f1xx_hal_tim.o
    0x080027bc   0x00000002   Code   RO         1447    i.HAL_TIM_OC_DelayElapsedCallback  stm32f1xx_hal_tim.o
    0x080027be   0x00000002   Code   RO         1474    i.HAL_TIM_PWM_PulseFinishedCallback  stm32f1xx_hal_tim.o
    0x080027c0   0x00000074   Code   RO          164    i.HAL_TIM_PeriodElapsedCallback  main.o
    0x08002834   0x00000044   Code   RO         1482    i.HAL_TIM_ReadCapturedValue  stm32f1xx_hal_tim.o
    0x08002878   0x00000002   Code   RO         1485    i.HAL_TIM_TriggerCallback  stm32f1xx_hal_tim.o
    0x0800287a   0x00000002   Code   RO         2285    i.HAL_UART_ErrorCallback  stm32f1xx_hal_uart.o
    0x0800287c   0x00000110   Code   RO         2288    i.HAL_UART_IRQHandler  stm32f1xx_hal_uart.o
    0x0800298c   0x00000062   Code   RO         2289    i.HAL_UART_Init     stm32f1xx_hal_uart.o
    0x080029ee   0x00000002   PAD
    0x080029f0   0x000000f0   Code   RO          662    i.HAL_UART_MspInit  usart.o
    0x08002ae0   0x00000052   Code   RO         2294    i.HAL_UART_Receive_IT  stm32f1xx_hal_uart.o
    0x08002b32   0x00000002   PAD
    0x08002b34   0x00000230   Code   RO          663    i.HAL_UART_RxCpltCallback  usart.o
    0x08002d64   0x000000ba   Code   RO         2297    i.HAL_UART_Transmit  stm32f1xx_hal_uart.o
    0x08002e1e   0x00000002   Code   RO         2300    i.HAL_UART_TxCpltCallback  stm32f1xx_hal_uart.o
    0x08002e20   0x00000002   Code   RO          732    i.HardFault_Handler  stm32f1xx_it.o
    0x08002e22   0x00000002   PAD
    0x08002e24   0x0000002c   Code   RO          365    i.MX_DMA_Init       dma.o
    0x08002e50   0x0000001c   Code   RO          533    i.MX_FATFS_Init     fatfs.o
    0x08002e6c   0x000000f8   Code   RO          341    i.MX_GPIO_Init      gpio.o
    0x08002f64   0x00000020   Code   RO          573    i.MX_SDIO_SD_Init   sdio.o
    0x08002f84   0x000000a4   Code   RO          615    i.MX_TIM5_Init      tim.o
    0x08003028   0x00000058   Code   RO          616    i.MX_TIM6_Init      tim.o
    0x08003080   0x0000004c   Code   RO          664    i.MX_USART1_UART_Init  usart.o
    0x080030cc   0x0000004c   Code   RO          665    i.MX_USART2_UART_Init  usart.o
    0x08003118   0x0000004c   Code   RO          666    i.MX_USART3_UART_Init  usart.o
    0x08003164   0x00000002   Code   RO          733    i.MemManage_Handler  stm32f1xx_it.o
    0x08003166   0x00000002   Code   RO          734    i.NMI_Handler       stm32f1xx_it.o
    0x08003168   0x00000020   Code   RO         3063    i.NVIC_SetPriority  stm32f1xx_hal_cortex.o
    0x08003188   0x00000002   Code   RO          735    i.PendSV_Handler    stm32f1xx_it.o
    0x0800318a   0x00000024   Code   RO          901    i.SDIO_ConfigData   stm32f1xx_ll_sdmmc.o
    0x080031ae   0x00000008   Code   RO          905    i.SDIO_GetPowerState  stm32f1xx_ll_sdmmc.o
    0x080031b6   0x0000000c   Code   RO          906    i.SDIO_GetResponse  stm32f1xx_ll_sdmmc.o
    0x080031c2   0x00000002   PAD
    0x080031c4   0x0000000c   Code   RO          736    i.SDIO_IRQHandler   stm32f1xx_it.o
    0x080031d0   0x00000024   Code   RO          907    i.SDIO_Init         stm32f1xx_ll_sdmmc.o
    0x080031f4   0x00000008   Code   RO          909    i.SDIO_PowerState_ON  stm32f1xx_ll_sdmmc.o
    0x080031fc   0x00000006   Code   RO          910    i.SDIO_ReadFIFO     stm32f1xx_ll_sdmmc.o
    0x08003202   0x00000020   Code   RO          911    i.SDIO_SendCommand  stm32f1xx_ll_sdmmc.o
    0x08003222   0x0000000a   Code   RO          913    i.SDIO_WriteFIFO    stm32f1xx_ll_sdmmc.o
    0x0800322c   0x00000032   Code   RO          914    i.SDMMC_CmdAppCommand  stm32f1xx_ll_sdmmc.o
    0x0800325e   0x00000002   PAD
    0x08003260   0x00000034   Code   RO          915    i.SDMMC_CmdAppOperCommand  stm32f1xx_ll_sdmmc.o
    0x08003294   0x00000032   Code   RO          916    i.SDMMC_CmdBlockLength  stm32f1xx_ll_sdmmc.o
    0x080032c6   0x00000032   Code   RO          917    i.SDMMC_CmdBusWidth  stm32f1xx_ll_sdmmc.o
    0x080032f8   0x00000050   Code   RO          921    i.SDMMC_CmdGoIdleState  stm32f1xx_ll_sdmmc.o
    0x08003348   0x00000068   Code   RO          923    i.SDMMC_CmdOperCond  stm32f1xx_ll_sdmmc.o
    0x080033b0   0x00000032   Code   RO          924    i.SDMMC_CmdReadMultiBlock  stm32f1xx_ll_sdmmc.o
    0x080033e2   0x00000032   Code   RO          925    i.SDMMC_CmdReadSingleBlock  stm32f1xx_ll_sdmmc.o
    0x08003414   0x00000032   Code   RO          928    i.SDMMC_CmdSelDesel  stm32f1xx_ll_sdmmc.o
    0x08003446   0x0000002c   Code   RO          929    i.SDMMC_CmdSendCID  stm32f1xx_ll_sdmmc.o
    0x08003472   0x0000002c   Code   RO          930    i.SDMMC_CmdSendCSD  stm32f1xx_ll_sdmmc.o
    0x0800349e   0x00000030   Code   RO          931    i.SDMMC_CmdSendSCR  stm32f1xx_ll_sdmmc.o
    0x080034ce   0x00000032   Code   RO          932    i.SDMMC_CmdSendStatus  stm32f1xx_ll_sdmmc.o
    0x08003500   0x00000030   Code   RO          933    i.SDMMC_CmdSetRelAdd  stm32f1xx_ll_sdmmc.o
    0x08003530   0x00000034   Code   RO          935    i.SDMMC_CmdStopTransfer  stm32f1xx_ll_sdmmc.o
    0x08003564   0x00000032   Code   RO          937    i.SDMMC_CmdWriteMultiBlock  stm32f1xx_ll_sdmmc.o
    0x08003596   0x00000032   Code   RO          938    i.SDMMC_CmdWriteSingleBlock  stm32f1xx_ll_sdmmc.o
    0x080035c8   0x0000011c   Code   RO          939    i.SDMMC_GetCmdResp1  stm32f1xx_ll_sdmmc.o
    0x080036e4   0x00000050   Code   RO          940    i.SDMMC_GetCmdResp2  stm32f1xx_ll_sdmmc.o
    0x08003734   0x00000040   Code   RO          941    i.SDMMC_GetCmdResp3  stm32f1xx_ll_sdmmc.o
    0x08003774   0x00000084   Code   RO          942    i.SDMMC_GetCmdResp6  stm32f1xx_ll_sdmmc.o
    0x080037f8   0x00000048   Code   RO         1194    i.SD_DMARxAbort     stm32f1xx_hal_sd.o
    0x08003840   0x00000048   Code   RO         1196    i.SD_DMATxAbort     stm32f1xx_hal_sd.o
    0x08003888   0x000000d4   Code   RO         1197    i.SD_FindSCR        stm32f1xx_hal_sd.o
    0x0800395c   0x000000e6   Code   RO         1198    i.SD_InitCard       stm32f1xx_hal_sd.o
    0x08003a42   0x000000a2   Code   RO         1199    i.SD_PowerON        stm32f1xx_hal_sd.o
    0x08003ae4   0x0000004e   Code   RO         1201    i.SD_WideBus_Disable  stm32f1xx_hal_sd.o
    0x08003b32   0x0000004e   Code   RO         1202    i.SD_WideBus_Enable  stm32f1xx_hal_sd.o
    0x08003b80   0x00000020   Code   RO         3579    i.SD_initialize     sd_diskio.o
    0x08003ba0   0x00000050   Code   RO         3580    i.SD_ioctl          sd_diskio.o
    0x08003bf0   0x0000003c   Code   RO         3581    i.SD_read           sd_diskio.o
    0x08003c2c   0x00000020   Code   RO         3582    i.SD_status         sd_diskio.o
    0x08003c4c   0x0000003c   Code   RO         3583    i.SD_write          sd_diskio.o
    0x08003c88   0x00000002   Code   RO          737    i.SVC_Handler       stm32f1xx_it.o
    0x08003c8a   0x0000000e   Code   RO          738    i.SysTick_Handler   stm32f1xx_it.o
    0x08003c98   0x00000068   Code   RO          169    i.SystemClock_Config  main.o
    0x08003d00   0x00000048   Code   RO         3479    i.SystemInit        system_stm32f1xx.o
    0x08003d48   0x0000000c   Code   RO          739    i.TIM5_IRQHandler   stm32f1xx_it.o
    0x08003d54   0x0000000c   Code   RO          740    i.TIM6_IRQHandler   stm32f1xx_it.o
    0x08003d60   0x0000008c   Code   RO         1486    i.TIM_Base_SetConfig  stm32f1xx_hal_tim.o
    0x08003dec   0x00000016   Code   RO         1487    i.TIM_CCxChannelCmd  stm32f1xx_hal_tim.o
    0x08003e02   0x00000014   Code   RO         1493    i.TIM_ETR_SetConfig  stm32f1xx_hal_tim.o
    0x08003e16   0x00000010   Code   RO         1494    i.TIM_ITRx_SetConfig  stm32f1xx_hal_tim.o
    0x08003e26   0x00000022   Code   RO         1500    i.TIM_TI1_ConfigInputStage  stm32f1xx_hal_tim.o
    0x08003e48   0x0000006c   Code   RO         1501    i.TIM_TI1_SetConfig  stm32f1xx_hal_tim.o
    0x08003eb4   0x00000024   Code   RO         1502    i.TIM_TI2_ConfigInputStage  stm32f1xx_hal_tim.o
    0x08003ed8   0x00000036   Code   RO         1503    i.TIM_TI2_SetConfig  stm32f1xx_hal_tim.o
    0x08003f0e   0x00000010   Code   RO         2302    i.UART_DMAAbortOnError  stm32f1xx_hal_uart.o
    0x08003f1e   0x0000001c   Code   RO         2312    i.UART_EndRxTransfer  stm32f1xx_hal_uart.o
    0x08003f3a   0x00000096   Code   RO         2314    i.UART_Receive_IT   stm32f1xx_hal_uart.o
    0x08003fd0   0x00000170   Code   RO         2315    i.UART_SetConfig    stm32f1xx_hal_uart.o
    0x08004140   0x00000062   Code   RO         2316    i.UART_Transmit_IT  stm32f1xx_hal_uart.o
    0x080041a2   0x00000064   Code   RO         2317    i.UART_WaitOnFlagUntilTimeout  stm32f1xx_hal_uart.o
    0x08004206   0x00000002   PAD
    0x08004208   0x0000000c   Code   RO          741    i.USART2_IRQHandler  stm32f1xx_it.o
    0x08004214   0x0000000c   Code   RO          742    i.USART3_IRQHandler  stm32f1xx_it.o
    0x08004220   0x00000002   Code   RO          743    i.UsageFault_Handler  stm32f1xx_it.o
    0x08004222   0x00000002   Code   RO          170    i._Error_Handler    main.o
    0x08004224   0x00000020   Code   RO         4321    i.__0printf         mc_w.l(printfa.o)
    0x08004244   0x0000000e   Code   RO         4404    i.__scatterload_copy  mc_w.l(handlers.o)
    0x08004252   0x00000002   Code   RO         4405    i.__scatterload_null  mc_w.l(handlers.o)
    0x08004254   0x0000000e   Code   RO         4406    i.__scatterload_zeroinit  mc_w.l(handlers.o)
    0x08004262   0x00000002   PAD
    0x08004264   0x00000164   Code   RO         4328    i._fp_digits        mc_w.l(printfa.o)
    0x080043c8   0x000006dc   Code   RO         4329    i._printf_core      mc_w.l(printfa.o)
    0x08004aa4   0x00000024   Code   RO         4330    i._printf_post_padding  mc_w.l(printfa.o)
    0x08004ac8   0x0000002e   Code   RO         4331    i._printf_pre_padding  mc_w.l(printfa.o)
    0x08004af6   0x00000002   PAD
    0x08004af8   0x00000128   Code   RO           13    i.barrierScan       control.o
    0x08004c20   0x00000060   Code   RO         3693    i.check_fs          ff.o
    0x08004c80   0x00000010   Code   RO         3694    i.chk_chr           ff.o
    0x08004c90   0x0000006c   Code   RO         3695    i.chk_lock          ff.o
    0x08004cfc   0x00000024   Code   RO         3696    i.clear_lock        ff.o
    0x08004d20   0x0000002a   Code   RO         3697    i.clmt_clust        ff.o
    0x08004d4a   0x0000001e   Code   RO         3698    i.clust2sect        ff.o
    0x08004d68   0x000000b0   Code   RO         3699    i.create_chain      ff.o
    0x08004e18   0x00000244   Code   RO         3700    i.create_name       ff.o
    0x0800505c   0x0000003c   Code   RO         3701    i.dec_lock          ff.o
    0x08005098   0x00000144   Code   RO         3702    i.dir_find          ff.o
    0x080051dc   0x0000011e   Code   RO         3703    i.dir_next          ff.o
    0x080052fa   0x00000002   PAD
    0x080052fc   0x000001d0   Code   RO         3705    i.dir_register      ff.o
    0x080054cc   0x00000098   Code   RO         3707    i.dir_sdi           ff.o
    0x08005564   0x00000028   Code   RO         3638    i.disk_initialize   diskio.o
    0x0800558c   0x0000001c   Code   RO         3639    i.disk_ioctl        diskio.o
    0x080055a8   0x0000001c   Code   RO         3640    i.disk_read         diskio.o
    0x080055c4   0x00000018   Code   RO         3641    i.disk_status       diskio.o
    0x080055dc   0x0000001c   Code   RO         3642    i.disk_write        diskio.o
    0x080055f8   0x0000002a   Code   RO         3709    i.f_close           ff.o
    0x08005622   0x00000002   PAD
    0x08005624   0x00000284   Code   RO         3713    i.f_lseek           ff.o
    0x080058a8   0x0000005c   Code   RO         3716    i.f_mount           ff.o
    0x08005904   0x000001ac   Code   RO         3717    i.f_open            ff.o
    0x08005ab0   0x000000b8   Code   RO         3726    i.f_sync            ff.o
    0x08005b68   0x000001d6   Code   RO         3730    i.f_write           ff.o
    0x08005d3e   0x00000002   PAD
    0x08005d40   0x0000004c   Code   RO         3547    i.ff_convert        cc936.o
    0x08005d8c   0x00000024   Code   RO         3548    i.ff_wtoupper       cc936.o
    0x08005db0   0x00000028   Code   RO           14    i.filter            control.o
    0x08005dd8   0x00000258   Code   RO         3731    i.find_volume       ff.o
    0x08006030   0x00000072   Code   RO         3732    i.follow_path       ff.o
    0x080060a2   0x00000002   PAD
    0x080060a4   0x00000018   Code   RO          173    i.fputc             main.o
    0x080060bc   0x0000008c   Code   RO         3733    i.gen_numname       ff.o
    0x08006148   0x000000c2   Code   RO         3734    i.get_fat           ff.o
    0x0800620a   0x00000004   Code   RO          534    i.get_fattime       fatfs.o
    0x0800620e   0x0000003c   Code   RO         3736    i.get_ldnumber      ff.o
    0x0800624a   0x00000002   PAD
    0x0800624c   0x00000084   Code   RO           15    i.ifInsideOrOutside  control.o
    0x080062d0   0x000000a0   Code   RO         3737    i.inc_lock          ff.o
    0x08006370   0x00000014   Code   RO         3738    i.ld_clust          ff.o
    0x08006384   0x0000022c   Code   RO          174    i.main              main.o
    0x080065b0   0x00000012   Code   RO         3739    i.mem_cpy           ff.o
    0x080065c2   0x0000000e   Code   RO         3740    i.mem_set           ff.o
    0x080065d0   0x00000036   Code   RO         3741    i.move_window       ff.o
    0x08006606   0x000000f8   Code   RO         3742    i.put_fat           ff.o
    0x080066fe   0x0000006e   Code   RO         3744    i.remove_chain      ff.o
    0x0800676c   0x00000024   Code   RO           16    i.sendEnd           control.o
    0x08006790   0x00000010   Code   RO         3745    i.st_clust          ff.o
    0x080067a0   0x0000001a   Code   RO         3746    i.sum_sfn           ff.o
    0x080067ba   0x000000b6   Code   RO         3747    i.sync_fs           ff.o
    0x08006870   0x00000060   Code   RO         3748    i.sync_window       ff.o
    0x080068d0   0x00000424   Code   RO           17    i.updateData        control.o
    0x08006cf4   0x0000002c   Code   RO         3749    i.validate          ff.o
    0x08006d20   0x000001f4   Code   RO          175    i.writeToSD         main.o
    0x08006f14   0x00000010   Data   RO         3480    .constdata          system_stm32f1xx.o
    0x08006f24   0x00000008   Data   RO         3481    .constdata          system_stm32f1xx.o
    0x08006f2c   0x0002acc8   Data   RO         3549    .constdata          cc936.o
    0x08031bf4   0x00000014   Data   RO         3584    .constdata          sd_diskio.o
    0x08031c08   0x0000003a   Data   RO         3751    .constdata          ff.o
    0x08031c42   0x00000002   PAD
    0x08031c44   0x00000020   Data   RO         4402    Region$$Table       anon$$obj.o


    Execution Region RW_IRAM1 (Base: 0x20000000, Size: 0x00009aa8, Max: 0x00010000, ABSOLUTE)

    Base Addr    Size         Type   Attr      Idx    E Section Name        Object

    0x20000000   0x00000008   Data   RW           19    .data               control.o
    0x20000008   0x00000001   Data   RW          183    .data               main.o
    0x20000009   0x00000001   Data   RW          184    .data               main.o
    0x2000000a   0x00000002   PAD
    0x2000000c   0x00000050   Data   RW          185    .data               main.o
    0x2000005c   0x00000002   Data   RW          186    .data               main.o
    0x2000005e   0x00000001   Data   RW          187    .data               main.o
    0x2000005f   0x00000001   Data   RW          188    .data               main.o
    0x20000060   0x00000001   Data   RW          189    .data               main.o
    0x20000061   0x00000003   PAD
    0x20000064   0x00000004   Data   RW          190    .data               main.o
    0x20000068   0x00000014   Data   RW          191    .data               main.o
    0x2000007c   0x00000004   Data   RW          194    .data               main.o
    0x20000080   0x00000005   Data   RW          537    .data               fatfs.o
    0x20000085   0x00000001   PAD
    0x20000086   0x0000001a   Data   RW          669    .data               usart.o
    0x200000a0   0x0000000c   Data   RW         2613    .data               stm32f1xx_hal.o
    0x200000ac   0x00000004   Data   RW         3482    .data               system_stm32f1xx.o
    0x200000b0   0x00000001   Data   RW         3585    .data               sd_diskio.o
    0x200000b1   0x00000003   PAD
    0x200000b4   0x00000008   Data   RW         3752    .data               ff.o
    0x200000bc   0x00000018   Zero   RW           18    .bss                control.o
    0x200000d4   0x00000100   Zero   RW          177    .bss                main.o
    0x200001d4   0x00000100   Zero   RW          178    .bss                main.o
    0x200002d4   0x00000140   Zero   RW          179    .bss                main.o
    0x20000414   0x0000845c   Zero   RW          180    .bss                main.o
    0x20008870   0x000000c8   Zero   RW          574    .bss                sdio.o
    0x20008938   0x00000080   Zero   RW          617    .bss                tim.o
    0x200089b8   0x000000c9   Zero   RW          667    .bss                usart.o
    0x20008a81   0x00000003   PAD
    0x20008a84   0x00000018   Zero   RW         3750    .bss                ff.o
    0x20008a9c   0x0000000c   Zero   RW         4038    .bss                ff_gen_drv.o
    0x20008aa8   0x00001000   Zero   RW            1    STACK               startup_stm32f103xe.o


==============================================================================

Image component sizes


      Code (inc. data)   RO Data    RW Data    ZI Data      Debug   Object Name

       182         24          0          0          0       6037   bsp_driver_sd.o
       112         16     175304          0          0       2191   cc936.o
      1564        646          0          8         24     504474   control.o
       148         22          0          0          0       3285   diskio.o
        44          4          0          0          0        726   dma.o
        32         10          0          5          0       1416   fatfs.o
      6326         84         58          8         24      36820   ff.o
        70          4          0          0         12       1555   ff_gen_drv.o
       248         18          0          0          0        995   gpio.o
      1906        684          0        115      34716      14521   main.o
       264         34         20          1          0       4264   sd_diskio.o
       216         48          0          0        200       1587   sdio.o
        36          8        304          0       4096        792   startup_stm32f103xe.o
       164         28          0         12          0       3785   stm32f1xx_hal.o
       228         14          0          0          0      27249   stm32f1xx_hal_cortex.o
      1020         52          0          0          0       2839   stm32f1xx_hal_dma.o
       516         42          0          0          0       4024   stm32f1xx_hal_gpio.o
       144         10          0          0          0        902   stm32f1xx_hal_msp.o
      1296        104          0          0          0       5576   stm32f1xx_hal_rcc.o
      3010         14          0          0          0      15423   stm32f1xx_hal_sd.o
      1596         40          0          0          0      14586   stm32f1xx_hal_tim.o
        84          0          0          0          0       2310   stm32f1xx_hal_tim_ex.o
      1402         10          0          0          0       9059   stm32f1xx_hal_uart.o
       102         36          0          0          0       6321   stm32f1xx_it.o
      1630         42          0          0          0      20755   stm32f1xx_ll_sdmmc.o
         0          0          0          0          0        516   syscall.o
        72         16         24          4          0       1147   system_stm32f1xx.o
       376         66          0          0        128       2243   tim.o
      1028        214          0         26        201       4680   usart.o

    ----------------------------------------------------------------------
     23852       2290     175744        188      39404     700078   Object Totals
         0          0         32          0          0          0   (incl. Generated)
        36          0          2          9          3          0   (incl. Padding)

    ----------------------------------------------------------------------

      Code (inc. data)   RO Data    RW Data    ZI Data      Debug   Library Member Name

         0          0          0          0          0          0   entry.o
         0          0          0          0          0          0   entry10a.o
         0          0          0          0          0          0   entry11a.o
         8          4          0          0          0          0   entry2.o
         4          0          0          0          0          0   entry5.o
         0          0          0          0          0          0   entry7b.o
         0          0          0          0          0          0   entry8b.o
         8          4          0          0          0          0   entry9a.o
        30          0          0          0          0          0   handlers.o
        36          8          0          0          0         68   init.o
         0          0          0          0          0          0   iusefp.o
        30          0          0          0          0         68   llshl.o
        36          0          0          0          0         68   llsshr.o
        32          0          0          0          0         68   llushr.o
        36          0          0          0          0        108   memseta.o
      2226         90          0          0          0        444   printfa.o
        44          0          0          0          0         80   uidiv.o
        98          0          0          0          0         92   uldiv.o
        48          0          0          0          0         68   cdrcmple.o
        56          0          0          0          0         88   d2f.o
       334          0          0          0          0        148   dadd.o
       222          0          0          0          0        100   ddiv.o
       186          0          0          0          0        176   depilogue.o
        48          0          0          0          0         68   dfixul.o
        26          0          0          0          0         76   dfltui.o
       228          0          0          0          0         96   dmul.o
        38          0          0          0          0         68   f2d.o
       176          0          0          0          0        140   fadd.o
       124          0          0          0          0         88   fdiv.o
       110          0          0          0          0        168   fepilogue.o
        50          0          0          0          0         68   ffixi.o
        40          0          0          0          0         68   ffixui.o

    ----------------------------------------------------------------------
      4280        106          0          0          0       2416   Library Totals
         6          0          0          0          0          0   (incl. Padding)

    ----------------------------------------------------------------------

      Code (inc. data)   RO Data    RW Data    ZI Data      Debug   Library Name

      2588        106          0          0          0        996   mc_w.l
      1686          0          0          0          0       1420   mf_w.l

    ----------------------------------------------------------------------
      4280        106          0          0          0       2416   Library Totals

    ----------------------------------------------------------------------

==============================================================================


      Code (inc. data)   RO Data    RW Data    ZI Data      Debug   

     28132       2396     175744        188      39404     690582   Grand Totals
     28132       2396     175744        188      39404     690582   ELF Image Totals
     28132       2396     175744        188          0          0   ROM Totals

==============================================================================

    Total RO  Size (Code + RO Data)               203876 ( 199.10kB)
    Total RW  Size (RW Data + ZI Data)             39592 (  38.66kB)
    Total ROM Size (Code + RO Data + RW Data)     204064 ( 199.28kB)

==============================================================================

